******************************************************************************
                  TI ARM Linker PC v20.2.5                     
******************************************************************************
>> Linked Mon Apr 11 10:22:30 2022

OUTPUT FILE NAME:   <0_TCP_Latency.out>
ENTRY POINT SYMBOL: "_c_int00"  address: 20012769


MEMORY CONFIGURATION

         name            origin    length      used     unused   attr    fill
----------------------  --------  ---------  --------  --------  ----  --------
  SRAM0                 20000000   00004000  0000070c  000038f4  RW X
  SRAM                  20004000   0003c000  0001baac  00020554  RW X
  LOG_DATA              90000000   00040000  00000000  00040000  R   


SEGMENT ALLOCATION MAP

run origin  load origin   length   init length attrs members
----------  ----------- ---------- ----------- ----- -------
20000000    20000000    0000030c   00000000    rw-
  20000000    20000000    0000030c   00000000    rw- .vecs
20003c00    20003c00    00000400   00000000    rw-
  20003c00    20003c00    00000400   00000000    rw- .stack
20004000    20004000    00018f50   00010f4a    r-x
  20004000    20004000    0000030c   0000030c    r-- .resetVecs
  20004310    20004310    00010c3a   00010c3a    r-x .text
  20014f50    20014f50    00008000   00000000    r-- .priheap
2001d000    2001d000    000014c3   00000000    rw-
  2001d000    2001d000    000014c3   00000000    rw- .bss
2001e4c4    2001e4c4    00000ba8   00000ba8    r--
  2001e4c4    2001e4c4    00000ba8   00000ba8    r-- .const
2001f06c    2001f06c    0000080b   00000000    rw-
  2001f06c    2001f06c    0000080b   00000000    rw- .data
2001f878    2001f878    000002f0   000002f0    r--
  2001f878    2001f878    000002f0   000002f0    r-- .cinit


SECTION ALLOCATION MAP

 output                                  attributes/
section   page    origin      length       input sections
--------  ----  ----------  ----------   ----------------
.resetVecs 
*          0    20004000    0000030c     
                  20004000    0000030c     release_pem4.oem4 (.resetVecs)

.text      0    20004310    00010c3a     
                  20004310    00000a4e     rtsv7M4_T_le_eabi.lib : _printfi.c.obj (.text:__TI_printfi)
                  20004d5e    00000002     ti_drivers_config.obj (.text:Board_initHook)
                  20004d60    000008e8     simplelink.a : driver.obj (.text:_SlDrvMsgRead)
                  20005648    000004bc                  : sl_socket.obj (.text:_SlSocketHandleAsync_Select)
                  20005b04    00000004     dpl_cc32xx.a : ClockP_tirtos.oem4 (.text:ClockP_getCpuFreq)
                  20005b08    00000468     sysbios.aem4 : BIOS.obj (.text:xdc_runtime_System_doPrint__I)
                  20005f70    0000042c     driverlib.a : prcm.obj (.text:PRCMCC3200MCUInit)
                  2000639c    00000384     simplelink.a : driver.obj (.text:_SlDrvMsgWrite)
                  20006720    0000031c                  : driver.obj (.text:_SlDrvReleasePoolObj)
                  20006a3c    000002e0                  : driver.obj (.text:_SlDrvWaitForPoolObj)
                  20006d1c    000002d8                  : driver.obj (.text:_SlDrvRxHdrRead)
                  20006ff4    000002ac                  : sl_socket.obj (.text:sl_Select)
                  200072a0    00000284                  : wlan.obj (.text:sl_WlanConnect)
                  20007524    00000268     rtsv7M4_T_le_eabi.lib : _printfi.c.obj (.text:_pconv_a)
                  2000778c    0000025c     simplelink.a : driver.obj (.text:_SlDrvDataReadOp)
                  200079e8    00000254     platform.obj (.text:mainThread)
                  20007c3c    00000224     simplelink.a : driver.obj (.text:_SlDrvDriverCBInit)
                  20007e60    00000224     tcpHello.obj (.text:echoFxn)
                  20008084    00000218     simplelink.a : driver.obj (.text:_SlDrvDataWriteOp)
                  2000829c    0000020c     drivers_cc32xx.a : UARTCC32XXDMA.oem4 (.text:UARTCC32XXDMA_open)
                  200084a8    000001f4     simplelink.a : driver.obj (.text:_SlDrvMsgReadCmdCtx)
                  2000869c    000001f2                  : netapp.obj (.text:_SlNetAppEventHandler)
                  2000888e    00000002     display.a : DisplayUart.oem4 (.text:DisplayUartMin_clear)
                  20008890    000001e8     simplelink.a : netapp.obj (.text:sl_NetAppPing)
                  20008a78    000001e4     drivers_cc32xx.a : GPIOCC32XX.oem4 (.text:GPIO_setConfig)
                  20008c5c    000001e0     simplelink.a : device.obj (.text:sl_Stop)
                  20008e3c    000001d0     drivers_cc32xx.a : SPICC32XXDMA.oem4 (.text:SPICC32XXDMA_transfer)
                  2000900c    000001cc     rtsv7M4_T_le_eabi.lib : _printfi.c.obj (.text:_pconv_g)
                  200091d8    000001b8     drivers_cc32xx.a : SPICC32XXDMA.oem4 (.text:configDMA)
                  20009390    000001b6     rtsv7M4_T_le_eabi.lib : fd_add_t2.asm.obj (.text)
                  20009546    00000002     display.a : DisplayUart.oem4 (.text:DisplayUartMin_clearLines)
                  20009548    000001b4     simplelink.a : driver.obj (.text:_SlDrvReleaseAllActivePendingPoolObj)
                  200096fc    000001a8                  : sl_socket.obj (.text:sl_Accept)
                  200098a4    00000190                  : sl_socket.obj (.text:_SlDrvRegisterForSelectAsync)
                  20009a34    00000184                  : driver.obj (.text:_SlDrvFindAndSetActiveObj)
                  20009bb8    00000180     release_pem4.oem4 (.text:xdc_runtime_System_printfExtend__I)
                  20009d38    00000178     simplelink.a : sl_socket.obj (.text:sl_Connect)
                  20009eb0    00000174     platform.obj (.text:SimpleLinkNetAppEventHandler)
                  2000a024    00000170     simplelink.a : netapp.obj (.text:sl_NetAppDnsGetHostByName)
                  2000a194    0000015c     dpl_cc32xx.a : PowerCC32XX_tirtos.oem4 (.text:PowerCC32XX_sleepPolicy)
                  2000a2f0    00000158     drivers_cc32xx.a : SPICC32XXDMA.oem4 (.text:SPICC32XXDMA_open)
                  2000a448    00000154     simplelink.a : sl_socket.obj (.text:sl_RecvFrom)
                  2000a59c    00000148                  : sl_socket.obj (.text:_SlDrvGetNextTimeoutValue)
                  2000a6e4    00000148     drivers_cc32xx.a : PowerCC32XX.oem4 (.text:parkPins)
                  2000a82c    00000148     simplelink.a : sl_socket.obj (.text:sl_StartTLS)
                  2000a974    00000140                  : driver.obj (.text:_SlDrvMsgReadSpawnCtx)
                  2000aab4    0000013c     rtsv7M4_T_le_eabi.lib : _printfi.c.obj (.text:_pconv_e)
                  2000abf0    00000138     drivers_cc32xx.a : PowerCC32XX.oem4 (.text:Power_sleep)
                  2000ad28    00000138     simplelink.a : driver.obj (.text:_SlSpawnMsgListInsert)
                  2000ae60    00000136     rtsv7M4_T_le_eabi.lib : fd_div_t2.asm.obj (.text)
                  2000af96    00000002     display.a : DisplayUart.oem4 (.text:DisplayUartMin_init)
                  2000af98    00000134     simplelink.a : sl_socket.obj (.text:_SlSocketHandleAsync_StartTLS)
                  2000b0cc    00000130                  : driver.obj (.text:_SlDrvDriverCBDeinit)
                  2000b1fc    00000004     dpl_cc32xx.a : ClockP_tirtos.oem4 (.text:ClockP_setTimeout)
                  2000b200    00000130     sysbios.aem4 : BIOS.obj (.text:ti_sysbios_knl_Semaphore_pend__E)
                  2000b330    0000012c     slnetsock_release.a : errnoutil.oem4 (.text:ErrnoUtil_set)
                  2000b45c    00000128     simplelink.a : driver.obj (.text:_SlDrvClassifyRxMsg)
                  2000b584    00000124                  : fs.obj (.text:sl_FsOpen)
                  2000b6a8    00000120                  : driver.obj (.text:_SlDrvAsyncEventGenericHandler)
                  2000b7c8    00000120     rtsv7M4_T_le_eabi.lib : _printfi.c.obj (.text:fcvt)
                  2000b8e8    00000120     sysbios.aem4 : BIOS.obj (.text:xdc_runtime_Startup_startMods__I)
                  2000ba08    0000011c     simplelink.a : device.obj (.text:sl_Start)
                  2000bb24    00000118                  : netapp.obj (.text:_SlNetAppHandleAsync_DnsGetHostByService)
                  2000bc3c    00000004     dpl_cc32xx.a : ClockP_tirtos.oem4 (.text:ClockP_start)
                  2000bc40    00000110     sysbios.aem4 : BIOS.obj (.text:ti_sysbios_knl_Task_postInit__I)
                  2000bd50    00000104     simplelink.a : device.obj (.text:_SlDeviceEventHandler)
                  2000be54    00000104                  : driver.obj (.text:_SlDrvCmdOp)
                  2000bf58    00000104     sysbios.aem4 : BIOS.obj (.text:ti_sysbios_knl_Task_Instance_finalize__E)
                  2000c05c    00000100     simplelink.a : driver.obj (.text:_SlDrvObjGlobalLockWaitForever)
                  2000c15c    00000100                  : fs.obj (.text:sl_FsWrite)
                  2000c25c    000000fc     rtsv7M4_T_le_eabi.lib : fd_mul_t2.asm.obj (.text)
                  2000c358    000000f8     slnetifwifi.a : slnetifwifi.obj (.text:SlNetIfWifi_loadSecObj)
                  2000c450    000000f8     drivers_cc32xx.a : UARTCC32XXDMA.oem4 (.text:UARTCC32XXDMA_close)
                  2000c548    000000f8     simplelink.a : sl_socket.obj (.text:sl_Close)
                  2000c640    000000f4                  : sl_socket.obj (.text:sl_SendTo)
                  2000c734    000000f2     drivers_cc32xx.a : SPICC32XXDMA.oem4 (.text:SPICC32XXDMA_transferCancel)
                  2000c826    00000002                      : UARTCC32XXDMA.oem4 (.text:UARTCC32XXDMA_init)
                  2000c828    000000f0     sysbios.aem4 : BIOS.obj (.text:pthread_create)
                  2000c918    000000e8     drivers_cc32xx.a : UARTCC32XXDMA.oem4 (.text:initHw)
                  2000ca00    000000e8     sysbios.aem4 : BIOS.obj (.text:ti_sysbios_knl_Task_Instance_init__E)
                  2000cae8    000000e4     slnetsock_release.a : slnetif.oem4 (.text:SlNetIf_add)
                  2000cbcc    00000004     dpl_cc32xx.a : ClockP_tirtos.oem4 (.text:ClockP_stop)
                  2000cbd0    000000e4     sysbios.aem4 : BIOS.obj (.text:clock_gettime)
                  2000ccb4    000000d8     drivers_cc32xx.a : SPICC32XXDMA.oem4 (.text:SPICC32XXDMA_close)
                  2000cd8c    000000d8     simplelink.a : device.obj (.text:_SlDeviceHandleAsync_InitComplete)
                  2000ce64    000000d8                  : driver.obj (.text:_SlDrvWaitForInternalAsyncEvent)
                  2000cf3c    000000d8                  : netapp.obj (.text:_SlNetAppHandleAsync_NetAppReceive)
                  2000d014    00000004     dpl_cc32xx.a : HwiP_tirtos.oem4 (.text:HwiP_clearInterrupt)
                  2000d018    000000d4     sysbios.aem4 : BIOS.obj (.text:ti_sysbios_heaps_HeapMem_alloc__E)
                  2000d0ec    000000d0     simplelink.a : driver.obj (.text:_SlDrvRemoveFromList)
                  2000d1bc    000000d0     rtsv7M4_T_le_eabi.lib : s_scalbn.c.obj (.text:scalbn)
                  2000d28c    000000cc     sysbios.aem4 : m3_Hwi_asm.obj (.text:ti_sysbios_family_arm_m3_Hwi_dispatch__I)
                  2000d358    000000c8     drivers_cc32xx.a : SPICC32XXDMA.oem4 (.text:spiHwiFxn)
                  2000d420    000000c4                      : GPIOCC32XX.oem4 (.text:GPIO_init)
                  2000d4e4    00000004     dpl_cc32xx.a : HwiP_tirtos.oem4 (.text:HwiP_disable)
                  2000d4e8    000000c4     sysbios.aem4 : BIOS.obj (.text:ti_sysbios_knl_Task_sleep__E)
                  2000d5ac    000000c0     simplelink.a : cc_pal.obj (.text:NwpPowerOff)
                  2000d66c    000000c0     drivers_cc32xx.a : PowerCC32XX.oem4 (.text:restoreParkedPins)
                  2000d72c    000000c0     simplelink.a : netcfg.obj (.text:sl_NetCfgGet)
                  2000d7ec    000000bc     platform.obj (.text:Connect)
                  2000d8a8    000000bc     simplelink.a : netapp.obj (.text:_SlNetAppSendResponse)
                  2000d964    000000bc                  : sl_socket.obj (.text:sl_Send)
                  2000da20    000000bc     sysbios.aem4 : BIOS.obj (.text:xdc_runtime_Core_createObject__I)
                  2000dadc    000000b8     drivers_cc32xx.a : UARTCC32XXDMA.oem4 (.text:UARTCC32XXDMA_configDMA)
                  2000db94    000000b8     simplelink.a : netapp.obj (.text:_SlNetAppHandleAsync_DnsGetHostByName)
                  2000dc4c    000000b8                  : netapp.obj (.text:_SlNetAppHandleAsync_PingResponse)
                  2000dd04    000000b8                  : wlan.obj (.text:sl_WlanGet)
                  2000ddbc    00000004     dpl_cc32xx.a : HwiP_tirtos.oem4 (.text:HwiP_disableInterrupt)
                  2000ddc0    000000b8     sysbios.aem4 : BIOS.obj (.text:ti_sysbios_family_arm_m3_Hwi_Instance_init__E)
                  2000de78    000000b4     drivers_cc32xx.a : UARTCC32XXDMA.oem4 (.text:UARTCC32XXDMA_hwiIntFxn)
                  2000df2c    000000b4     simplelink.a : driver.obj (.text:_SlDrvHandleFatalError)
                  2000dfe0    000000b4                  : netutil.obj (.text:_SlNetUtilHandleAsync_Cmd)
                  2000e094    000000b4                  : sl_socket.obj (.text:sl_GetSockOpt)
                  2000e148    000000b2     slnetifwifi.a : slnetifwifi.obj (.text:matchModeByRole)
                  2000e1fa    00000002     rtsv7M4_T_le_eabi.lib : _lock.c.obj (.text:_nop)
                  2000e1fc    000000b1                           : _printfi.c.obj (.text:_ltostr)
                  2000e2ad    00000001     --HOLE-- [fill = 0]
                  2000e2ae    00000002                           : div0.asm.obj (.text)
                  2000e2b0    000000b0     slnetifwifi.a : slnetifwifi.obj (.text:SlNetIfWifi_getSockOpt)
                  2000e360    000000ac     simplelink.a : sl_socket.obj (.text:_SlSocketHandleAsync_Close)
                  2000e40c    000000ac                  : sl_socket.obj (.text:_SlSocketHandleAsync_Connect)
                  2000e4b8    000000a8     driverlib.a : prcm.obj (.text:PRCMPeripheralClockGet)
                  2000e560    000000a8     drivers_cc32xx.a : PowerCC32XX.oem4 (.text:PowerCC32XX_configureWakeup)
                  2000e608    000000a8     simplelink.a : fs.obj (.text:sl_FsClose)
                  2000e6b0    000000a6                  : driver.obj (.text:_SlDrvIsTimeoutExpired)
                  2000e756    00000002     release_pem4.oem4 (.text:ti_sysbios_BIOS_nullFunc__I)
                  2000e758    000000a4     simplelink.a : sl_socket.obj (.text:sl_Bind)
                  2000e7fc    00000004     dpl_cc32xx.a : HwiP_tirtos.oem4 (.text:HwiP_enableInterrupt)
                  2000e800    000000a4     sysbios.aem4 : BIOS.obj (.text:ti_sysbios_knl_Task_setPri__E)
                  2000e8a4    000000a0     simplelink.a : fs.obj (.text:FsGetCreateFsMode)
                  2000e944    000000a0                  : sl_socket.obj (.text:_SlDrvUnRegisterForSelectAsync)
                  2000e9e4    000000a0                  : driver.obj (.text:_SlSpawnMsgListProcess)
                  2000ea84    000000a0     auto_init.aem4 : auto_init.oem4 (.text)
                  2000eb24    0000009e     simplelink.a : cc_pal.obj (.text:spi_Read)
                  2000ebc2    0000009e                  : cc_pal.obj (.text:spi_Write)
                  2000ec60    0000009c     sysbios.aem4 : BIOS.obj (.text:_pthread_removeThreadKeys)
                  2000ecfc    0000009c     rtsv7M4_T_le_eabi.lib : memcpy_t2.asm.obj (.text)
                  2000ed98    00000098     drivers_cc32xx.a : GPIOCC32XX.oem4 (.text:powerNotifyFxn)
                  2000ee30    00000096     rtsv7M4_T_le_eabi.lib : ull_div_t2.asm.obj (.text)
                  2000eec6    00000002     release_pem4.oem4 (.text:xdc_runtime_Startup_reset__I)
                  2000eec8    00000094     simplelink.a : cc_pal.obj (.text:Semaphore_pend_handle)
                  2000ef5c    00000094     drivers_cc32xx.a : SPICC32XXDMA.oem4 (.text:initHw)
                  2000eff0    00000094     sysbios.aem4 : BIOS.obj (.text:ti_sysbios_knl_Task_exit__E)
                  2000f084    00000092     slnetsock_release.a : slnetsock.oem4 (.text:SlNetSock_create)
                  2000f116    00000002     --HOLE-- [fill = 0]
                  2000f118    00000090                         : slnetsock.oem4 (.text:SlNetSock_getVirtualSdConf)
                  2000f1a8    00000090     simplelink.a : device.obj (.text:_SlDeviceHandleAsync_Stop)
                  2000f238    00000090                  : sl_socket.obj (.text:_SlSocketHandleAsync_Accept)
                  2000f2c8    00000090     drivers_cc32xx.a : PowerCC32XX.oem4 (.text:restoreNVICRegs)
                  2000f358    00000090     sysbios.aem4 : BIOS.obj (.text:ti_sysbios_knl_Task_Module_startup__E)
                  2000f3e8    0000008c     slnetsock_release.a : slnetsock.oem4 (.text:SlNetSock_accept)
                  2000f474    0000008c     drivers_cc32xx.a : UARTCC32XXDMA.oem4 (.text:UARTCC32XXDMA_write)
                  2000f500    0000008c     simplelink.a : driver.obj (.text:_SlDrvDriverIsApiAllowed)
                  2000f58c    0000008c                  : driver.obj (.text:_SlDrvProtectAsyncRespSetting)
                  2000f618    0000008c                  : sl_socket.obj (.text:sl_Recv)
                  2000f6a4    00000004     drivers_cc32xx.a : SPICC32XXDMA.oem4 (.text:SPICC32XXDMA_init)
                  2000f6a8    0000008c     sysbios.aem4 : BIOS.obj (.text:xdc_runtime_Memory_alloc__E)
                  2000f734    00000088     driverlib.a : pin.obj (.text:PinConfigSet)
                  2000f7bc    00000088     simplelink.a : eventreg.obj (.text:sl_UnregisterLibsEventHandler)
                  2000f844    00000004     dpl_cc32xx.a : SemaphoreP_tirtos.oem4 (.text:SemaphoreP_post)
                  2000f848    00000088     sysbios.aem4 : BIOS.obj (.text:ti_sysbios_family_arm_m3_Hwi_initNVIC__E)
                  2000f8d0    00000088                  : BIOS.obj (.text:ti_sysbios_knl_Mailbox_post__E)
                  2000f958    00000086     rtsv7M4_T_le_eabi.lib : fd_cmp_t2.asm.obj (.text:__aeabi_cdcmple)
                  2000f9de    00000086                           : fd_cmp_t2.asm.obj (.text:__aeabi_cdrcmple)
                  2000fa64    00000004     slnetsock_release.a : slnetutils.oem4 (.text:SlNetUtil_init)
                  2000fa68    00000086     sysbios.aem4 : BIOS.obj (.text:xdc_runtime_Core_constructObject__I)
                  2000faee    00000002     --HOLE-- [fill = 0]
                  2000faf0    00000084     drivers_cc32xx.a : PowerCC32XX.oem4 (.text:Power_init)
                  2000fb74    00000084     slnetifwifi.a : slnetifwifi.obj (.text:SlNetIfWifi_sockstartSec)
                  2000fbf8    00000084     drivers_cc32xx.a : PowerCC32XX.oem4 (.text:saveNVICRegs)
                  2000fc7c    00000084     simplelink.a : sl_socket.obj (.text:sl_SetSockOpt)
                  2000fd00    00000084     sysbios.aem4 : BIOS.obj (.text:ti_sysbios_family_arm_m3_Hwi_postInit__I)
                  2000fd84    00000004     dpl_cc32xx.a : SystemP_tirtos.oem4 (.text:SystemP_vsnprintf)
                  2000fd88    00000084     sysbios.aem4 : BIOS.obj (.text:ti_sysbios_heaps_HeapMem_free__E)
                  2000fe0c    00000080     drivers_cc32xx.a : PowerCC32XX.oem4 (.text:Power_setDependency)
                  2000fe8c    00000080     slnetifwifi.a : slwificonn.obj (.text:SignalEvent)
                  2000ff0c    00000080     drivers_cc32xx.a : UARTCC32XXDMA.oem4 (.text:UARTCC32XXDMA_read)
                  2000ff8c    00000004     release_pem4.oem4 (.text:ti_sysbios_BIOS_RtsGateProxy_enter__E)
                  2000ff90    00000080     sysbios.aem4 : BIOS.obj (.text:ti_sysbios_knl_Clock_workFunc__E)
                  20010010    0000007c     drivers_cc32xx.a : UDMACC32XX.oem4 (.text:UDMACC32XX_open)
                  2001008c    00000004     release_pem4.oem4 (.text:ti_sysbios_BIOS_RtsGateProxy_leave__E)
                  20010090    0000007c     sysbios.aem4 : BIOS.obj (.text:_pthread_abstime2ticks)
                  2001010c    0000007a     drivers_cc32xx.a : UARTCC32XXDMA.oem4 (.text:UARTCC32XXDMA_readPolling)
                  20010186    0000007a     rtsv7M4_T_le_eabi.lib : memset_t2.asm.obj (.text)
                  20010200    00000078     drivers_cc32xx.a : GPIOCC32XX.oem4 (.text:GPIO_hwiIntFxn)
                  20010278    00000078     simplelink.a : sl_socket.obj (.text:sl_Socket)
                  200102f0    00000075     sysbios.aem4 : BIOS.obj (.text:xdc_runtime_System_formatNum__I)
                  20010365    00000003     --HOLE-- [fill = 0]
                  20010368    00000074     slnetsock_release.a : slnetsock.oem4 (.text:SlNetSock_AllocVirtualSocket)
                  200103dc    00000004     release_pem4.oem4 (.text:ti_sysbios_family_arm_m3_Hwi_delete)
                  200103e0    00000074     sysbios.aem4 : BIOS.obj (.text:xdc_runtime_Core_deleteObject__I)
                  20010454    00000070     simplelink.a : driver.obj (.text:_SlDrvCmdSend_noLock)
                  200104c4    00000004     release_pem4.oem4 (.text:ti_sysbios_family_arm_m3_TaskSupport_Module__startupDone__S)
                  200104c8    00000070     sysbios.aem4 : BIOS.obj (.text:acquireMutexNone$47)
                  20010538    00000070                  : BIOS.obj (.text:ti_sysbios_heaps_HeapMem_initPrimary__I)
                  200105a8    0000006e     rtsv7M4_T_le_eabi.lib : _printfi.c.obj (.text:_mcpy)
                  20010616    0000006c     slnetifwifi.a : slnetifwifi.obj (.text:SlNetIfWifi_ping)
                  20010682    00000002     --HOLE-- [fill = 0]
                  20010684    0000006c     simplelink.a : device.obj (.text:_SlDeviceHandleResetRequestInternally)
                  200106f0    0000006c                  : sl_socket.obj (.text:_SlDrvOpenCtrlSocket)
                  2001075c    0000006c                  : netapp.obj (.text:_SlNetAppSendTokenValue)
                  200107c8    0000006c     sysbios.aem4 : BIOS.obj (.text:ti_sysbios_knl_Swi_restoreHwi__E)
                  20010834    00000068     simplelink.a : driver.obj (.text:_SlSpawnMsgListGetCount)
                  2001089c    00000068     rtsv7M4_T_le_eabi.lib : copy_decompress_lzss.c.obj (.text:decompress:lzss:__TI_decompress_lzss)
                  20010904    00000068     main_tirtos.obj (.text:main)
                  2001096c    00000004     release_pem4.oem4 (.text:ti_sysbios_heaps_HeapMem_Module_GateProxy_enter__E)
                  20010970    00000068     sysbios.aem4 : BIOS.obj (.text:pthread_exit)
                  200109d8    00000068     simplelink.a : cc_pal.obj (.text:spi_Open)
                  20010a40    00000068     sysbios.aem4 : BIOS.obj (.text:ti_sysbios_family_arm_cc32xx_Seconds_getTime__E)
                  20010aa8    00000064     drivers_cc32xx.a : GPIOCC32XX.oem4 (.text:GPIO_toggle)
                  20010b0c    00000064                      : PowerCC32XX.oem4 (.text:PowerCC32XX_setParkState)
                  20010b70    00000064     sysbios.aem4 : BIOS.obj (.text:ti_sysbios_family_arm_m3_Hwi_dispatchC__I)
                  20010bd4    00000060     driverlib.a : prcm.obj (.text:PRCMSysResetCauseGet)
                  20010c34    00000060     drivers_cc32xx.a : UARTCC32XXDMA.oem4 (.text:UARTCC32XXDMA_control)
                  20010c94    00000004     release_pem4.oem4 (.text:ti_sysbios_heaps_HeapMem_Module_GateProxy_leave__E)
                  20010c98    00000060     sysbios.aem4 : BIOS.obj (.text:ti_sysbios_knl_Semaphore_post__E)
                  20010cf8    00000060                  : BIOS.obj (.text:ti_sysbios_knl_Swi_run__I)
                  20010d58    0000005e     slnetifwifi.a : slnetifwifi.obj (.text:SlNetIfWifi_setSockOpt)
                  20010db6    00000002     --HOLE-- [fill = 0]
                  20010db8    0000005c     display.a : Display.oem4 (.text:Display_doOpen)
                  20010e14    0000005c     drivers_cc32xx.a : GPIOCC32XX.oem4 (.text:GPIO_setCallback)
                  20010e70    0000005c     slnetifwifi.a : slwificonn.obj (.text:SlWifiConn_enable)
                  20010ecc    0000005c     simplelink.a : spawn.obj (.text:_SlInternalSpawn)
                  20010f28    0000005c     rtsv7M4_T_le_eabi.lib : s_frexp.c.obj (.text:frexp)
                  20010f84    00000004     release_pem4.oem4 (.text:ti_sysbios_knl_Clock_TimerProxy_getMaxTicks__E)
                  20010f88    0000005c     sysbios.aem4 : BIOS.obj (.text:ti_sysbios_family_arm_m3_Timer_start__E)
                  20010fe4    00000004     release_pem4.oem4 (.text:ti_sysbios_knl_Clock_TimerProxy_setPeriodMicroSecs__E)
                  20010fe8    0000005c     sysbios.aem4 : BIOS.obj (.text:ti_sysbios_knl_Swi_schedule__I)
                  20011044    00000004     release_pem4.oem4 (.text:ti_sysbios_knl_Clock_TimerProxy_start__E)
                  20011048    0000005c     sysbios.aem4 : BIOS.obj (.text:ti_sysbios_knl_Task_startCore__E)
                  200110a4    00000004     release_pem4.oem4 (.text:ti_sysbios_knl_Clock_TimerProxy_stop__E)
                  200110a8    0000005c     sysbios.aem4 : BIOS.obj (.text:xdc_runtime_Startup_exec__E)
                  20011104    00000058     driverlib.a : prcm.obj (.text:PRCMPeripheralReset)
                  2001115c    00000058     drivers_cc32xx.a : PowerCC32XX.oem4 (.text:Power_releaseDependency)
                  200111b4    00000058     slnetsock_release.a : slnetsock.oem4 (.text:SlNetSock_send)
                  2001120c    00000058     simplelink.a : sl_socket.obj (.text:_SlDrvClearCtrlSocket)
                  20011264    00000058                  : driver.obj (.text:_SlFindAndReleasePendingCmd)
                  200112bc    00000058                  : sl_socket.obj (.text:sl_Listen)
                  20011314    00000058                  : eventreg.obj (.text:sl_RegisterLibsEventHandler)
                  2001136c    00000058     ti_net_config.obj (.text:ti_net_SlNet_initConfig)
                  200113c4    00000004     release_pem4.oem4 (.text:ti_sysbios_knl_Clock_delete)
                  200113c8    00000058     sysbios.aem4 : BIOS.obj (.text:ti_sysbios_family_arm_cc32xx_Seconds_getCount__I)
                  20011420    00000056     rtsv7M4_T_le_eabi.lib : _printfi.c.obj (.text:_pconv_f)
                  20011476    00000002     --HOLE-- [fill = 0]
                  20011478    00000054     simplelink.a : driver.obj (.text:_SlDrvRxIrqHandler)
                  200114cc    00000054     rtsv7M4_T_le_eabi.lib : _ltoa.c.obj (.text:__TI_ltoa)
                  20011520    00000054     release_pem4.oem4 (.text:ti_sysbios_family_arm_m3_Hwi_create)
                  20011574    00000052     drivers_cc32xx.a : PowerCC32XX_asm.oem4 (.text:PowerCC32XX_resumeLPDS)
                  200115c6    00000052     rtsv7M4_T_le_eabi.lib : _printfi.c.obj (.text:_ecpy)
                  20011618    00000050     simplelink.a : cc_pal.obj (.text:NwpRegisterInterruptHandler)
                  20011668    00000050     slnetsock_release.a : slnetif.oem4 (.text:SlNetIf_queryIf)
                  200116b8    00000050     drivers_cc32xx.a : UARTCC32XXDMA.oem4 (.text:UARTCC32XXDMA_writePolling)
                  20011708    00000050     simplelink.a : sl_socket.obj (.text:_SlDrvCloseCtrlSocket)
                  20011758    00000050                  : driver.obj (.text:_SlDrvCmdSend_noWait)
                  200117a8    00000050                  : driver.obj (.text:_SlDrvUpdateApiInProgress)
                  200117f8    00000050                  : spawn.obj (.text:_SlInternalSpawnTaskEntry)
                  20011848    00000050                  : eventreg.obj (.text:_SlNetAppHttpServerHdlr)
                  20011898    00000050                  : eventreg.obj (.text:_SlNetAppRequestHdlr)
                  200118e8    00000050     sysbios.aem4 : BIOS.obj (.text:mq_send)
                  20011938    00000050                  : BIOS.obj (.text:ti_sysbios_family_arm_m3_Hwi_Module_startup__E)
                  20011988    00000050                  : BIOS.obj (.text:ti_sysbios_family_arm_m3_Timer_setPeriod__E)
                  200119d8    00000050     release_pem4.oem4 (.text:ti_sysbios_knl_Task_create)
                  20011a28    0000004e     drivers_cc32xx.a : UARTCC32XXDMA.oem4 (.text:writeCancel)
                  20011a76    00000002     --HOLE-- [fill = 0]
                  20011a78    0000004c                      : GPIOCC32XX.oem4 (.text:GPIO_enableInt)
                  20011ac4    0000004c     simplelink.a : cc_pal.obj (.text:NwpWaitForShutDownInd)
                  20011b10    0000004c     drivers_cc32xx.a : PowerCC32XX.oem4 (.text:PowerCC32XX_parkPin)
                  20011b5c    0000004c     slnetifwifi.a : slnetifwifi.obj (.text:SlNetIfWifi_getConnectionStatus)
                  20011ba8    0000004c                   : slnetifwifi.obj (.text:SlNetIfWifi_getIPAddr)
                  20011bf4    0000004c     slnetsock_release.a : slnetsock.oem4 (.text:SlNetSock_freeVirtualSocket)
                  20011c40    0000004c     slnetifwifi.a : slwificonn.obj (.text:SlWifiConn_disable)
                  20011c8c    0000004c     rtsv7M4_T_le_eabi.lib : atoi.c.obj (.text:atoi)
                  20011cd8    0000004c                           : cpy_tbl.c.obj (.text:copy_in)
                  20011d24    0000004c     platform.obj (.text:printError)
                  20011d70    0000004c     drivers_cc32xx.a : PowerCC32XX.oem4 (.text:restorePeriphClocks)
                  20011dbc    0000004c     simplelink.a : wlan.obj (.text:sl_WlanSetMode)
                  20011e08    0000004c     sysbios.aem4 : m3_TaskSupport_asm.obj (.text:ti_sysbios_family_arm_m3_TaskSupport_buildTaskStack)
                  20011e54    00000004     release_pem4.oem4 (.text:ti_sysbios_knl_Semaphore_delete)
                  20011e58    0000004c     sysbios.aem4 : BIOS.obj (.text:ti_sysbios_heaps_HeapMem_getStats__E)
                  20011ea4    00000004     release_pem4.oem4 (.text:ti_sysbios_knl_Task_delete)
                  20011ea8    0000004c     sysbios.aem4 : BIOS.obj (.text:ti_sysbios_knl_Swi_runLoop__I)
                  20011ef4    00000004     release_pem4.oem4 (.text:xdc_runtime_System_Module_GateProxy_enter__E)
                  20011ef8    0000004c     sysbios.aem4 : BIOS.obj (.text:ti_sysbios_knl_Task_allBlockedFunction__I)
                  20011f44    00000004     release_pem4.oem4 (.text:xdc_runtime_System_Module_GateProxy_leave__E)
                  20011f48    0000004c     sysbios.aem4 : BIOS.obj (.text:ti_sysbios_knl_Task_schedule__I)
                  20011f94    0000004a     display.a : DisplayUart.oem4 (.text:DisplayUartMin_open)
                  20011fde    0000004a     drivers_cc32xx.a : UARTCC32XXDMA.oem4 (.text:readCancel)
                  20012028    00000048     driverlib.a : flash.obj (.text:FlashDisable)
                  20012070    00000048                 : prcm.obj (.text:PRCMLPDSEnter)
                  200120b8    00000048                 : prcm.obj (.text:PRCMPeripheralClkEnable)
                  20012100    00000048     drivers_cc32xx.a : PowerCC32XX.oem4 (.text:Power_releaseConstraint)
                  20012148    00000048     slnetsock_release.a : slnetsock.oem4 (.text:SlNetSock_init)
                  20012190    00000048                         : slnetsock.oem4 (.text:SlNetSock_setOpt)
                  200121d8    00000048     simplelink.a : eventreg.obj (.text:_SlDeviceFatalErrorEvtHdlr)
                  20012220    00000048                  : eventreg.obj (.text:_SlDeviceGeneralEvtHdlr)
                  20012268    00000048                  : driver.obj (.text:_SlDrvSyncObjWaitTimeout)
                  200122b0    00000048                  : eventreg.obj (.text:_SlNetAppEvtHdlr)
                  200122f8    00000048                  : eventreg.obj (.text:_SlNetAppRequestMemFree)
                  20012340    00000048                  : eventreg.obj (.text:_SlSockEvtHdlr)
                  20012388    00000048                  : eventreg.obj (.text:_SlWlanEvtHdlr)
                  200123d0    00000048     sysbios.aem4 : BIOS.obj (.text:pthread_mutex_init)
                  20012418    00000048     rtsv7M4_T_le_eabi.lib : fd_toi_t2.asm.obj (.text)
                  20012460    00000048     sysbios.aem4 : BIOS.obj (.text:ti_sysbios_family_arm_m3_Hwi_disableInterrupt__E)
                  200124a8    00000048                  : BIOS.obj (.text:ti_sysbios_family_arm_m3_Hwi_enableInterrupt__E)
                  200124f0    00000048                  : m3_Hwi_asm_switch.obj (.text:ti_sysbios_family_arm_m3_Hwi_initStacks__E)
                  20012538    00000048                  : BIOS.obj (.text:ti_sysbios_family_arm_m3_Timer_initDevice__I)
                  20012580    00000048                  : BIOS.obj (.text:ti_sysbios_knl_Mailbox_Module_startup__E)
                  200125c8    00000048                  : BIOS.obj (.text:xdc_runtime_Core_assignParams__I)
                  20012610    00000046     display.a : DisplayUart.oem4 (.text:DisplayUartMin_vprintf)
                  20012656    00000002     --HOLE-- [fill = 0]
                  20012658    00000044     driverlib.a : prcm.obj (.text:PRCMLPDSRestoreInfoSet)
                  2001269c    00000044     drivers_cc32xx.a : PowerCC32XX_asm.oem4 (.text:PowerCC32XX_enterLPDS)
                  200126e0    00000044                      : SPI.oem4 (.text:SPI_init)
                  20012724    00000044                      : UART.oem4 (.text:UART_init)
                  20012768    00000044     boot.aem4 : boot.oem4 (.text)
                  200127ac    00000044     rtsv7M4_T_le_eabi.lib : fd_tou_t2.asm.obj (.text)
                  200127f0    00000044     sysbios.aem4 : BIOS.obj (.text:ti_sysbios_family_arm_m3_Hwi_getStackInfo__E)
                  20012834    00000004     --HOLE-- [fill = 0]
                  20012838    00000044                  : BIOS.obj (.text:ti_sysbios_knl_Mailbox_postInit__I)
                  2001287c    00000004     --HOLE-- [fill = 0]
                  20012880    00000044                  : BIOS.obj (.text:ti_sysbios_knl_Swi_post__E)
                  200128c4    00000004     --HOLE-- [fill = 0]
                  200128c8    00000044                  : BIOS.obj (.text:xdc_runtime_System_atexit__E)
                  2001290c    00000040     dpl_cc32xx.a : ClockP_tirtos.oem4 (.text:ClockP_create)
                  2001294c    00000040     simplelink.a : sl_socket.obj (.text:CountSetBits)
                  2001298c    00000040     dpl_cc32xx.a : HwiP_tirtos.oem4 (.text:HwiP_create)
                  200129cc    00000040     driverlib.a : pin.obj (.text:PinModeSet)
                  20012a0c    00000040     drivers_cc32xx.a : SPI.oem4 (.text:SPI_open)
                  20012a4c    00000040     slnetsock_release.a : slnetif.oem4 (.text:SlNetIf_configCheck)
                  20012a8c    00000040                         : slnetsock.oem4 (.text:SlNetSock_bind)
                  20012acc    00000040     drivers_cc32xx.a : UART.oem4 (.text:UART_open)
                  20012b0c    00000040                      : UDMACC32XX.oem4 (.text:UDMACC32XX_init)
                  20012b4c    00000040     simplelink.a : driver.obj (.text:_SlDrvGlobalObjUnLock)
                  20012b8c    00000040                  : spawn.obj (.text:_SlInternalSpawnWaitForEvent)
                  20012bcc    00000040                  : eventreg.obj (.text:_SlIsEventRegistered)
                  20012c0c    00000040     rtsv7M4_T_le_eabi.lib : u_divt2.asm.obj (.text)
                  20012c4c    00000040                           : sprintf.c.obj (.text:sprintf)
                  20012c8c    00000004     --HOLE-- [fill = 0]
                  20012c90    00000040     sysbios.aem4 : BIOS.obj (.text:ti_sysbios_heaps_HeapMem_Instance_init__E)
                  20012cd0    00000040                  : BIOS.obj (.text:ti_sysbios_knl_Clock_Instance_init__E)
                  20012d10    0000003e     slnetsock_release.a : slnetsock.oem4 (.text:SlNetSock_close)
                  20012d4e    0000003e     simplelink.a : sl_socket.obj (.text:_SlSocketBuildAddress)
                  20012d8c    0000003e     rtsv7M4_T_le_eabi.lib : _printfi.c.obj (.text:_fcpy)
                  20012dca    00000006     display.a : DisplayUart.oem4 (.text:DisplayUartMin_control)
                  20012dd0    0000003e     sysbios.aem4 : BIOS.obj (.text:sem_timedwait)
                  20012e0e    00000002     --HOLE-- [fill = 0]
                  20012e10    0000003c     drivers_cc32xx.a : PowerCC32XX.oem4 (.text:Power_setConstraint)
                  20012e4c    0000003c     dpl_cc32xx.a : SemaphoreP_tirtos.oem4 (.text:SemaphoreP_create)
                  20012e88    0000003c     simplelink.a : netapp.obj (.text:_SlNetAppCopyPingResultsToReport)
                  20012ec4    00000004     --HOLE-- [fill = 0]
                  20012ec8    0000003c     sysbios.aem4 : BIOS.obj (.text:pthread_mutex_unlock)
                  20012f04    00000004     --HOLE-- [fill = 0]
                  20012f08    0000003c                  : BIOS.obj (.text:ti_sysbios_family_arm_m3_Hwi_Instance_finalize__E)
                  20012f44    00000004     --HOLE-- [fill = 0]
                  20012f48    0000003c                  : BIOS.obj (.text:ti_sysbios_family_arm_m3_Timer_setPeriodMicroSecs__E)
                  20012f84    0000003c     release_pem4.oem4 (.text:ti_sysbios_knl_Clock_create)
                  20012fc0    0000003c     sysbios.aem4 : BIOS.obj (.text:ti_sysbios_knl_Clock_walkQueuePeriodic__E)
                  20012ffc    00000004     --HOLE-- [fill = 0]
                  20013000    0000003c                  : BIOS.obj (.text:ti_sysbios_knl_Swi_restore__E)
                  2001303c    0000003c     simplelink.a : sl_socket.obj (.text:to_mSec)
                  20013078    0000003c     sysbios.aem4 : BIOS.obj (.text:usleep)
                  200130b4    00000004     --HOLE-- [fill = 0]
                  200130b8    0000003c                  : BIOS.obj (.text:xdc_runtime_System_processAtExit__E)
                  200130f4    0000003a     dpl_cc32xx.a : PowerCC32XX_tirtos.oem4 (.text:getCountsRTC)
                  2001312e    00000002     --HOLE-- [fill = 0]
                  20013130    00000038     driverlib.a : prcm.obj (.text:PRCMLPDSEnterKeepDebugIf)
                  20013168    00000038     slnetifwifi.a : slnetifwifi.obj (.text:SlNetIfWifi_recvFrom)
                  200131a0    00000038                   : slnetifwifi.obj (.text:SlNetIfWifi_sendTo)
                  200131d8    00000038                   : slnetifwifi.obj (.text:SlNetIfWifi_socket)
                  20013210    00000038     slnetsock_release.a : slnetsock.oem4 (.text:SlNetSock_listen)
                  20013248    00000038                         : slnetutils.oem4 (.text:SlNetUtil_htonl)
                  20013280    00000038     drivers_cc32xx.a : PowerCC32XX.oem4 (.text:notify)
                  200132b8    00000038     rtsv7M4_T_le_eabi.lib : fs_tod_t2.asm.obj (.text)
                  200132f0    00000038     drivers_cc32xx.a : UARTCC32XXDMA.oem4 (.text:startTxFifoEmptyClk)
                  20013328    00000038     sysbios.aem4 : BIOS.obj (.text:ti_sysbios_knl_Task_processVitalTaskFlag__I)
                  20013360    00000036     slnetifwifi.a : slnetifwifi.obj (.text:SlNetIfWifi_getHostByName)
                  20013396    00000036                   : slnetifwifi.obj (.text:SlNetIfWifi_select)
                  200133cc    00000034     driverlib.a : pin.obj (.text:PinModeGet)
                  20013400    00000034     drivers_cc32xx.a : PowerCC32XX.oem4 (.text:PowerCC32XX_restoreParkState)
                  20013434    00000034     slnetifwifi.a : slnetifwifi.obj (.text:SlNetIfWifi_CreateContext)
                  20013468    00000034     slnetsock_release.a : slnetif.oem4 (.text:SlNetIf_init)
                  2001349c    00000034                         : slnetutils.oem4 (.text:SlNetUtil_htons)
                  200134d0    00000034     drivers_cc32xx.a : UDMACC32XX.oem4 (.text:UDMACC32XX_close)
                  20013504    00000004     --HOLE-- [fill = 0]
                  20013508    00000034     sysbios.aem4 : BIOS.obj (.text:ti_sysbios_family_arm_m3_Timer_periodicStub__I)
                  2001353c    00000034     release_pem4.oem4 (.text:ti_sysbios_knl_Semaphore_create)
                  20013570    00000034     drivers_cc32xx.a : UARTCC32XXDMA.oem4 (.text:writeFinishedDoCallback)
                  200135a4    00000004     --HOLE-- [fill = 0]
                  200135a8    00000032     sysbios.aem4 : BIOS.obj (.text:ti_sysbios_hal_Hwi_initStack)
                  200135da    00000006     display.a : DisplayUart.oem4 (.text:DisplayUartMin_getType)
                  200135e0    00000032     sysbios.aem4 : BIOS.obj (.text:xdc_runtime_System_putchar__I)
                  20013612    00000030     drivers_cc32xx.a : PowerCC32XX.oem4 (.text:PowerCC32XX_restoreParkedPin)
                  20013642    00000030     simplelink.a : fs.obj (.text:_SlFsStrlen)
                  20013672    00000006     slnetifwifi.a : slwificonn.obj (.text:DummyPrintf)
                  20013678    00000030     sysbios.aem4 : BIOS.obj (.text:getTime$21)
                  200136a8    00000030     release_pem4.oem4 (.text:ti_sysbios_BIOS_atExitFunc__I)
                  200136d8    00000030     release_pem4.oem4 (.text:ti_sysbios_BIOS_startFunc__I)
                  20013708    00000030     sysbios.aem4 : BIOS.obj (.text:ti_sysbios_family_arm_m3_TaskSupport_start__E)
                  20013738    00000030     release_pem4.oem4 (.text:ti_sysbios_gates_GateHwi_Object__create__S)
                  20013768    00000030     release_pem4.oem4 (.text:ti_sysbios_gates_GateMutex_Object__create__S)
                  20013798    00000030     sysbios.aem4 : BIOS.obj (.text:ti_sysbios_gates_GateMutex_enter__E)
                  200137c8    00000030     release_pem4.oem4 (.text:ti_sysbios_heaps_HeapMem_Object__create__S)
                  200137f8    00000030     release_pem4.oem4 (.text:ti_sysbios_knl_Semaphore_construct)
                  20013828    00000030     sysbios.aem4 : BIOS.obj (.text:ti_sysbios_knl_Semaphore_pendTimeout__I)
                  20013858    00000030                  : BIOS.obj (.text:ti_sysbios_knl_Task_restore__E)
                  20013888    00000030                  : BIOS.obj (.text:ti_sysbios_knl_Task_unblockI__E)
                  200138b8    00000030     release_pem4.oem4 (.text:ti_sysbios_rts_MemAlloc_alloc)
                  200138e8    0000002e     simplelink.a : cc_pal.obj (.text:Mutex_create_handle)
                  20013916    0000002e     rtsv7M4_T_le_eabi.lib : i_tofd_t2.asm.obj (.text)
                  20013944    0000002c     simplelink.a : cc_pal.obj (.text:NwpPowerOn)
                  20013970    0000002c     drivers_cc32xx.a : PowerCC32XX.oem4 (.text:PowerCC32XX_getParkState)
                  2001399c    0000002c     dpl_cc32xx.a : SemaphoreP_tirtos.oem4 (.text:SemaphoreP_createBinary)
                  200139c8    0000002c     slnetifwifi.a : slnetifwifi.obj (.text:SlNetIfWifi_recv)
                  200139f4    0000002c                   : slnetifwifi.obj (.text:SlNetIfWifi_send)
                  20013a20    0000002c     simplelink.a : driver.obj (.text:_SlDrvSyncObjWaitForever)
                  20013a4c    00000004     --HOLE-- [fill = 0]
                  20013a50    0000002c     sysbios.aem4 : BIOS.obj (.text:_pthread_cleanupFxn)
                  20013a7c    00000004     --HOLE-- [fill = 0]
                  20013a80    0000002c                  : BIOS.obj (.text:_pthread_delete$43)
                  20013aac    00000004     --HOLE-- [fill = 0]
                  20013ab0    0000002c                  : BIOS.obj (.text:clockFxn$41)
                  20013adc    0000002c     slnetsock_release.a : socket.oem4 (.text:setsockopt)
                  20013b08    0000002c     sysbios.aem4 : BIOS.obj (.text:ti_sysbios_family_arm_m3_TimestampProvider_Module_startup__E)
                  20013b34    0000002c     release_pem4.oem4 (.text:ti_sysbios_gates_GateHwi_Handle__label__S)
                  20013b60    0000002c     release_pem4.oem4 (.text:ti_sysbios_gates_GateMutex_Handle__label__S)
                  20013b8c    0000002c     release_pem4.oem4 (.text:ti_sysbios_heaps_HeapMem_Handle__label__S)
                  20013bb8    0000002c     release_pem4.oem4 (.text:ti_sysbios_knl_Clock_doTick__I)
                  20013be4    0000002c     release_pem4.oem4 (.text:ti_sysbios_knl_Queue_construct)
                  20013c10    0000002a     display.a : Display.oem4 (.text:Display_doPrintf)
                  20013c3a    0000002a     drivers_cc32xx.a : UARTCC32XXDMA.oem4 (.text:UARTCC32XXDMA_readCancel)
                  20013c64    0000002a                      : UARTCC32XXDMA.oem4 (.text:UARTCC32XXDMA_writeCancel)
                  20013c8e    0000002a     release_pem4.oem4 (.text:calloc)
                  20013cb8    0000002a     sysbios.aem4 : BIOS.obj (.text:sem_init)
                  20013ce2    00000002     --HOLE-- [fill = 0]
                  20013ce4    00000028     display.a : Display.oem4 (.text:Display_doInit)
                  20013d0c    00000028     driverlib.a : prcm.obj (.text:PRCMPeripheralClkDisable)
                  20013d34    00000028     dpl_cc32xx.a : PowerCC32XX_tirtos.oem4 (.text:PowerCC32XX_initPolicy)
                  20013d5c    00000028     drivers_cc32xx.a : PowerCC32XX.oem4 (.text:Power_registerNotify)
                  20013d84    00000028     slnetsock_release.a : slnetif.oem4 (.text:SlNetIf_callback)
                  20013dac    00000028                         : slnetif.oem4 (.text:SlNetIf_getIfByID)
                  20013dd4    00000028     slnetifwifi.a : slwificonn.obj (.text:SlWifiConn_registerNetIFCallback)
                  20013dfc    00000028     simplelink.a : driver.obj (.text:_SlDrvProtectionObjLockWaitForever)
                  20013e24    00000028                  : driver.obj (.text:_SlDrvProtectionObjUnLock)
                  20013e4c    00000028                  : flowcont.obj (.text:_SlFlowContSet)
                  20013e74    00000028     sysbios.aem4 : m3_Hwi_asm.obj (.text:ti_sysbios_family_arm_m3_Hwi_excHandlerAsm__I)
                  20013e9c    00000004     --HOLE-- [fill = 0]
                  20013ea0    00000028                  : BIOS.obj (.text:ti_sysbios_knl_Clock_addI__E)
                  20013ec8    00000028                  : BIOS.obj (.text:ti_sysbios_knl_Swi_Module_startup__E)
                  20013ef0    00000026     drivers_cc32xx.a : List.oem4 (.text:List_put)
                  20013f16    00000026                      : List.oem4 (.text:List_remove)
                  20013f3c    00000024                      : PowerCC32XX.oem4 (.text:PowerCC32XX_reset)
                  20013f60    00000024     slnetsock_release.a : slnetif.oem4 (.text:SlNetIf_getConnectionStatus)
                  20013f84    00000024     simplelink.a : driver.obj (.text:_SlDrvIsApiInProgress)
                  20013fa8    00000024                  : driver.obj (.text:_SlDrvStartMeasureTimeout)
                  20013fcc    00000004     --HOLE-- [fill = 0]
                  20013fd0    00000024     sysbios.aem4 : BIOS.obj (.text:pthread_attr_init)
                  20013ff4    00000024     release_pem4.oem4 (.text:ti_sysbios_BIOS_registerRTSLock__I)
                  20014018    00000024     release_pem4.oem4 (.text:ti_sysbios_BIOS_removeRTSLock__I)
                  2001403c    00000004     --HOLE-- [fill = 0]
                  20014040    00000024     sysbios.aem4 : BIOS.obj (.text:ti_sysbios_family_arm_m3_Timer_postInit__I)
                  20014064    00000004     --HOLE-- [fill = 0]
                  20014068    00000024                  : BIOS.obj (.text:ti_sysbios_family_arm_m3_Timer_startup__E)
                  2001408c    00000024     release_pem4.oem4 (.text:ti_sysbios_gates_GateMutex_Object__delete__S)
                  200140b0    00000024     sysbios.aem4 : BIOS.obj (.text:ti_sysbios_knl_Clock_Module_startup__E)
                  200140d4    00000024     release_pem4.oem4 (.text:ti_sysbios_knl_Clock_Object__delete__S)
                  200140f8    00000024     sysbios.aem4 : BIOS.obj (.text:ti_sysbios_knl_Clock_start__E)
                  2001411c    00000004     --HOLE-- [fill = 0]
                  20014120    00000024                  : BIOS.obj (.text:ti_sysbios_knl_Semaphore_Instance_init__E)
                  20014144    00000024     release_pem4.oem4 (.text:ti_sysbios_knl_Semaphore_Object__delete__S)
                  20014168    00000024     sysbios.aem4 : BIOS.obj (.text:ti_sysbios_knl_Task_restoreHwi__E)
                  2001418c    00000004     --HOLE-- [fill = 0]
                  20014190    00000024                  : BIOS.obj (.text:xdc_runtime_Error_policyMin__E)
                  200141b4    00000020     drivers_cc32xx.a : PowerCC32XX.oem4 (.text:Power_unregisterNotify)
                  200141d4    00000020     slnetifwifi.a : slnetifwifi.obj (.text:SlNetIfWifi_accept)
                  200141f4    00000020     drivers_cc32xx.a : SPICC32XXDMA.oem4 (.text:getPowerMgrId)
                  20014214    00000020                      : UARTCC32XXDMA.oem4 (.text:getPowerMgrId)
                  20014234    00000020     rtsv7M4_T_le_eabi.lib : u_tofd_t2.asm.obj (.text)
                  20014254    00000020     release_pem4.oem4 (.text:ti_sysbios_BIOS_rtsLock__I)
                  20014274    00000020     release_pem4.oem4 (.text:ti_sysbios_family_arm_m3_Hwi_Object__delete__S)
                  20014294    00000004     --HOLE-- [fill = 0]
                  20014298    00000020     sysbios.aem4 : BIOS.obj (.text:ti_sysbios_family_arm_m3_Hwi_clearInterrupt__E)
                  200142b8    00000020     release_pem4.oem4 (.text:ti_sysbios_gates_GateHwi_Object__delete__S)
                  200142d8    00000020     release_pem4.oem4 (.text:ti_sysbios_heaps_HeapMem_Object__delete__S)
                  200142f8    00000020     sysbios.aem4 : BIOS.obj (.text:ti_sysbios_knl_Idle_run__E)
                  20014318    00000020     release_pem4.oem4 (.text:ti_sysbios_knl_Semaphore_destruct)
                  20014338    00000020     release_pem4.oem4 (.text:ti_sysbios_knl_Task_Object__delete__S)
                  20014358    0000001e     slnetifwifi.a : slnetifwifi.obj (.text:SlNetIfWifi_bind)
                  20014376    0000001e                   : slnetifwifi.obj (.text:SlNetIfWifi_connect)
                  20014394    0000001e     simplelink.a : driver.obj (.text:_SlDrvObjLockWaitForever)
                  200143b2    0000001e                  : driver.obj (.text:_SlDrvObjUnLock)
                  200143d0    0000001e                  : driver.obj (.text:_SlDrvSyncObjSignal)
                  200143ee    0000001e     drivers_cc32xx.a : UDMACC32XX.oem4 (.text:postNotifyFxn)
                  2001440c    0000001e     sysbios.aem4 : m3_Hwi_asm_switch.obj (.text:ti_sysbios_family_xxx_Hwi_switchAndRunFunc)
                  2001442a    00000002     --HOLE-- [fill = 0]
                  2001442c    0000001c     driverlib.a : pin.obj (.text:PinToPadGet)
                  20014448    0000001c     simplelink.a : device.obj (.text:_SlDeviceGetStartResponseConvert)
                  20014464    0000001c                  : spawn.obj (.text:_SlInternalIsItSpawnThread)
                  20014480    0000001c     rtsv7M4_T_le_eabi.lib : memccpy.c.obj (.text:memccpy)
                  2001449c    00000004     --HOLE-- [fill = 0]
                  200144a0    0000001c     sysbios.aem4 : BIOS.obj (.text:ti_sysbios_family_arm_m3_Hwi_excHandler__I)
                  200144bc    00000004     --HOLE-- [fill = 0]
                  200144c0    0000001c                  : BIOS.obj (.text:ti_sysbios_family_arm_m3_Timer_Module_startup__E)
                  200144dc    00000004     --HOLE-- [fill = 0]
                  200144e0    0000001c                  : BIOS.obj (.text:ti_sysbios_family_arm_m3_Timer_stop__E)
                  200144fc    00000004     --HOLE-- [fill = 0]
                  20014500    0000001c                  : BIOS.obj (.text:ti_sysbios_gates_GateMutex_Instance_init__E)
                  2001451c    00000004     --HOLE-- [fill = 0]
                  20014520    0000001c                  : BIOS.obj (.text:ti_sysbios_knl_Clock_Instance_finalize__E)
                  2001453c    0000001c     release_pem4.oem4 (.text:ti_sysbios_knl_Queue_destruct)
                  20014558    0000001c     sysbios.aem4 : BIOS.obj (.text:ti_sysbios_knl_Queue_put__E)
                  20014574    00000004     --HOLE-- [fill = 0]
                  20014578    0000001c                  : BIOS.obj (.text:ti_sysbios_knl_Task_enter__I)
                  20014594    00000004     --HOLE-- [fill = 0]
                  20014598    0000001c                  : BIOS.obj (.text:ti_sysbios_rts_ti_ReentSupport_getReent__F)
                  200145b4    0000001a     slnetifwifi.a : slnetifwifi.obj (.text:SlNetIfWifi_listen)
                  200145ce    0000001a     release_pem4.oem4 (.text:free)
                  200145e8    0000001a     sysbios.aem4 : m3_Hwi_asm.obj (.text:ti_sysbios_family_arm_m3_Hwi_pendSV__I)
                  20014602    00000002     --HOLE-- [fill = 0]
                  20014604    00000018     drivers_cc32xx.a : PowerCC32XX.oem4 (.text:Power_getTransitionLatency)
                  2001461c    00000018                      : PowerCC32XX.oem4 (.text:Power_idleFunc)
                  20014634    00000018     driverlib.a : uart.obj (.text:UARTBusy)
                  2001464c    00000018     drivers_cc32xx.a : UART.oem4 (.text:UART_Params_init)
                  20014664    00000018     rtsv7M4_T_le_eabi.lib : args_main.c.obj (.text:_args_main)
                  2001467c    00000018                           : sprintf.c.obj (.text:_outs)
                  20014694    00000018     tcpHello.obj (.text:close)
                  200146ac    00000018     rtsv7M4_T_le_eabi.lib : ll_mul_t2.asm.obj (.text)
                  200146c4    00000018     release_pem4.oem4 (.text:ti_sysbios_BIOS_rtsUnlock__I)
                  200146dc    00000018     release_pem4.oem4 (.text:ti_sysbios_family_arm_m3_Hwi_Module__startupDone__F)
                  200146f4    00000018     release_pem4.oem4 (.text:ti_sysbios_family_arm_m3_Timer_Module__startupDone__F)
                  2001470c    00000004     --HOLE-- [fill = 0]
                  20014710    00000018     sysbios.aem4 : BIOS.obj (.text:ti_sysbios_gates_GateMutex_leave__E)
                  20014728    00000018                  : BIOS.obj (.text:ti_sysbios_knl_Task_sleepTimeout__I)
                  20014740    00000018     release_pem4.oem4 (.text:ti_sysbios_rts_ti_ReentSupport_getTlsAddr__I)
                  20014758    00000018     sysbios.aem4 : BIOS.obj (.text:xdc_runtime_Error_init__E)
                  20014770    00000018                  : BIOS.obj (.text:xdc_runtime_System_exit__E)
                  20014788    00000016     display.a : DisplayUart.oem4 (.text:DisplayUartMin_close)
                  2001479e    00000016     driverlib.a : prcm.obj (.text:PRCMHIBRegRead)
                  200147b4    00000016                 : prcm.obj (.text:PRCMHIBRegWrite)
                  200147ca    00000016     simplelink.a : driver.obj (.text:_SlDrvMemZero)
                  200147e0    00000016     sysbios.aem4 : BIOS.obj (.text:pthread_mutex_destroy)
                  200147f6    00000016     slnetsock_release.a : socket.oem4 (.text:socket)
                  2001480c    00000016     rtsv7M4_T_le_eabi.lib : strchr.c.obj (.text:strchr)
                  20014822    00000016     release_pem4.oem4 (.text:ti_sysbios_BIOS_exitFunc__I)
                  20014838    00000014     drivers_cc32xx.a : PowerCC32XX.oem4 (.text:Power_getDependencyCount)
                  2001484c    00000014                      : SPI.oem4 (.text:SPI_Params_init)
                  20014860    00000014     sysbios.aem4 : BIOS.obj (.text:pthread_attr_setschedparam)
                  20014874    00000014     rtsv7M4_T_le_eabi.lib : strcpy.c.obj (.text:strcpy)
                  20014888    00000014                           : strlen.c.obj (.text:strlen)
                  2001489c    00000014     release_pem4.oem4 (.text:ti_sysbios_family_arm_m3_Hwi_Object__get__S)
                  200148b0    00000014     sysbios.aem4 : BIOS.obj (.text:ti_sysbios_family_arm_m3_Hwi_switchFromBootStack__E)
                  200148c4    00000014     release_pem4.oem4 (.text:ti_sysbios_heaps_HeapMem_Object__get__S)
                  200148d8    00000014     sysbios.aem4 : BIOS.obj (.text:ti_sysbios_knl_Clock_tickReconfig__E)
                  200148ec    00000014     release_pem4.oem4 (.text:ti_sysbios_knl_Swi_Object__get__S)
                  20014900    00000012     dpl_cc32xx.a : SemaphoreP_tirtos.oem4 (.text:SemaphoreP_pend)
                  20014912    00000012     slnetifwifi.a : slnetifwifi.obj (.text:SlNetIfWifi_close)
                  20014924    00000004     --HOLE-- [fill = 0]
                  20014928    00000012     sysbios.aem4 : BIOS.obj (.text:_pthread_runStub$43)
                  2001493a    00000006     drivers_cc32xx.a : SPICC32XXDMA.oem4 (.text:SPICC32XXDMA_control)
                  20014940    00000012     sysbios.aem4 : BIOS.obj (.text:ti_sysbios_hal_Hwi_Module_startup__E)
                  20014952    00000012     rtsv7M4_T_le_eabi.lib : wcslen.c.obj (.text:wcslen)
                  20014964    00000012     release_pem4.oem4 (.text:xdc_runtime_Startup_exec__I)
                  20014976    00000010     ti_drivers_config.obj (.text:Board_init)
                  20014986    00000010     dpl_cc32xx.a : HwiP_tirtos.oem4 (.text:HwiP_Params_init)
                  20014996    00000010     slnetifwifi.a : slnetifwifi.obj (.text:SlNetIfWifi_DeleteContext)
                  200149a6    00000010     simplelink.a : driver.obj (.text:_SlDrvDispatchHttpServerEvents)
                  200149b6    00000010                  : driver.obj (.text:_SlDrvDispatchNetAppRequestEvents)
                  200149c6    00000010                  : driver.obj (.text:_SlDrvIsSpawnOwnGlobalLock)
                  200149d6    00000010     slnetsock_release.a : socket.oem4 (.text:bind)
                  200149e6    00000010     ti_drivers_config.obj (.text:dmaErrorFxn)
                  200149f6    00000010     slnetsock_release.a : socket.oem4 (.text:listen)
                  20014a06    00000002     --HOLE-- [fill = 0]
                  20014a08    00000010     sysbios.aem4 : BIOS.obj (.text:pthread_mutexattr_init)
                  20014a18    00000010                  : BIOS.obj (.text:pthread_mutexattr_settype)
                  20014a28    00000010     slnetifwifi.a : slnetifwifi.obj (.text:slNetIfWifi_connDisable)
                  20014a38    00000010     sysbios.aem4 : BIOS.obj (.text:ti_sysbios_BIOS_getCpuFreq__E)
                  20014a48    00000010                  : BIOS.obj (.text:ti_sysbios_BIOS_setThreadType__E)
                  20014a58    00000010                  : BIOS.obj (.text:ti_sysbios_BIOS_start__E)
                  20014a68    00000010                  : m3_TaskSupport_asm.obj (.text:ti_sysbios_family_arm_m3_TaskSupport_glue)
                  20014a78    00000010                  : m3_TaskSupport_asm.obj (.text:ti_sysbios_family_arm_m3_TaskSupport_swap__E)
                  20014a88    00000010                  : BIOS.obj (.text:ti_sysbios_gates_GateMutex_Instance_finalize__E)
                  20014a98    00000010     release_pem4.oem4 (.text:ti_sysbios_knl_Mailbox_Object__get__S)
                  20014aa8    00000010     sysbios.aem4 : BIOS.obj (.text:ti_sysbios_knl_Semaphore_Instance_finalize__E)
                  20014ab8    00000010                  : BIOS.obj (.text:ti_sysbios_knl_Swi_disable__E)
                  20014ac8    00000010     release_pem4.oem4 (.text:ti_sysbios_knl_Task_Object__get__S)
                  20014ad8    00000010     sysbios.aem4 : BIOS.obj (.text:ti_sysbios_knl_Task_disable__E)
                  20014ae8    00000010                  : BIOS.obj (.text:xdc_runtime_Memory_free__E)
                  20014af8    00000010                  : BIOS.obj (.text:xdc_runtime_SysCallback_abort__E)
                  20014b08    00000010                  : BIOS.obj (.text:xdc_runtime_SysCallback_exit__E)
                  20014b18    00000010                  : BIOS.obj (.text:xdc_runtime_SysCallback_putch__E)
                  20014b28    00000010                  : BIOS.obj (.text:xdc_runtime_SysCallback_ready__E)
                  20014b38    00000010                  : BIOS.obj (.text:xdc_runtime_System_vsnprintf__E)
                  20014b48    0000000e     simplelink.a : driver.obj (.text:_SlDrvResetCmdExt)
                  20014b56    0000000e     slnetsock_release.a : socket.oem4 (.text:accept)
                  20014b64    0000000e     rtsv7M4_T_le_eabi.lib : copy_decompress_none.c.obj (.text:decompress:none:__TI_decompress_none)
                  20014b72    0000000e     drivers_cc32xx.a : SPICC32XXDMA.oem4 (.text:postNotifyFxn)
                  20014b80    0000000e     sysbios.aem4 : BIOS.obj (.text:pthread_attr_setdetachstate)
                  20014b8e    00000002     --HOLE-- [fill = 0]
                  20014b90    0000000e                  : BIOS.obj (.text:sem_wait)
                  20014b9e    0000000e     slnetsock_release.a : socket.oem4 (.text:send)
                  20014bac    0000000e     slnetifwifi.a : slnetifwifi.obj (.text:slNetIfWifi_connEnable)
                  20014bba    0000000e     simplelink.a : cc_pal.obj (.text:spi_Close)
                  20014bc8    0000000e     sysbios.aem4 : BIOS.obj (.text:ti_sysbios_knl_Idle_loop__E)
                  20014bd6    00000002     --HOLE-- [fill = 0]
                  20014bd8    0000000e                  : BIOS.obj (.text:ti_sysbios_knl_Queue_empty__E)
                  20014be6    0000000c     dpl_cc32xx.a : ClockP_tirtos.oem4 (.text:ClockP_delete)
                  20014bf2    00000002     --HOLE-- [fill = 0]
                  20014bf4    0000000c                  : ClockP_tirtos.oem4 (.text:ClockP_getSystemTickPeriod)
                  20014c00    0000000c                  : HwiP_tirtos.oem4 (.text:HwiP_delete)
                  20014c0c    0000000c     simplelink.a : cc_pal.obj (.text:NwpMaskInterrupt)
                  20014c18    0000000c                  : cc_pal.obj (.text:NwpUnMaskInterrupt)
                  20014c24    0000000c     drivers_cc32xx.a : PowerCC32XX.oem4 (.text:Power_getConstraintMask)
                  20014c30    0000000c     dpl_cc32xx.a : SemaphoreP_tirtos.oem4 (.text:SemaphoreP_delete)
                  20014c3c    0000000c     platform.obj (.text:SimpleLinkHttpServerEventHandler)
                  20014c48    0000000c     platform.obj (.text:SimpleLinkNetAppRequestEventHandler)
                  20014c54    0000000c     simplelink.a : device.obj (.text:_SlDeviceResetRequestInitCompletedCB)
                  20014c60    0000000c     rtsv7M4_T_le_eabi.lib : _lock.c.obj (.text:_register_lock)
                  20014c6c    0000000c                           : _lock.c.obj (.text:_register_unlock)
                  20014c78    0000000c                           : s_copysign.c.obj (.text:copysign)
                  20014c84    0000000c                           : copy_zero_init.c.obj (.text:decompress:ZI:__TI_zero_init)
                  20014c90    0000000c     drivers_cc32xx.a : UARTCC32XXDMA.oem4 (.text:postNotifyFxn)
                  20014c9c    00000004     --HOLE-- [fill = 0]
                  20014ca0    0000000c     sysbios.aem4 : BIOS.obj (.text:pthread_self)
                  20014cac    0000000c     release_pem4.oem4 (.text:ti_sysbios_family_arm_m3_Hwi_Params__init__S)
                  20014cb8    0000000c     sysbios.aem4 : BIOS.obj (.text:ti_sysbios_family_arm_m3_Hwi_disableFxn__E)
                  20014cc4    00000004     --HOLE-- [fill = 0]
                  20014cc8    0000000c                  : BIOS.obj (.text:ti_sysbios_family_arm_m3_TaskSupport_getStackAlignment__E)
                  20014cd4    00000004     --HOLE-- [fill = 0]
                  20014cd8    0000000c                  : BIOS.obj (.text:ti_sysbios_gates_GateHwi_enter__E)
                  20014ce4    0000000c     release_pem4.oem4 (.text:ti_sysbios_knl_Clock_Params__init__S)
                  20014cf0    0000000c     sysbios.aem4 : BIOS.obj (.text:ti_sysbios_knl_Clock_getTicks__E)
                  20014cfc    00000004     --HOLE-- [fill = 0]
                  20014d00    0000000c                  : BIOS.obj (.text:ti_sysbios_knl_Clock_setTicks__E)
                  20014d0c    00000004     --HOLE-- [fill = 0]
                  20014d10    0000000c                  : BIOS.obj (.text:ti_sysbios_knl_Clock_tickStart__E)
                  20014d1c    00000004     --HOLE-- [fill = 0]
                  20014d20    0000000c                  : BIOS.obj (.text:ti_sysbios_knl_Clock_tickStop__E)
                  20014d2c    0000000c     release_pem4.oem4 (.text:ti_sysbios_knl_Queue_Object__get__S)
                  20014d38    0000000c     release_pem4.oem4 (.text:ti_sysbios_knl_Semaphore_Params__init__S)
                  20014d44    0000000c     release_pem4.oem4 (.text:ti_sysbios_knl_Task_Params__init__S)
                  20014d50    0000000c     sysbios.aem4 : BIOS.obj (.text:ti_sysbios_knl_Task_self__E)
                  20014d5c    00000004     --HOLE-- [fill = 0]
                  20014d60    0000000c                  : BIOS.obj (.text:ti_sysbios_rts_ti_ReentSupport_taskRegHook__I)
                  20014d6c    0000000c     driverlib.a : udma.obj (.text:uDMAErrorStatusClear)
                  20014d78    0000000c                 : udma.obj (.text:uDMAErrorStatusGet)
                  20014d84    00000004     --HOLE-- [fill = 0]
                  20014d88    0000000c     sysbios.aem4 : BIOS.obj (.text:xdc_runtime_Startup_rtsDone__E)
                  20014d94    0000000a     dpl_cc32xx.a : ClockP_tirtos.oem4 (.text:ClockP_Params_init)
                  20014d9e    0000000a     drivers_cc32xx.a : SPI.oem4 (.text:SPI_close)
                  20014da8    0000000a                      : SPI.oem4 (.text:SPI_transfer)
                  20014db2    0000000a     platform.obj (.text:SimpleLinkFatalErrorEventHandler)
                  20014dbc    0000000a     platform.obj (.text:SimpleLinkGeneralEventHandler)
                  20014dc6    0000000a     platform.obj (.text:SimpleLinkNetAppRequestMemFreeEventHandler)
                  20014dd0    0000000a     platform.obj (.text:SimpleLinkSockEventHandler)
                  20014dda    0000000a     platform.obj (.text:SimpleLinkWlanEventHandler)
                  20014de4    0000000a     drivers_cc32xx.a : UART.oem4 (.text:UART_close)
                  20014dee    0000000a                      : UART.oem4 (.text:UART_control)
                  20014df8    0000000a                      : UART.oem4 (.text:UART_write)
                  20014e02    0000000a     rtsv7M4_T_le_eabi.lib : sprintf.c.obj (.text:_outc)
                  20014e0c    00000004     --HOLE-- [fill = 0]
                  20014e10    0000000a     sysbios.aem4 : BIOS.obj (.text:sem_destroy)
                  20014e1a    00000006     driverlib.a : utils.obj (.text:UtilsDelay)
                  20014e20    0000000a     sysbios.aem4 : BIOS.obj (.text:sem_post)
                  20014e2a    0000000a     simplelink.a : device.obj (.text:sl_Task)
                  20014e34    0000000a     release_pem4.oem4 (.text:xdc_runtime_IHeap_alloc)
                  20014e3e    0000000a     release_pem4.oem4 (.text:xdc_runtime_IHeap_free)
                  20014e48    00000008     dpl_cc32xx.a : SemaphoreP_tirtos.oem4 (.text:SemaphoreP_Params_init)
                  20014e50    00000008     simplelink.a : cc_pal.obj (.text:TimerGetCurrentTimestamp)
                  20014e58    00000008     drivers_cc32xx.a : SPICC32XXDMA.oem4 (.text:blockingTransferCallback)
                  20014e60    00000008     sysbios.aem4 : BIOS.obj (.text:pthread_attr_setstacksize)
                  20014e68    00000008                  : BIOS.obj (.text:pthread_mutex_lock)
                  20014e70    00000008     drivers_cc32xx.a : UARTCC32XXDMA.oem4 (.text:readSemCallback)
                  20014e78    00000008     sysbios.aem4 : BIOS.obj (.text:sem_getvalue)
                  20014e80    00000008                  : BIOS.obj (.text:ti_sysbios_family_arm_m3_Hwi_doSwiRestore__I)
                  20014e88    00000008                  : BIOS.obj (.text:ti_sysbios_family_arm_m3_Hwi_startup__E)
                  20014e90    00000008     drivers_cc32xx.a : UARTCC32XXDMA.oem4 (.text:writeSemCallback)
                  20014e98    00000006     sysbios.aem4 : BIOS.obj (.text:ti_sysbios_family_arm_m3_Hwi_doTaskRestore__I)
                  20014e9e    00000002     --HOLE-- [fill = 0]
                  20014ea0    00000006                  : BIOS.obj (.text:ti_sysbios_family_arm_m3_Hwi_restoreFxn__E)
                  20014ea6    00000002     --HOLE-- [fill = 0]
                  20014ea8    00000006                  : BIOS.obj (.text:ti_sysbios_gates_GateHwi_leave__E)
                  20014eae    00000002     --HOLE-- [fill = 0]
                  20014eb0    00000006                  : BIOS.obj (.text:ti_sysbios_heaps_HeapMem_isBlocking__E)
                  20014eb6    00000002     --HOLE-- [fill = 0]
                  20014eb8    00000006                  : BIOS.obj (.text:ti_sysbios_knl_Clock_stop__E)
                  20014ebe    00000002     --HOLE-- [fill = 0]
                  20014ec0    00000006                  : BIOS.obj (.text:ti_sysbios_knl_Queue_Instance_init__E)
                  20014ec6    00000002     --HOLE-- [fill = 0]
                  20014ec8    00000006                  : BIOS.obj (.text:ti_sysbios_knl_Swi_startup__E)
                  20014ece    00000002     --HOLE-- [fill = 0]
                  20014ed0    00000006                  : BIOS.obj (.text:xdc_runtime_System_Module_startup__E)
                  20014ed6    00000002     --HOLE-- [fill = 0]
                  20014ed8    00000004                  : BIOS.obj (.text:__aeabi_errno_addr)
                  20014edc    00000004     --HOLE-- [fill = 0]
                  20014ee0    00000004                  : BIOS.obj (.text:ti_sysbios_family_arm_m3_Timer_getMaxTicks__E)
                  20014ee4    00000004     --HOLE-- [fill = 0]
                  20014ee8    00000004                  : BIOS.obj (.text:ti_sysbios_gates_GateHwi_query__E)
                  20014eec    00000004     --HOLE-- [fill = 0]
                  20014ef0    00000004                  : BIOS.obj (.text:ti_sysbios_gates_GateMutex_query__E)
                  20014ef4    00000004     --HOLE-- [fill = 0]
                  20014ef8    00000004                  : BIOS.obj (.text:ti_sysbios_knl_Clock_setTimeout__E)
                  20014efc    00000004     --HOLE-- [fill = 0]
                  20014f00    00000004                  : BIOS.obj (.text:ti_sysbios_knl_Task_startup__E)
                  20014f04    00000004     --HOLE-- [fill = 0]
                  20014f08    00000004                  : BIOS.obj (.text:xdc_runtime_SysCallback_defaultReady)
                  20014f0c    00000004     --HOLE-- [fill = 0]
                  20014f10    00000002                  : BIOS.obj (.text:ti_sysbios_BIOS_linkedWithIncorrectBootLibrary__E)
                  20014f12    00000006     --HOLE-- [fill = 0]
                  20014f18    00000002                  : BIOS.obj (.text:ti_sysbios_gates_GateHwi_Instance_init__E)
                  20014f1a    00000006     --HOLE-- [fill = 0]
                  20014f20    00000002                  : BIOS.obj (.text:ti_sysbios_knl_Clock_logTick__E)
                  20014f22    00000006     --HOLE-- [fill = 0]
                  20014f28    00000002                  : BIOS.obj (.text:xdc_runtime_SysCallback_defaultAbort)
                  20014f2a    00000006     --HOLE-- [fill = 0]
                  20014f30    00000002                  : BIOS.obj (.text:xdc_runtime_SysCallback_defaultExit)
                  20014f32    00000006     --HOLE-- [fill = 0]
                  20014f38    00000002                  : BIOS.obj (.text:xdc_runtime_SysCallback_defaultPutch)
                  20014f3a    00000006     --HOLE-- [fill = 0]
                  20014f40    00000002                  : BIOS.obj (.text:xdc_runtime_System_abortSpin__E)
                  20014f42    00000006     --HOLE-- [fill = 0]
                  20014f48    00000002                  : BIOS.obj (.text:xdc_runtime_System_exitSpin__E)

.bss       0    2001d000    000014c3     UNINITIALIZED
                  2001d000    00000400     ti_drivers_config.obj (.bss:displayUARTBuffer)
                  2001d400    00000400     ti_drivers_config.obj (.bss:dmaControlTable)
                  2001d800    000003fc     (.common:g_CB)
                  2001dbfc    0000030c     (.common:ti_sysbios_family_arm_m3_Hwi_dispatchTable)
                  2001df08    00000200     release_pem4.oem4 (.bss:taskStackSection)
                  2001e108    0000012c     (.common:PowerCC32XX_contextSave)
                  2001e234    00000088     (.common:spiCC32XXDMAObjects)
                  2001e2bc    00000080     slnetsock_release.a : slnetsock.oem4 (.bss:VirtualSockets)
                  2001e33c    0000006c     (.common:uartCC32XXObjects0)
                  2001e3a8    0000002c     (.common:GlobalLockObj)
                  2001e3d4    00000028     (.common:g_SlInternalSpawnCB)
                  2001e3fc    00000020     drivers_cc32xx.a : GPIOCC32XX.oem4 (.bss:gpioCallbackInfo)
                  2001e41c    0000001c     slnetsock_release.a : slnetif.oem4 (.bss:EventsSem)
                  2001e438    0000001c                         : slnetsock.oem4 (.bss:VirtualSocketSem)
                  2001e454    00000014     drivers_cc32xx.a : UDMACC32XX.oem4 (.bss:postNotifyObj)
                  2001e468    00000014                      : GPIOCC32XX.oem4 (.bss:powerNotifyObj)
                  2001e47c    0000000c     (.common:DeviceCB)
                  2001e488    0000000c     (.common:Msg)
                  2001e494    0000000c     (.common:displayUartObject)
                  2001e4a0    00000008     (.common:spiCC32XXSDMAscratchBuf)
                  2001e4a8    00000008     (.common:udmaCC3220SObject)
                  2001e4b0    00000004                      : GPIOCC32XX.oem4 (.bss)
                  2001e4b4    00000004     (.common:display)
                  2001e4b8    00000004     (.common:mode)
                  2001e4bc    00000004     (.common:ti_sysbios_knl_Task_Instance_State_0_hookEnv__A)
                  2001e4c0    00000002     (.common:gIfID)
                  2001e4c2    00000001     (.common:RxIrqCnt)

.const     0    2001e4c4    00000ba8     
                  2001e4c4    00000101     rtsv7M4_T_le_eabi.lib : ctype.c.obj (.const:.string:_ctypes_)
                  2001e5c5    00000001     display.a : Display.oem4 (.const:Display_defaultParams)
                  2001e5c6    00000002     release_pem4.oem4 (.const:ti_sysbios_family_arm_m3_Hwi_Module__id__C)
                  2001e5c8    00000100     driverlib.a : pin.obj (.const:g_ulPinToPadMap)
                  2001e6c8    000000a8                 : prcm.obj (.const:PRCM_PeriphRegsList)
                  2001e770    00000078     ti_drivers_config.obj (.const:spiCC32XXDMAHWAttrs)
                  2001e7e8    00000070     simplelink.a : driver.obj (.const:OpcodeTranslateTable)
                  2001e858    00000050                  : driver.obj (.const:_SlActionLookupTable)
                  2001e8a8    00000044     ti_drivers_config.obj (.const:PowerCC32XX_config)
                  2001e8ec    0000003c     release_pem4.oem4 (.const:ti_sysbios_knl_Task_Object__PARAMS__C)
                  2001e928    00000030     release_pem4.oem4 (.const:ti_sysbios_family_arm_m3_Hwi_Object__PARAMS__C)
                  2001e958    00000028     drivers_cc32xx.a : UARTCC32XXDMA.oem4 (.const:UARTCC32XXDMA_fxnTable)
                  2001e980    00000028     release_pem4.oem4 (.const:ti_sysbios_heaps_HeapMem_Module__FXNS__C)
                  2001e9a8    00000024     drivers_cc32xx.a : UART.oem4 (.const:UART_defaultParams)
                  2001e9cc    00000024     release_pem4.oem4 (.const:ti_sysbios_gates_GateHwi_Module__FXNS__C)
                  2001e9f0    00000024     release_pem4.oem4 (.const:ti_sysbios_gates_GateMutex_Module__FXNS__C)
                  2001ea14    00000024     release_pem4.oem4 (.const:ti_sysbios_heaps_HeapMem_Object__PARAMS__C)
                  2001ea38    00000024     release_pem4.oem4 (.const:ti_sysbios_knl_Clock_Object__PARAMS__C)
                  2001ea5c    00000024     release_pem4.oem4 (.const:ti_sysbios_knl_Semaphore_Object__PARAMS__C)
                  2001ea80    00000024     ti_drivers_config.obj (.const:uartCC32XXHWAttrs0)
                  2001eaa4    00000024     release_pem4.oem4 (.const:xdc_runtime_Startup_sfxnTab__A)
                  2001eac8    00000021     drivers_cc32xx.a : GPIOCC32XX.oem4 (.const:.string:pinTable)
                  2001eae9    00000001     release_pem4.oem4 (.const:ti_sysbios_knl_Clock_tickMode__C)
                  2001eaea    00000002     release_pem4.oem4 (.const:ti_sysbios_family_arm_m3_Timer_Module__id__C)
                  2001eaec    00000020     display.a : DisplayUart.oem4 (.const:DisplayUartMin_fxnTable)
                  2001eb0c    00000020     simplelink.a : driver.obj (.const:RxMsgClassLUT)
                  2001eb2c    00000020     drivers_cc32xx.a : SPI.oem4 (.const:SPI_defaultParams)
                  2001eb4c    00000020     simplelink.a : device.obj (.const:StartResponseLUT)
                  2001eb6c    00000020     release_pem4.oem4 (.const:ti_sysbios_family_arm_m3_Hwi_Object__DESC__C)
                  2001eb8c    00000020     release_pem4.oem4 (.const:ti_sysbios_gates_GateHwi_Object__DESC__C)
                  2001ebac    00000020     release_pem4.oem4 (.const:ti_sysbios_gates_GateMutex_Object__DESC__C)
                  2001ebcc    00000020     release_pem4.oem4 (.const:ti_sysbios_heaps_HeapMem_Object__DESC__C)
                  2001ebec    00000020     release_pem4.oem4 (.const:ti_sysbios_knl_Clock_Object__DESC__C)
                  2001ec0c    00000020     release_pem4.oem4 (.const:ti_sysbios_knl_Queue_Object__DESC__C)
                  2001ec2c    00000020     release_pem4.oem4 (.const:ti_sysbios_knl_Semaphore_Object__DESC__C)
[...]
20014e61  pthread_attr_setstacksize                                       
20014e69  pthread_mutex_lock                                              
20014e79  sem_getvalue                                                    
20014e81  ti_sysbios_family_arm_m3_Hwi_doSwiRestore__I                    
20014e89  ti_sysbios_family_arm_m3_Hwi_startup__E                         
20014e89  ti_sysbios_hal_Hwi_HwiProxy_startup__E                          
20014e89  ti_sysbios_hal_Hwi_startup__E                                   
20014e99  ti_sysbios_family_arm_m3_Hwi_doTaskRestore__I                   
20014ea1  HwiP_restore                                                    
20014ea1  ti_sysbios_family_arm_m3_Hwi_restoreFxn__E                      
20014ea1  ti_sysbios_hal_Hwi_HwiProxy_restore__E                          
20014ea9  ti_sysbios_gates_GateHwi_leave__E                               
20014eb1  ti_sysbios_heaps_HeapMem_isBlocking__E                          
20014eb9  ti_sysbios_knl_Clock_stop__E                                    
20014ec1  ti_sysbios_knl_Queue_Instance_init__E                           
20014ec9  ti_sysbios_knl_Swi_startup__E                                   
20014ed1  xdc_runtime_System_Module_startup__E                            
20014ed9  __aeabi_errno_addr                                              
20014ee1  ti_sysbios_family_arm_m3_Timer_getMaxTicks__E                   
20014ee9  ti_sysbios_gates_GateHwi_query__E                               
20014ee9  xdc_runtime_Main_Module_GateProxy_query__E                      
20014ee9  xdc_runtime_System_Module_GateProxy_query__E                    
20014ef1  ti_sysbios_BIOS_RtsGateProxy_query__E                           
20014ef1  ti_sysbios_gates_GateMutex_query__E                             
20014ef1  ti_sysbios_heaps_HeapMem_Module_GateProxy_query__E              
20014ef9  ti_sysbios_knl_Clock_setTimeout__E                              
20014f01  ti_sysbios_knl_Task_startup__E                                  
20014f09  xdc_runtime_SysCallback_defaultReady                            
20014f11  ti_sysbios_BIOS_linkedWithIncorrectBootLibrary__E               
20014f19  ti_sysbios_gates_GateHwi_Instance_init__E                       
20014f21  ti_sysbios_knl_Clock_logTick__E                                 
20014f29  xdc_runtime_SysCallback_defaultAbort                            
20014f31  xdc_runtime_SysCallback_defaultExit                             
20014f39  xdc_runtime_SysCallback_defaultPutch                            
20014f41  xdc_runtime_System_abortSpin__E                                 
20014f49  xdc_runtime_System_exitSpin__E                                  
20014f50  __primary_heap_start__                                          
2001cf50  __primary_heap_end__                                            
2001d800  g_CB                                                            
2001dbfc  ti_sysbios_family_arm_m3_Hwi_dispatchTable                      
2001df08  ti_sysbios_knl_Task_Instance_State_0_stack__A                   
2001e108  PowerCC32XX_contextSave                                         
2001e234  spiCC32XXDMAObjects                                             
2001e33c  uartCC32XXObjects0                                              
2001e3a8  GlobalLockObj                                                   
2001e3d4  g_SlInternalSpawnCB                                             
2001e47c  DeviceCB                                                        
2001e488  Msg                                                             
2001e494  displayUartObject                                               
2001e4a0  spiCC32XXSDMAscratchBuf                                         
2001e4a8  udmaCC3220SObject                                               
2001e4b4  display                                                         
2001e4b8  mode                                                            
2001e4bc  ti_sysbios_knl_Task_Instance_State_0_hookEnv__A                 
2001e4c0  gIfID                                                           
2001e4c2  RxIrqCnt                                                        
2001e4c4  _ctypes_                                                        
2001e5c5  Display_defaultParams                                           
2001e5c6  ti_sysbios_family_arm_m3_Hwi_Module__id__C                      
2001e770  spiCC32XXDMAHWAttrs                                             
2001e7e8  OpcodeTranslateTable                                            
2001e858  _SlActionLookupTable                                            
2001e8a8  PowerCC32XX_config                                              
2001e8ec  ti_sysbios_knl_Task_Object__PARAMS__C                           
2001e928  ti_sysbios_family_arm_m3_Hwi_Object__PARAMS__C                  
2001e958  UARTCC32XXDMA_fxnTable                                          
2001e980  ti_sysbios_heaps_HeapMem_Module__FXNS__C                        
2001e9a8  UART_defaultParams                                              
2001e9cc  ti_sysbios_gates_GateHwi_Module__FXNS__C                        
2001e9f0  ti_sysbios_gates_GateMutex_Module__FXNS__C                      
2001ea14  ti_sysbios_heaps_HeapMem_Object__PARAMS__C                      
2001ea38  ti_sysbios_knl_Clock_Object__PARAMS__C                          
2001ea5c  ti_sysbios_knl_Semaphore_Object__PARAMS__C                      
2001eaa4  xdc_runtime_Startup_sfxnTab__A                                  
2001eae9  ti_sysbios_knl_Clock_tickMode__C                                
2001eaea  ti_sysbios_family_arm_m3_Timer_Module__id__C                    
2001eaec  DisplayUartMin_fxnTable                                         
2001eb2c  SPI_defaultParams                                               
2001eb6c  ti_sysbios_family_arm_m3_Hwi_Object__DESC__C                    
2001eb8c  ti_sysbios_gates_GateHwi_Object__DESC__C                        
2001ebac  ti_sysbios_gates_GateMutex_Object__DESC__C                      
2001ebcc  ti_sysbios_heaps_HeapMem_Object__DESC__C                        
2001ebec  ti_sysbios_knl_Clock_Object__DESC__C                            
2001ec0c  ti_sysbios_knl_Queue_Object__DESC__C                            
2001ec2c  ti_sysbios_knl_Semaphore_Object__DESC__C                        
2001ec4c  ti_sysbios_knl_Task_Object__DESC__C                             
2001ec6c  SPICC32XXDMA_fxnTable                                           
2001ec84  SPI_config                                                      
2001ec9c  ti_sysbios_gates_GateHwi_Object__PARAMS__C                      
2001ecb4  ti_sysbios_gates_GateMutex_Object__PARAMS__C                    
2001eccc  ti_sysbios_knl_Queue_Object__PARAMS__C                          
2001ece4  ti_sysbios_knl_Task_hooks__A                                    
2001ecfc  Display_count                                                   
2001ecfd  CONFIG_Crypto_0_CONST                                           
2001ecfe  CryptoCC32XX_count                                              
2001ecff  CONFIG_GPIO_BUTTON_0_CONST                                      
2001ed00  CONFIG_GPIO_BUTTON_1_CONST                                      
2001ed01  CONFIG_GPIO_LED_0_CONST                                         
2001ed02  CONFIG_GPIO_LED_1_CONST                                         
2001ed03  CONFIG_GPIO_LED_2_CONST                                         
2001ed04  CONFIG_GPIO_0_CONST                                             
2001ed05  CONFIG_GPIO_2_CONST                                             
2001ed06  CONFIG_SPI_0_CONST                                              
2001ed07  CONFIG_NWP_SPI_CONST                                            
2001ed08  SPI_count                                                       
2001ed09  CONFIG_TIMER_0_CONST                                            
2001ed0a  CONFIG_TIMER_1_CONST                                            
2001ed0b  CONFIG_TIMER_2_CONST                                            
2001ed0c  Timer_count                                                     
2001ed0d  CONFIG_UART_0_CONST                                             
2001ed0e  UART_count                                                      
2001ed0f  CONFIG_WATCHDOG_0_CONST                                         
2001ed10  Watchdog_count                                                  
2001ed11  ti_sysbios_knl_Clock_tickSource__C                              
2001ed12  ti_sysbios_heaps_HeapMem_Module__id__C                          
2001ed8c  GPIOCC32XX_config                                               
2001edb4  displayUartHWAttrs                                              
2001ee04  xdc_runtime_Startup_sfxnRts__A                                  
2001ee16  xdc_runtime_Memory_Module__id__C                                
2001ee64  Display_config                                                  
2001ee70  UART_config                                                     
2001eea0  udmaCC3220SHWAttrs                                              
2001eeac  xdc_runtime_Startup_firstFxns__A                                
2001eeb8  UDMACC32XX_config                                               
2001eed8  outPinTypes                                                     
2001eee8  ti_sysbios_knl_Idle_funcList__A                                 
2001eef0  ti_sysbios_knl_Idle_funcList__C                                 
2001eef8  ti_sysbios_knl_Task_hooks__C                                    
2001ef00  xdc_runtime_Startup_firstFxns__C                                
2001ef08  xdc_runtime_Startup_lastFxns__C                                 
2001ef16  inPinTypes                                                      
2001ef1c  outPinStrengths                                                 
2001ef56  _SlNetAppSendResponseCmdCtrl                                    
2001ef5a  _SlNetAppSendTokenValueCmdCtrl                                  
2001ef8a  xdc_runtime_Error_policy__C                                     
2001ef8c  ti_sysbios_family_arm_m3_Hwi_E_alreadyDefined__C                
2001ef90  ti_sysbios_family_arm_m3_Hwi_E_badIntNum__C                     
2001ef94  ti_sysbios_family_arm_m3_Hwi_NUM_INTERRUPTS__C                  
2001ef98  ti_sysbios_family_arm_m3_Hwi_Object__count__C                   
2001ef9c  ti_sysbios_family_arm_m3_Hwi_ccr__C                             
2001efa0  ti_sysbios_family_arm_m3_Hwi_excHandlerFunc__C                  
2001efa4  ti_sysbios_family_arm_m3_Hwi_nullIsrFunc__C                     
2001efa8  ti_sysbios_family_arm_m3_Hwi_priGroup__C                        
2001efac  ti_sysbios_family_arm_m3_Hwi_swiDisable__C                      
2001efb0  ti_sysbios_family_arm_m3_Hwi_swiRestore__C                      
2001efb4  ti_sysbios_family_arm_m3_TaskSupport_stackAlignment__C          
2001efb8  ti_sysbios_family_arm_m3_Timer_E_cannotSupport__C               
2001efbc  ti_sysbios_family_arm_m3_Timer_startupNeeded__C                 
2001efc0  ti_sysbios_gates_GateMutex_Instance_State_sem__O                
2001efc4  ti_sysbios_heaps_HeapMem_E_memory__C                            
2001efc8  ti_sysbios_heaps_HeapMem_Module__gateObj__C                     
2001efcc  ti_sysbios_heaps_HeapMem_Object__count__C                       
2001efd0  ti_sysbios_heaps_HeapMem_primaryHeapBaseAddr__C                 
2001efd4  ti_sysbios_heaps_HeapMem_primaryHeapEndAddr__C                  
2001efd8  ti_sysbios_heaps_HeapMem_reqAlign__C                            
2001efdc  ti_sysbios_knl_Clock_Module_State_clockQ__O                     
2001efe0  ti_sysbios_knl_Clock_tickPeriod__C                              
2001efe4  ti_sysbios_knl_Mailbox_Instance_State_dataQue__O                
2001efe8  ti_sysbios_knl_Mailbox_Instance_State_dataSem__O                
2001efec  ti_sysbios_knl_Mailbox_Instance_State_freeQue__O                
2001eff0  ti_sysbios_knl_Mailbox_Instance_State_freeSem__O                
2001eff4  ti_sysbios_knl_Mailbox_Object__count__C                         
2001eff8  ti_sysbios_knl_Mailbox_maxTypeAlign__C                          
2001effc  ti_sysbios_knl_Semaphore_Instance_State_pendQ__O                
2001f000  ti_sysbios_knl_Swi_Object__count__C                             
2001f004  ti_sysbios_knl_Task_Module_State_inactiveQ__O                   
2001f008  ti_sysbios_knl_Task_Object__count__C                            
2001f00c  ti_sysbios_knl_Task_Object__heap__C                             
2001f010  ti_sysbios_knl_Task_allBlockedFunc__C                           
2001f014  ti_sysbios_knl_Task_defaultStackHeap__C                         
2001f018  ti_sysbios_knl_Task_defaultStackSize__C                         
2001f01c  ti_sysbios_knl_Task_numConstructedTasks__C                      
2001f020  xdc_runtime_Error_E_memory__C                                   
2001f024  xdc_runtime_Error_policyFxn__C                                  
2001f028  xdc_runtime_IGateProvider_Interface__BASE__C                    
2001f02c  xdc_runtime_IHeap_Interface__BASE__C                            
2001f030  xdc_runtime_IModule_Interface__BASE__C                          
2001f034  xdc_runtime_Memory_defaultHeapInstance__C                       
2001f038  xdc_runtime_Startup_execImpl__C                                 
2001f03c  xdc_runtime_Startup_maxPasses__C                                
2001f040  xdc_runtime_Startup_sfxnRts__C                                  
2001f044  xdc_runtime_Startup_sfxnTab__C                                  
2001f048  xdc_runtime_SysCallback_abortFxn__C                             
2001f04c  xdc_runtime_SysCallback_exitFxn__C                              
2001f050  xdc_runtime_SysCallback_putchFxn__C                             
2001f054  xdc_runtime_SysCallback_readyFxn__C                             
2001f058  xdc_runtime_System_Module__gateObj__C                           
2001f05c  xdc_runtime_System_abortFxn__C                                  
2001f060  xdc_runtime_System_exitFxn__C                                   
2001f064  xdc_runtime_System_extendFxn__C                                 
2001f068  xdc_runtime_System_maxAtexitHandlers__C                         
2001f06c  PowerCC32XX_module                                              
2001f1d8  parkInfo                                                        
2001f384  ti_sysbios_knl_Swi_Module_State_0_readyQ__A                     
2001f404  ti_sysbios_knl_Task_Module_State_0_readyQ__A                    
2001f484  SlNetIfConfigWifi                                               
2001f4ec  ti_sysbios_knl_Task_Object__table__V                            
2001f538  ti_sysbios_knl_Task_Module__state__V                            
2001f57c  ti_sysbios_gates_GateMutex_Object__table__V                     
2001f5b4  ti_sysbios_family_arm_m3_Hwi_Module__state__V                   
2001f5e8  ti_sysbios_family_arm_m3_Timer_Object__table__V                 
2001f618  ti_sysbios_knl_Swi_Object__table__V                             
2001f648  ti_sysbios_knl_Clock_Module__state__V                           
2001f674  g_LibsEvents                                                    
2001f698  g_UserEvents                                                    
2001f6bc  ti_sysbios_BIOS_Module__state__V                                
2001f6e0  xdc_runtime_Error_IgnoreBlock                                   
2001f700  gpioCallbackFunctions                                           
2001f71c  gpioPinConfigs                                                  
2001f738  ti_sysbios_knl_Swi_Module__state__V                             
2001f754  g_fNetIfCB                                                      
2001f758  g_ifId                                                          
2001f76c  ti_sysbios_family_arm_m3_Hwi_Object__table__V                   
2001f784  ti_sysbios_heaps_HeapMem_Object__table__V                       
2001f79c  ti_sysbios_family_arm_cc32xx_Seconds_Module__state__V           
2001f7b0  gGlobalLockCntRequested                                         
2001f7b1  gGlobalLockCntReleased                                          
2001f7b2  g_SlDeviceStatus                                                
2001f7b4  g_pCB                                                           
2001f7b8  pPingCallBackFunc                                               
2001f7c8  ti_sysbios_family_arm_m3_Timer_Module__state__V                 
2001f7de  ti_sysbios_family_arm_m3_Hwi_Module_State_0_excActive__A        
2001f7e0  _lock                                                           
2001f7e4  _unlock                                                         
2001f7f0  udpThread                                                       
2001f7f4  spawn_thread                                                    
2001f7f8  ti_sysbios_family_arm_m3_Hwi_Module__root__V                    
2001f800  ti_sysbios_gates_GateHwi_Module__root__V                        
2001f808  ti_sysbios_gates_GateMutex_Module__root__V                      
2001f810  ti_sysbios_heaps_HeapMem_Module__root__V                        
2001f818  ti_sysbios_knl_Clock_Module__root__V                            
2001f820  ti_sysbios_knl_Queue_Module__root__V                            
2001f828  ti_sysbios_knl_Semaphore_Module__root__V                        
2001f830  ti_sysbios_knl_Task_Module__root__V                             
2001f838  xdc_runtime_Startup_Module__state__V                            
2001f840  xdc_runtime_System_Module_State_0_atexitHandlers__A             
2001f848  xdc_runtime_System_Module__state__V                             
2001f850  main_func_sp                                                    
2001f854  g_intHandle                                                     
2001f858  ti_sysbios_family_arm_m3_Hwi_Module_State_0_excContext__A       
2001f85c  ti_sysbios_family_arm_m3_Hwi_Module_State_0_excStack__A         
2001f860  ti_sysbios_family_arm_m3_TimestampProvider_Module__state__V     
2001f864  ti_sysbios_gates_GateHwi_Object__table__V                       
2001f868  ti_sysbios_knl_Task_Module_State_0_idleTask__A                  
2001f86c  ti_sysbios_rts_ti_ReentSupport_Module__state__V                 
2001f870  xdc_runtime_Memory_Module__state__V                             
2001f878  __TI_static_base__                                              
2001fb30  __TI_Handler_Table_Base                                         
2001fb3c  __TI_Handler_Table_Limit                                        
2001fb50  __TI_CINIT_Base                                                 
2001fb68  __TI_CINIT_Limit                                                
e000e000  ti_sysbios_family_arm_m3_Hwi_nvic                               
ffffffff  __TI_pprof_out_hndl                                             
ffffffff  __TI_prof_data_size                                             
ffffffff  __TI_prof_data_start                                            
ffffffff  __binit__                                                       
ffffffff  __c_args__                                                      
ffffffff  binit                                                           
UNDEFED   ITM_flush                                                       
UNDEFED   ITM_restore                                                     
UNDEFED   SHT$$INIT_ARRAY$$Base                                           
UNDEFED   SHT$$INIT_ARRAY$$Limit                                          

[881 symbols]
