******************************************************************************
                  TI ARM Linker PC v20.2.5                     
******************************************************************************
>> Linked Wed Oct  6 11:45:06 2021

OUTPUT FILE NAME:   <tcp_Hello.out>
ENTRY POINT SYMBOL: "_c_int00"  address: 20012291


MEMORY CONFIGURATION

         name            origin    length      used     unused   attr    fill
----------------------  --------  ---------  --------  --------  ----  --------
  SRAM0                 20000000   00004000  0000070c  000038f4  RW X
  SRAM                  20004000   0003c000  0001b4b7  00020b49  RW X
  LOG_DATA              90000000   00040000  00000000  00040000  R   


SEGMENT ALLOCATION MAP

run origin  load origin   length   init length attrs members
----------  ----------- ---------- ----------- ----- -------
20000000    20000000    0000030c   00000000    rw-
  20000000    20000000    0000030c   00000000    rw- .vecs
20003c00    20003c00    00000400   00000000    rw-
  20003c00    20003c00    00000400   00000000    rw- .stack
20004000    20004000    00018a78   00010a72    r-x
  20004000    20004000    0000030c   0000030c    r-- .resetVecs
  20004310    20004310    00010762   00010762    r-x .text
  20014a78    20014a78    00008000   00000000    r-- .priheap
2001cc00    2001cc00    0000148b   00000000    rw-
  2001cc00    2001cc00    0000148b   00000000    rw- .bss
2001e08c    2001e08c    00000b2c   00000b2c    r--
  2001e08c    2001e08c    00000b2c   00000b2c    r-- .const
2001ebb8    2001ebb8    000007ca   00000000    rw-
  2001ebb8    2001ebb8    000007ca   00000000    rw- .data
2001f388    2001f388    000002c8   000002c8    r--
  2001f388    2001f388    000002c8   000002c8    r-- .cinit


SECTION ALLOCATION MAP

 output                                  attributes/
section   page    origin      length       input sections
--------  ----  ----------  ----------   ----------------
.resetVecs 
*          0    20004000    0000030c     
                  20004000    0000030c     release_pem4.oem4 (.resetVecs)

.text      0    20004310    00010762     
                  20004310    00000a4e     rtsv7M4_T_le_eabi.lib : _printfi.c.obj (.text:__TI_printfi)
                  20004d5e    00000002     ti_drivers_config.obj (.text:Board_initHook)
                  20004d60    000008e8     simplelink.a : driver.obj (.text:_SlDrvMsgRead)
                  20005648    000004bc                  : sl_socket.obj (.text:_SlSocketHandleAsync_Select)
                  20005b04    00000004     dpl_cc32xx.a : ClockP_tirtos.oem4 (.text:ClockP_getCpuFreq)
                  20005b08    00000468     sysbios.aem4 : BIOS.obj (.text:xdc_runtime_System_doPrint__I)
                  20005f70    0000042c     driverlib.a : prcm.obj (.text:PRCMCC3200MCUInit)
                  2000639c    00000384     simplelink.a : driver.obj (.text:_SlDrvMsgWrite)
                  20006720    0000031c                  : driver.obj (.text:_SlDrvReleasePoolObj)
                  20006a3c    000002e0                  : driver.obj (.text:_SlDrvWaitForPoolObj)
                  20006d1c    000002d8                  : driver.obj (.text:_SlDrvRxHdrRead)
                  20006ff4    000002ac                  : sl_socket.obj (.text:sl_Select)
                  200072a0    00000284                  : wlan.obj (.text:sl_WlanConnect)
                  20007524    00000268     rtsv7M4_T_le_eabi.lib : _printfi.c.obj (.text:_pconv_a)
                  2000778c    0000025c     simplelink.a : driver.obj (.text:_SlDrvDataReadOp)
                  200079e8    00000250     platform.obj (.text:mainThread)
                  20007c38    00000224     simplelink.a : driver.obj (.text:_SlDrvDriverCBInit)
                  20007e5c    00000218                  : driver.obj (.text:_SlDrvDataWriteOp)
                  20008074    00000214     tcpHello.obj (.text:echoFxn)
                  20008288    0000020c     drivers_cc32xx.a : UARTCC32XXDMA.oem4 (.text:UARTCC32XXDMA_open)
                  20008494    000001f4     simplelink.a : driver.obj (.text:_SlDrvMsgReadCmdCtx)
                  20008688    000001f2                  : netapp.obj (.text:_SlNetAppEventHandler)
                  2000887a    00000002     display.a : DisplayUart.oem4 (.text:DisplayUartMin_clear)
                  2000887c    000001e8     simplelink.a : netapp.obj (.text:sl_NetAppPing)
                  20008a64    000001e0                  : device.obj (.text:sl_Stop)
                  20008c44    000001d0     drivers_cc32xx.a : SPICC32XXDMA.oem4 (.text:SPICC32XXDMA_transfer)
                  20008e14    000001cc     rtsv7M4_T_le_eabi.lib : _printfi.c.obj (.text:_pconv_g)
                  20008fe0    000001b8     drivers_cc32xx.a : SPICC32XXDMA.oem4 (.text:configDMA)
                  20009198    000001b6     rtsv7M4_T_le_eabi.lib : fd_add_t2.asm.obj (.text)
                  2000934e    00000002     display.a : DisplayUart.oem4 (.text:DisplayUartMin_clearLines)
                  20009350    000001b4     simplelink.a : driver.obj (.text:_SlDrvReleaseAllActivePendingPoolObj)
                  20009504    000001a8                  : sl_socket.obj (.text:sl_Accept)
                  200096ac    00000190                  : sl_socket.obj (.text:_SlDrvRegisterForSelectAsync)
                  2000983c    00000184                  : driver.obj (.text:_SlDrvFindAndSetActiveObj)
                  200099c0    00000180     release_pem4.oem4 (.text:xdc_runtime_System_printfExtend__I)
                  20009b40    00000178     simplelink.a : sl_socket.obj (.text:sl_Connect)
                  20009cb8    00000174     platform.obj (.text:SimpleLinkNetAppEventHandler)
                  20009e2c    00000170     simplelink.a : netapp.obj (.text:sl_NetAppDnsGetHostByName)
                  20009f9c    0000015c     dpl_cc32xx.a : PowerCC32XX_tirtos.oem4 (.text:PowerCC32XX_sleepPolicy)
                  2000a0f8    00000158     drivers_cc32xx.a : SPICC32XXDMA.oem4 (.text:SPICC32XXDMA_open)
                  2000a250    00000154     simplelink.a : sl_socket.obj (.text:sl_RecvFrom)
                  2000a3a4    00000148                  : sl_socket.obj (.text:_SlDrvGetNextTimeoutValue)
                  2000a4ec    00000148     drivers_cc32xx.a : PowerCC32XX.oem4 (.text:parkPins)
                  2000a634    00000148     simplelink.a : sl_socket.obj (.text:sl_StartTLS)
                  2000a77c    00000140                  : driver.obj (.text:_SlDrvMsgReadSpawnCtx)
                  2000a8bc    0000013c     rtsv7M4_T_le_eabi.lib : _printfi.c.obj (.text:_pconv_e)
                  2000a9f8    00000138     drivers_cc32xx.a : PowerCC32XX.oem4 (.text:Power_sleep)
                  2000ab30    00000138     simplelink.a : driver.obj (.text:_SlSpawnMsgListInsert)
                  2000ac68    00000136     rtsv7M4_T_le_eabi.lib : fd_div_t2.asm.obj (.text)
                  2000ad9e    00000002     display.a : DisplayUart.oem4 (.text:DisplayUartMin_init)
                  2000ada0    00000134     simplelink.a : sl_socket.obj (.text:_SlSocketHandleAsync_StartTLS)
                  2000aed4    00000130                  : driver.obj (.text:_SlDrvDriverCBDeinit)
                  2000b004    00000004     dpl_cc32xx.a : ClockP_tirtos.oem4 (.text:ClockP_setTimeout)
                  2000b008    00000130     sysbios.aem4 : BIOS.obj (.text:ti_sysbios_knl_Semaphore_pend__E)
                  2000b138    0000012c     slnetsock_release.a : errnoutil.oem4 (.text:ErrnoUtil_set)
                  2000b264    00000128     simplelink.a : driver.obj (.text:_SlDrvClassifyRxMsg)
                  2000b38c    00000124                  : fs.obj (.text:sl_FsOpen)
                  2000b4b0    00000120                  : driver.obj (.text:_SlDrvAsyncEventGenericHandler)
                  2000b5d0    00000120     rtsv7M4_T_le_eabi.lib : _printfi.c.obj (.text:fcvt)
                  2000b6f0    00000120     sysbios.aem4 : BIOS.obj (.text:xdc_runtime_Startup_startMods__I)
                  2000b810    0000011c     simplelink.a : device.obj (.text:sl_Start)
                  2000b92c    00000118                  : netapp.obj (.text:_SlNetAppHandleAsync_DnsGetHostByService)
                  2000ba44    00000004     dpl_cc32xx.a : ClockP_tirtos.oem4 (.text:ClockP_start)
                  2000ba48    00000110     sysbios.aem4 : BIOS.obj (.text:ti_sysbios_knl_Task_postInit__I)
                  2000bb58    00000104     simplelink.a : device.obj (.text:_SlDeviceEventHandler)
                  2000bc5c    00000104                  : driver.obj (.text:_SlDrvCmdOp)
                  2000bd60    00000104     sysbios.aem4 : BIOS.obj (.text:ti_sysbios_knl_Task_Instance_finalize__E)
                  2000be64    00000100     simplelink.a : driver.obj (.text:_SlDrvObjGlobalLockWaitForever)
                  2000bf64    00000100                  : fs.obj (.text:sl_FsWrite)
                  2000c064    000000fc     rtsv7M4_T_le_eabi.lib : fd_mul_t2.asm.obj (.text)
                  2000c160    000000f8     slnetifwifi.a : slnetifwifi.obj (.text:SlNetIfWifi_loadSecObj)
                  2000c258    000000f8     drivers_cc32xx.a : UARTCC32XXDMA.oem4 (.text:UARTCC32XXDMA_close)
                  2000c350    000000f8     simplelink.a : sl_socket.obj (.text:sl_Close)
                  2000c448    000000f4                  : sl_socket.obj (.text:sl_SendTo)
                  2000c53c    000000f2     drivers_cc32xx.a : SPICC32XXDMA.oem4 (.text:SPICC32XXDMA_transferCancel)
                  2000c62e    00000002                      : UARTCC32XXDMA.oem4 (.text:UARTCC32XXDMA_init)
                  2000c630    000000f0     sysbios.aem4 : BIOS.obj (.text:pthread_create)
                  2000c720    000000e8     drivers_cc32xx.a : UARTCC32XXDMA.oem4 (.text:initHw)
                  2000c808    000000e8     sysbios.aem4 : BIOS.obj (.text:ti_sysbios_knl_Task_Instance_init__E)
                  2000c8f0    000000e4     slnetsock_release.a : slnetif.oem4 (.text:SlNetIf_add)
                  2000c9d4    00000004     dpl_cc32xx.a : ClockP_tirtos.oem4 (.text:ClockP_stop)
                  2000c9d8    000000e4     sysbios.aem4 : BIOS.obj (.text:clock_gettime)
                  2000cabc    000000d8     drivers_cc32xx.a : SPICC32XXDMA.oem4 (.text:SPICC32XXDMA_close)
                  2000cb94    000000d8     simplelink.a : device.obj (.text:_SlDeviceHandleAsync_InitComplete)
                  2000cc6c    000000d8                  : driver.obj (.text:_SlDrvWaitForInternalAsyncEvent)
                  2000cd44    000000d8                  : netapp.obj (.text:_SlNetAppHandleAsync_NetAppReceive)
                  2000ce1c    00000004     dpl_cc32xx.a : HwiP_tirtos.oem4 (.text:HwiP_clearInterrupt)
                  2000ce20    000000d4     sysbios.aem4 : BIOS.obj (.text:ti_sysbios_heaps_HeapMem_alloc__E)
                  2000cef4    000000d0     simplelink.a : driver.obj (.text:_SlDrvRemoveFromList)
                  2000cfc4    000000d0     rtsv7M4_T_le_eabi.lib : s_scalbn.c.obj (.text:scalbn)
                  2000d094    000000cc     sysbios.aem4 : m3_Hwi_asm.obj (.text:ti_sysbios_family_arm_m3_Hwi_dispatch__I)
                  2000d160    000000c8     drivers_cc32xx.a : SPICC32XXDMA.oem4 (.text:spiHwiFxn)
                  2000d228    000000c4     sysbios.aem4 : BIOS.obj (.text:ti_sysbios_knl_Task_sleep__E)
                  2000d2ec    000000c0     platform.obj (.text:Connect)
                  2000d3ac    000000c0     simplelink.a : cc_pal.obj (.text:NwpPowerOff)
                  2000d46c    000000c0     drivers_cc32xx.a : PowerCC32XX.oem4 (.text:restoreParkedPins)
                  2000d52c    000000c0     simplelink.a : netcfg.obj (.text:sl_NetCfgGet)
                  2000d5ec    000000bc                  : netapp.obj (.text:_SlNetAppSendResponse)
                  2000d6a8    000000bc                  : sl_socket.obj (.text:sl_Send)
                  2000d764    00000004     dpl_cc32xx.a : HwiP_tirtos.oem4 (.text:HwiP_disable)
                  2000d768    000000bc     sysbios.aem4 : BIOS.obj (.text:xdc_runtime_Core_createObject__I)
                  2000d824    000000b8     drivers_cc32xx.a : UARTCC32XXDMA.oem4 (.text:UARTCC32XXDMA_configDMA)
                  2000d8dc    000000b8     simplelink.a : netapp.obj (.text:_SlNetAppHandleAsync_DnsGetHostByName)
                  2000d994    000000b8                  : netapp.obj (.text:_SlNetAppHandleAsync_PingResponse)
                  2000da4c    000000b8                  : wlan.obj (.text:sl_WlanGet)
                  2000db04    00000004     dpl_cc32xx.a : HwiP_tirtos.oem4 (.text:HwiP_disableInterrupt)
                  2000db08    000000b8     sysbios.aem4 : BIOS.obj (.text:ti_sysbios_family_arm_m3_Hwi_Instance_init__E)
                  2000dbc0    000000b4     drivers_cc32xx.a : UARTCC32XXDMA.oem4 (.text:UARTCC32XXDMA_hwiIntFxn)
                  2000dc74    000000b4     simplelink.a : driver.obj (.text:_SlDrvHandleFatalError)
                  2000dd28    000000b4                  : netutil.obj (.text:_SlNetUtilHandleAsync_Cmd)
                  2000dddc    000000b4                  : sl_socket.obj (.text:sl_GetSockOpt)
                  2000de90    000000b2     slnetifwifi.a : slnetifwifi.obj (.text:matchModeByRole)
                  2000df42    00000002     rtsv7M4_T_le_eabi.lib : _lock.c.obj (.text:_nop)
                  2000df44    000000b1                           : _printfi.c.obj (.text:_ltostr)
                  2000dff5    00000001     --HOLE-- [fill = 0]
                  2000dff6    00000002                           : div0.asm.obj (.text)
                  2000dff8    000000b0     slnetifwifi.a : slnetifwifi.obj (.text:SlNetIfWifi_getSockOpt)
                  2000e0a8    000000ac     simplelink.a : sl_socket.obj (.text:_SlSocketHandleAsync_Close)
                  2000e154    000000ac                  : sl_socket.obj (.text:_SlSocketHandleAsync_Connect)
                  2000e200    000000a8     driverlib.a : prcm.obj (.text:PRCMPeripheralClockGet)
                  2000e2a8    000000a8     drivers_cc32xx.a : PowerCC32XX.oem4 (.text:PowerCC32XX_configureWakeup)
                  2000e350    000000a8     simplelink.a : fs.obj (.text:sl_FsClose)
                  2000e3f8    000000a6                  : driver.obj (.text:_SlDrvIsTimeoutExpired)
                  2000e49e    00000002     release_pem4.oem4 (.text:ti_sysbios_BIOS_nullFunc__I)
                  2000e4a0    000000a4     simplelink.a : sl_socket.obj (.text:sl_Bind)
                  2000e544    00000004     dpl_cc32xx.a : HwiP_tirtos.oem4 (.text:HwiP_enableInterrupt)
                  2000e548    000000a4     sysbios.aem4 : BIOS.obj (.text:ti_sysbios_knl_Task_setPri__E)
                  2000e5ec    000000a0     simplelink.a : fs.obj (.text:FsGetCreateFsMode)
                  2000e68c    000000a0                  : sl_socket.obj (.text:_SlDrvUnRegisterForSelectAsync)
                  2000e72c    000000a0                  : driver.obj (.text:_SlSpawnMsgListProcess)
                  2000e7cc    000000a0     auto_init.aem4 : auto_init.oem4 (.text)
                  2000e86c    0000009e     simplelink.a : cc_pal.obj (.text:spi_Read)
                  2000e90a    0000009e                  : cc_pal.obj (.text:spi_Write)
                  2000e9a8    0000009c     sysbios.aem4 : BIOS.obj (.text:_pthread_removeThreadKeys)
                  2000ea44    0000009c     rtsv7M4_T_le_eabi.lib : memcpy_t2.asm.obj (.text)
                  2000eae0    00000096                           : ull_div_t2.asm.obj (.text)
                  2000eb76    00000002     release_pem4.oem4 (.text:xdc_runtime_Startup_reset__I)
                  2000eb78    00000094     simplelink.a : cc_pal.obj (.text:Semaphore_pend_handle)
                  2000ec0c    00000094     drivers_cc32xx.a : SPICC32XXDMA.oem4 (.text:initHw)
                  2000eca0    00000094     sysbios.aem4 : BIOS.obj (.text:ti_sysbios_knl_Task_exit__E)
                  2000ed34    00000092     slnetsock_release.a : slnetsock.oem4 (.text:SlNetSock_create)
                  2000edc6    00000002     --HOLE-- [fill = 0]
                  2000edc8    00000090                         : slnetsock.oem4 (.text:SlNetSock_getVirtualSdConf)
                  2000ee58    00000090     simplelink.a : device.obj (.text:_SlDeviceHandleAsync_Stop)
                  2000eee8    00000090                  : sl_socket.obj (.text:_SlSocketHandleAsync_Accept)
                  2000ef78    00000090     drivers_cc32xx.a : PowerCC32XX.oem4 (.text:restoreNVICRegs)
                  2000f008    00000090     sysbios.aem4 : BIOS.obj (.text:ti_sysbios_knl_Task_Module_startup__E)
                  2000f098    0000008c     slnetsock_release.a : slnetsock.oem4 (.text:SlNetSock_accept)
                  2000f124    0000008c     drivers_cc32xx.a : UARTCC32XXDMA.oem4 (.text:UARTCC32XXDMA_write)
                  2000f1b0    0000008c     simplelink.a : driver.obj (.text:_SlDrvDriverIsApiAllowed)
                  2000f23c    0000008c                  : driver.obj (.text:_SlDrvProtectAsyncRespSetting)
                  2000f2c8    0000008c                  : sl_socket.obj (.text:sl_Recv)
                  2000f354    00000004     drivers_cc32xx.a : SPICC32XXDMA.oem4 (.text:SPICC32XXDMA_init)
                  2000f358    0000008c     sysbios.aem4 : BIOS.obj (.text:xdc_runtime_Memory_alloc__E)
                  2000f3e4    00000088     driverlib.a : pin.obj (.text:PinConfigSet)
                  2000f46c    00000088     simplelink.a : eventreg.obj (.text:sl_UnregisterLibsEventHandler)
                  2000f4f4    00000004     dpl_cc32xx.a : SemaphoreP_tirtos.oem4 (.text:SemaphoreP_post)
                  2000f4f8    00000088     sysbios.aem4 : BIOS.obj (.text:ti_sysbios_family_arm_m3_Hwi_initNVIC__E)
                  2000f580    00000088                  : BIOS.obj (.text:ti_sysbios_knl_Mailbox_post__E)
                  2000f608    00000086     rtsv7M4_T_le_eabi.lib : fd_cmp_t2.asm.obj (.text:__aeabi_cdcmple)
                  2000f68e    00000086                           : fd_cmp_t2.asm.obj (.text:__aeabi_cdrcmple)
                  2000f714    00000004     slnetsock_release.a : slnetutils.oem4 (.text:SlNetUtil_init)
                  2000f718    00000086     sysbios.aem4 : BIOS.obj (.text:xdc_runtime_Core_constructObject__I)
                  2000f79e    00000002     --HOLE-- [fill = 0]
                  2000f7a0    00000084     drivers_cc32xx.a : PowerCC32XX.oem4 (.text:Power_init)
                  2000f824    00000084     slnetifwifi.a : slnetifwifi.obj (.text:SlNetIfWifi_sockstartSec)
                  2000f8a8    00000084     drivers_cc32xx.a : PowerCC32XX.oem4 (.text:saveNVICRegs)
                  2000f92c    00000084     simplelink.a : sl_socket.obj (.text:sl_SetSockOpt)
                  2000f9b0    00000084     sysbios.aem4 : BIOS.obj (.text:ti_sysbios_family_arm_m3_Hwi_postInit__I)
                  2000fa34    00000004     dpl_cc32xx.a : SystemP_tirtos.oem4 (.text:SystemP_vsnprintf)
                  2000fa38    00000084     sysbios.aem4 : BIOS.obj (.text:ti_sysbios_heaps_HeapMem_free__E)
                  2000fabc    00000080     drivers_cc32xx.a : PowerCC32XX.oem4 (.text:Power_setDependency)
                  2000fb3c    00000080     slnetifwifi.a : slwificonn.obj (.text:SignalEvent)
                  2000fbbc    00000080     drivers_cc32xx.a : UARTCC32XXDMA.oem4 (.text:UARTCC32XXDMA_read)
                  2000fc3c    00000004     release_pem4.oem4 (.text:ti_sysbios_BIOS_RtsGateProxy_enter__E)
                  2000fc40    00000080     sysbios.aem4 : BIOS.obj (.text:ti_sysbios_knl_Clock_workFunc__E)
                  2000fcc0    0000007c     drivers_cc32xx.a : UDMACC32XX.oem4 (.text:UDMACC32XX_open)
                  2000fd3c    00000004     release_pem4.oem4 (.text:ti_sysbios_BIOS_RtsGateProxy_leave__E)
                  2000fd40    0000007c     sysbios.aem4 : BIOS.obj (.text:_pthread_abstime2ticks)
                  2000fdbc    0000007a     drivers_cc32xx.a : UARTCC32XXDMA.oem4 (.text:UARTCC32XXDMA_readPolling)
                  2000fe36    0000007a     rtsv7M4_T_le_eabi.lib : memset_t2.asm.obj (.text)
                  2000feb0    00000078     simplelink.a : sl_socket.obj (.text:sl_Socket)
                  2000ff28    00000075     sysbios.aem4 : BIOS.obj (.text:xdc_runtime_System_formatNum__I)
                  2000ff9d    00000003     --HOLE-- [fill = 0]
                  2000ffa0    00000074     slnetsock_release.a : slnetsock.oem4 (.text:SlNetSock_AllocVirtualSocket)
                  20010014    00000004     release_pem4.oem4 (.text:ti_sysbios_family_arm_m3_Hwi_delete)
                  20010018    00000074     sysbios.aem4 : BIOS.obj (.text:xdc_runtime_Core_deleteObject__I)
                  2001008c    00000070     simplelink.a : driver.obj (.text:_SlDrvCmdSend_noLock)
                  200100fc    00000004     release_pem4.oem4 (.text:ti_sysbios_family_arm_m3_TaskSupport_Module__startupDone__S)
                  20010100    00000070     sysbios.aem4 : BIOS.obj (.text:acquireMutexNone$47)
                  20010170    00000070                  : BIOS.obj (.text:ti_sysbios_heaps_HeapMem_initPrimary__I)
                  200101e0    0000006e     rtsv7M4_T_le_eabi.lib : _printfi.c.obj (.text:_mcpy)
                  2001024e    0000006c     slnetifwifi.a : slnetifwifi.obj (.text:SlNetIfWifi_ping)
                  200102ba    00000002     --HOLE-- [fill = 0]
                  200102bc    0000006c     simplelink.a : device.obj (.text:_SlDeviceHandleResetRequestInternally)
                  20010328    0000006c                  : sl_socket.obj (.text:_SlDrvOpenCtrlSocket)
                  20010394    0000006c                  : netapp.obj (.text:_SlNetAppSendTokenValue)
                  20010400    0000006c     sysbios.aem4 : BIOS.obj (.text:ti_sysbios_knl_Swi_restoreHwi__E)
                  2001046c    00000068     simplelink.a : driver.obj (.text:_SlSpawnMsgListGetCount)
                  200104d4    00000068     rtsv7M4_T_le_eabi.lib : copy_decompress_lzss.c.obj (.text:decompress:lzss:__TI_decompress_lzss)
                  2001053c    00000068     main_tirtos.obj (.text:main)
                  200105a4    00000004     release_pem4.oem4 (.text:ti_sysbios_heaps_HeapMem_Module_GateProxy_enter__E)
                  200105a8    00000068     sysbios.aem4 : BIOS.obj (.text:pthread_exit)
                  20010610    00000068     simplelink.a : cc_pal.obj (.text:spi_Open)
                  20010678    00000068     sysbios.aem4 : BIOS.obj (.text:ti_sysbios_family_arm_cc32xx_Seconds_getTime__E)
                  200106e0    00000064     drivers_cc32xx.a : PowerCC32XX.oem4 (.text:PowerCC32XX_setParkState)
                  20010744    00000004     release_pem4.oem4 (.text:ti_sysbios_heaps_HeapMem_Module_GateProxy_leave__E)
                  20010748    00000064     sysbios.aem4 : BIOS.obj (.text:ti_sysbios_family_arm_m3_Hwi_dispatchC__I)
                  200107ac    00000060     driverlib.a : prcm.obj (.text:PRCMSysResetCauseGet)
                  2001080c    00000060     drivers_cc32xx.a : UARTCC32XXDMA.oem4 (.text:UARTCC32XXDMA_control)
                  2001086c    00000004     release_pem4.oem4 (.text:ti_sysbios_knl_Clock_TimerProxy_getMaxTicks__E)
                  20010870    00000060     sysbios.aem4 : BIOS.obj (.text:ti_sysbios_knl_Semaphore_post__E)
                  200108d0    00000060                  : BIOS.obj (.text:ti_sysbios_knl_Swi_run__I)
                  20010930    0000005e     slnetifwifi.a : slnetifwifi.obj (.text:SlNetIfWifi_setSockOpt)
                  2001098e    00000002     --HOLE-- [fill = 0]
                  20010990    0000005c     display.a : Display.oem4 (.text:Display_doOpen)
                  200109ec    0000005c     slnetifwifi.a : slwificonn.obj (.text:SlWifiConn_enable)
                  20010a48    0000005c     simplelink.a : spawn.obj (.text:_SlInternalSpawn)
                  20010aa4    0000005c     rtsv7M4_T_le_eabi.lib : s_frexp.c.obj (.text:frexp)
                  20010b00    0000005c     sysbios.aem4 : BIOS.obj (.text:ti_sysbios_family_arm_m3_Timer_start__E)
                  20010b5c    00000004     release_pem4.oem4 (.text:ti_sysbios_knl_Clock_TimerProxy_setPeriodMicroSecs__E)
                  20010b60    0000005c     sysbios.aem4 : BIOS.obj (.text:ti_sysbios_knl_Swi_schedule__I)
                  20010bbc    00000004     release_pem4.oem4 (.text:ti_sysbios_knl_Clock_TimerProxy_start__E)
                  20010bc0    0000005c     sysbios.aem4 : BIOS.obj (.text:ti_sysbios_knl_Task_startCore__E)
                  20010c1c    00000004     release_pem4.oem4 (.text:ti_sysbios_knl_Clock_TimerProxy_stop__E)
                  20010c20    0000005c     sysbios.aem4 : BIOS.obj (.text:xdc_runtime_Startup_exec__E)
                  20010c7c    00000058     driverlib.a : prcm.obj (.text:PRCMPeripheralReset)
                  20010cd4    00000058     drivers_cc32xx.a : PowerCC32XX.oem4 (.text:Power_releaseDependency)
                  20010d2c    00000058     slnetsock_release.a : slnetsock.oem4 (.text:SlNetSock_send)
                  20010d84    00000058     simplelink.a : sl_socket.obj (.text:_SlDrvClearCtrlSocket)
                  20010ddc    00000058                  : driver.obj (.text:_SlFindAndReleasePendingCmd)
                  20010e34    00000058                  : sl_socket.obj (.text:sl_Listen)
                  20010e8c    00000058                  : eventreg.obj (.text:sl_RegisterLibsEventHandler)
                  20010ee4    00000058     ti_net_config.obj (.text:ti_net_SlNet_initConfig)
                  20010f3c    00000004     release_pem4.oem4 (.text:ti_sysbios_knl_Clock_delete)
                  20010f40    00000058     sysbios.aem4 : BIOS.obj (.text:ti_sysbios_family_arm_cc32xx_Seconds_getCount__I)
                  20010f98    00000056     rtsv7M4_T_le_eabi.lib : _printfi.c.obj (.text:_pconv_f)
                  20010fee    00000002     --HOLE-- [fill = 0]
                  20010ff0    00000054     simplelink.a : driver.obj (.text:_SlDrvRxIrqHandler)
                  20011044    00000054     rtsv7M4_T_le_eabi.lib : _ltoa.c.obj (.text:__TI_ltoa)
                  20011098    00000054     release_pem4.oem4 (.text:ti_sysbios_family_arm_m3_Hwi_create)
                  200110ec    00000052     drivers_cc32xx.a : PowerCC32XX_asm.oem4 (.text:PowerCC32XX_resumeLPDS)
                  2001113e    00000052     rtsv7M4_T_le_eabi.lib : _printfi.c.obj (.text:_ecpy)
                  20011190    00000050     simplelink.a : cc_pal.obj (.text:NwpRegisterInterruptHandler)
                  200111e0    00000050     slnetsock_release.a : slnetif.oem4 (.text:SlNetIf_queryIf)
                  20011230    00000050     drivers_cc32xx.a : UARTCC32XXDMA.oem4 (.text:UARTCC32XXDMA_writePolling)
                  20011280    00000050     simplelink.a : sl_socket.obj (.text:_SlDrvCloseCtrlSocket)
                  200112d0    00000050                  : driver.obj (.text:_SlDrvCmdSend_noWait)
                  20011320    00000050                  : driver.obj (.text:_SlDrvUpdateApiInProgress)
                  20011370    00000050                  : spawn.obj (.text:_SlInternalSpawnTaskEntry)
                  200113c0    00000050                  : eventreg.obj (.text:_SlNetAppHttpServerHdlr)
                  20011410    00000050                  : eventreg.obj (.text:_SlNetAppRequestHdlr)
                  20011460    00000050     sysbios.aem4 : BIOS.obj (.text:mq_send)
                  200114b0    00000050                  : BIOS.obj (.text:ti_sysbios_family_arm_m3_Hwi_Module_startup__E)
                  20011500    00000050                  : BIOS.obj (.text:ti_sysbios_family_arm_m3_Timer_setPeriod__E)
                  20011550    00000050     release_pem4.oem4 (.text:ti_sysbios_knl_Task_create)
                  200115a0    0000004e     drivers_cc32xx.a : UARTCC32XXDMA.oem4 (.text:writeCancel)
                  200115ee    00000002     --HOLE-- [fill = 0]
                  200115f0    0000004c     simplelink.a : cc_pal.obj (.text:NwpWaitForShutDownInd)
                  2001163c    0000004c     drivers_cc32xx.a : PowerCC32XX.oem4 (.text:PowerCC32XX_parkPin)
                  20011688    0000004c     slnetifwifi.a : slnetifwifi.obj (.text:SlNetIfWifi_getConnectionStatus)
                  200116d4    0000004c                   : slnetifwifi.obj (.text:SlNetIfWifi_getIPAddr)
                  20011720    0000004c     slnetsock_release.a : slnetsock.oem4 (.text:SlNetSock_freeVirtualSocket)
                  2001176c    0000004c     slnetifwifi.a : slwificonn.obj (.text:SlWifiConn_disable)
                  200117b8    0000004c     rtsv7M4_T_le_eabi.lib : atoi.c.obj (.text:atoi)
                  20011804    0000004c                           : cpy_tbl.c.obj (.text:copy_in)
                  20011850    0000004c     platform.obj (.text:printError)
                  2001189c    0000004c     drivers_cc32xx.a : PowerCC32XX.oem4 (.text:restorePeriphClocks)
                  200118e8    0000004c     simplelink.a : wlan.obj (.text:sl_WlanSetMode)
                  20011934    0000004c     sysbios.aem4 : m3_TaskSupport_asm.obj (.text:ti_sysbios_family_arm_m3_TaskSupport_buildTaskStack)
                  20011980    0000004c                  : BIOS.obj (.text:ti_sysbios_heaps_HeapMem_getStats__E)
                  200119cc    00000004     release_pem4.oem4 (.text:ti_sysbios_knl_Semaphore_delete)
                  200119d0    0000004c     sysbios.aem4 : BIOS.obj (.text:ti_sysbios_knl_Swi_runLoop__I)
                  20011a1c    00000004     release_pem4.oem4 (.text:ti_sysbios_knl_Task_delete)
                  20011a20    0000004c     sysbios.aem4 : BIOS.obj (.text:ti_sysbios_knl_Task_allBlockedFunction__I)
                  20011a6c    00000004     release_pem4.oem4 (.text:xdc_runtime_System_Module_GateProxy_enter__E)
                  20011a70    0000004c     sysbios.aem4 : BIOS.obj (.text:ti_sysbios_knl_Task_schedule__I)
                  20011abc    0000004a     display.a : DisplayUart.oem4 (.text:DisplayUartMin_open)
                  20011b06    0000004a     drivers_cc32xx.a : UARTCC32XXDMA.oem4 (.text:readCancel)
                  20011b50    00000048     driverlib.a : flash.obj (.text:FlashDisable)
                  20011b98    00000048                 : prcm.obj (.text:PRCMLPDSEnter)
                  20011be0    00000048                 : prcm.obj (.text:PRCMPeripheralClkEnable)
                  20011c28    00000048     drivers_cc32xx.a : PowerCC32XX.oem4 (.text:Power_releaseConstraint)
                  20011c70    00000048     slnetsock_release.a : slnetsock.oem4 (.text:SlNetSock_init)
                  20011cb8    00000048                         : slnetsock.oem4 (.text:SlNetSock_setOpt)
                  20011d00    00000048     simplelink.a : eventreg.obj (.text:_SlDeviceFatalErrorEvtHdlr)
                  20011d48    00000048                  : eventreg.obj (.text:_SlDeviceGeneralEvtHdlr)
                  20011d90    00000048                  : driver.obj (.text:_SlDrvSyncObjWaitTimeout)
                  20011dd8    00000048                  : eventreg.obj (.text:_SlNetAppEvtHdlr)
                  20011e20    00000048                  : eventreg.obj (.text:_SlNetAppRequestMemFree)
                  20011e68    00000048                  : eventreg.obj (.text:_SlSockEvtHdlr)
                  20011eb0    00000048                  : eventreg.obj (.text:_SlWlanEvtHdlr)
                  20011ef8    00000048     sysbios.aem4 : BIOS.obj (.text:pthread_mutex_init)
                  20011f40    00000048     rtsv7M4_T_le_eabi.lib : fd_toi_t2.asm.obj (.text)
                  20011f88    00000048     sysbios.aem4 : BIOS.obj (.text:ti_sysbios_family_arm_m3_Hwi_disableInterrupt__E)
                  20011fd0    00000048                  : BIOS.obj (.text:ti_sysbios_family_arm_m3_Hwi_enableInterrupt__E)
                  20012018    00000048                  : m3_Hwi_asm_switch.obj (.text:ti_sysbios_family_arm_m3_Hwi_initStacks__E)
                  20012060    00000048                  : BIOS.obj (.text:ti_sysbios_family_arm_m3_Timer_initDevice__I)
                  200120a8    00000048                  : BIOS.obj (.text:ti_sysbios_knl_Mailbox_Module_startup__E)
                  200120f0    00000048                  : BIOS.obj (.text:xdc_runtime_Core_assignParams__I)
                  20012138    00000046     display.a : DisplayUart.oem4 (.text:DisplayUartMin_vprintf)
                  2001217e    00000002     --HOLE-- [fill = 0]
                  20012180    00000044     driverlib.a : prcm.obj (.text:PRCMLPDSRestoreInfoSet)
                  200121c4    00000044     drivers_cc32xx.a : PowerCC32XX_asm.oem4 (.text:PowerCC32XX_enterLPDS)
                  20012208    00000044                      : SPI.oem4 (.text:SPI_init)
                  2001224c    00000044                      : UART.oem4 (.text:UART_init)
                  20012290    00000044     boot.aem4 : boot.oem4 (.text)
                  200122d4    00000044     rtsv7M4_T_le_eabi.lib : fd_tou_t2.asm.obj (.text)
                  20012318    00000044     sysbios.aem4 : BIOS.obj (.text:ti_sysbios_family_arm_m3_Hwi_getStackInfo__E)
                  2001235c    00000004     release_pem4.oem4 (.text:xdc_runtime_System_Module_GateProxy_leave__E)
                  20012360    00000044     sysbios.aem4 : BIOS.obj (.text:ti_sysbios_knl_Mailbox_postInit__I)
                  200123a4    00000004     --HOLE-- [fill = 0]
                  200123a8    00000044                  : BIOS.obj (.text:ti_sysbios_knl_Swi_post__E)
                  200123ec    00000004     --HOLE-- [fill = 0]
                  200123f0    00000044                  : BIOS.obj (.text:xdc_runtime_System_atexit__E)
                  20012434    00000040     dpl_cc32xx.a : ClockP_tirtos.oem4 (.text:ClockP_create)
                  20012474    00000040     simplelink.a : sl_socket.obj (.text:CountSetBits)
                  200124b4    00000040     dpl_cc32xx.a : HwiP_tirtos.oem4 (.text:HwiP_create)
                  200124f4    00000040     driverlib.a : pin.obj (.text:PinModeSet)
                  20012534    00000040     drivers_cc32xx.a : SPI.oem4 (.text:SPI_open)
                  20012574    00000040     slnetsock_release.a : slnetif.oem4 (.text:SlNetIf_configCheck)
                  200125b4    00000040                         : slnetsock.oem4 (.text:SlNetSock_bind)
                  200125f4    00000040     drivers_cc32xx.a : UART.oem4 (.text:UART_open)
                  20012634    00000040                      : UDMACC32XX.oem4 (.text:UDMACC32XX_init)
                  20012674    00000040     simplelink.a : driver.obj (.text:_SlDrvGlobalObjUnLock)
                  200126b4    00000040                  : spawn.obj (.text:_SlInternalSpawnWaitForEvent)
                  200126f4    00000040                  : eventreg.obj (.text:_SlIsEventRegistered)
                  20012734    00000040     rtsv7M4_T_le_eabi.lib : u_divt2.asm.obj (.text)
                  20012774    00000040                           : sprintf.c.obj (.text:sprintf)
                  200127b4    00000004     --HOLE-- [fill = 0]
                  200127b8    00000040     sysbios.aem4 : BIOS.obj (.text:ti_sysbios_heaps_HeapMem_Instance_init__E)
                  200127f8    00000040                  : BIOS.obj (.text:ti_sysbios_knl_Clock_Instance_init__E)
                  20012838    0000003e     slnetsock_release.a : slnetsock.oem4 (.text:SlNetSock_close)
                  20012876    0000003e     simplelink.a : sl_socket.obj (.text:_SlSocketBuildAddress)
                  200128b4    0000003e     rtsv7M4_T_le_eabi.lib : _printfi.c.obj (.text:_fcpy)
                  200128f2    00000006     display.a : DisplayUart.oem4 (.text:DisplayUartMin_control)
                  200128f8    0000003e     sysbios.aem4 : BIOS.obj (.text:sem_timedwait)
                  20012936    00000002     --HOLE-- [fill = 0]
                  20012938    0000003c     drivers_cc32xx.a : PowerCC32XX.oem4 (.text:Power_setConstraint)
                  20012974    0000003c     dpl_cc32xx.a : SemaphoreP_tirtos.oem4 (.text:SemaphoreP_create)
                  200129b0    0000003c     simplelink.a : netapp.obj (.text:_SlNetAppCopyPingResultsToReport)
                  200129ec    00000004     --HOLE-- [fill = 0]
                  200129f0    0000003c     sysbios.aem4 : BIOS.obj (.text:pthread_mutex_unlock)
                  20012a2c    00000004     --HOLE-- [fill = 0]
                  20012a30    0000003c                  : BIOS.obj (.text:ti_sysbios_family_arm_m3_Hwi_Instance_finalize__E)
                  20012a6c    00000004     --HOLE-- [fill = 0]
                  20012a70    0000003c                  : BIOS.obj (.text:ti_sysbios_family_arm_m3_Timer_setPeriodMicroSecs__E)
                  20012aac    0000003c     release_pem4.oem4 (.text:ti_sysbios_knl_Clock_create)
                  20012ae8    0000003c     sysbios.aem4 : BIOS.obj (.text:ti_sysbios_knl_Clock_walkQueuePeriodic__E)
                  20012b24    00000004     --HOLE-- [fill = 0]
                  20012b28    0000003c                  : BIOS.obj (.text:ti_sysbios_knl_Swi_restore__E)
                  20012b64    0000003c     simplelink.a : sl_socket.obj (.text:to_mSec)
                  20012ba0    0000003c     sysbios.aem4 : BIOS.obj (.text:usleep)
                  20012bdc    00000004     --HOLE-- [fill = 0]
                  20012be0    0000003c                  : BIOS.obj (.text:xdc_runtime_System_processAtExit__E)
                  20012c1c    0000003a     dpl_cc32xx.a : PowerCC32XX_tirtos.oem4 (.text:getCountsRTC)
                  20012c56    00000002     --HOLE-- [fill = 0]
                  20012c58    00000038     driverlib.a : prcm.obj (.text:PRCMLPDSEnterKeepDebugIf)
                  20012c90    00000038     slnetifwifi.a : slnetifwifi.obj (.text:SlNetIfWifi_recvFrom)
                  20012cc8    00000038                   : slnetifwifi.obj (.text:SlNetIfWifi_sendTo)
                  20012d00    00000038                   : slnetifwifi.obj (.text:SlNetIfWifi_socket)
                  20012d38    00000038     slnetsock_release.a : slnetsock.oem4 (.text:SlNetSock_listen)
                  20012d70    00000038                         : slnetutils.oem4 (.text:SlNetUtil_htonl)
                  20012da8    00000038     drivers_cc32xx.a : PowerCC32XX.oem4 (.text:notify)
                  20012de0    00000038     rtsv7M4_T_le_eabi.lib : fs_tod_t2.asm.obj (.text)
                  20012e18    00000038     drivers_cc32xx.a : UARTCC32XXDMA.oem4 (.text:startTxFifoEmptyClk)
                  20012e50    00000038     sysbios.aem4 : BIOS.obj (.text:ti_sysbios_knl_Task_processVitalTaskFlag__I)
                  20012e88    00000036     slnetifwifi.a : slnetifwifi.obj (.text:SlNetIfWifi_getHostByName)
                  20012ebe    00000036                   : slnetifwifi.obj (.text:SlNetIfWifi_select)
                  20012ef4    00000034     driverlib.a : pin.obj (.text:PinModeGet)
                  20012f28    00000034     drivers_cc32xx.a : PowerCC32XX.oem4 (.text:PowerCC32XX_restoreParkState)
                  20012f5c    00000034     slnetifwifi.a : slnetifwifi.obj (.text:SlNetIfWifi_CreateContext)
                  20012f90    00000034     slnetsock_release.a : slnetif.oem4 (.text:SlNetIf_init)
                  20012fc4    00000034                         : slnetutils.oem4 (.text:SlNetUtil_htons)
                  20012ff8    00000034     drivers_cc32xx.a : UDMACC32XX.oem4 (.text:UDMACC32XX_close)
                  2001302c    00000004     --HOLE-- [fill = 0]
                  20013030    00000034     sysbios.aem4 : BIOS.obj (.text:ti_sysbios_family_arm_m3_Timer_periodicStub__I)
                  20013064    00000034     release_pem4.oem4 (.text:ti_sysbios_knl_Semaphore_create)
                  20013098    00000034     drivers_cc32xx.a : UARTCC32XXDMA.oem4 (.text:writeFinishedDoCallback)
                  200130cc    00000004     --HOLE-- [fill = 0]
                  200130d0    00000032     sysbios.aem4 : BIOS.obj (.text:ti_sysbios_hal_Hwi_initStack)
                  20013102    00000006     display.a : DisplayUart.oem4 (.text:DisplayUartMin_getType)
                  20013108    00000032     sysbios.aem4 : BIOS.obj (.text:xdc_runtime_System_putchar__I)
                  2001313a    00000030     drivers_cc32xx.a : PowerCC32XX.oem4 (.text:PowerCC32XX_restoreParkedPin)
                  2001316a    00000030     simplelink.a : fs.obj (.text:_SlFsStrlen)
                  2001319a    00000006     slnetifwifi.a : slwificonn.obj (.text:DummyPrintf)
                  200131a0    00000030     sysbios.aem4 : BIOS.obj (.text:getTime$21)
                  200131d0    00000030     release_pem4.oem4 (.text:ti_sysbios_BIOS_atExitFunc__I)
                  20013200    00000030     release_pem4.oem4 (.text:ti_sysbios_BIOS_startFunc__I)
                  20013230    00000030     sysbios.aem4 : BIOS.obj (.text:ti_sysbios_family_arm_m3_TaskSupport_start__E)
                  20013260    00000030     release_pem4.oem4 (.text:ti_sysbios_gates_GateHwi_Object__create__S)
                  20013290    00000030     release_pem4.oem4 (.text:ti_sysbios_gates_GateMutex_Object__create__S)
                  200132c0    00000030     sysbios.aem4 : BIOS.obj (.text:ti_sysbios_gates_GateMutex_enter__E)
                  200132f0    00000030     release_pem4.oem4 (.text:ti_sysbios_heaps_HeapMem_Object__create__S)
                  20013320    00000030     release_pem4.oem4 (.text:ti_sysbios_knl_Semaphore_construct)
                  20013350    00000030     sysbios.aem4 : BIOS.obj (.text:ti_sysbios_knl_Semaphore_pendTimeout__I)
                  20013380    00000030                  : BIOS.obj (.text:ti_sysbios_knl_Task_restore__E)
                  200133b0    00000030                  : BIOS.obj (.text:ti_sysbios_knl_Task_unblockI__E)
                  200133e0    00000030     release_pem4.oem4 (.text:ti_sysbios_rts_MemAlloc_alloc)
                  20013410    0000002e     simplelink.a : cc_pal.obj (.text:Mutex_create_handle)
                  2001343e    0000002e     rtsv7M4_T_le_eabi.lib : i_tofd_t2.asm.obj (.text)
                  2001346c    0000002c     simplelink.a : cc_pal.obj (.text:NwpPowerOn)
                  20013498    0000002c     drivers_cc32xx.a : PowerCC32XX.oem4 (.text:PowerCC32XX_getParkState)
                  200134c4    0000002c     dpl_cc32xx.a : SemaphoreP_tirtos.oem4 (.text:SemaphoreP_createBinary)
                  200134f0    0000002c     slnetifwifi.a : slnetifwifi.obj (.text:SlNetIfWifi_recv)
                  2001351c    0000002c                   : slnetifwifi.obj (.text:SlNetIfWifi_send)
                  20013548    0000002c     simplelink.a : driver.obj (.text:_SlDrvSyncObjWaitForever)
                  20013574    00000004     --HOLE-- [fill = 0]
                  20013578    0000002c     sysbios.aem4 : BIOS.obj (.text:_pthread_cleanupFxn)
                  200135a4    00000004     --HOLE-- [fill = 0]
                  200135a8    0000002c                  : BIOS.obj (.text:_pthread_delete$43)
                  200135d4    00000004     --HOLE-- [fill = 0]
                  200135d8    0000002c                  : BIOS.obj (.text:clockFxn$41)
                  20013604    0000002c     slnetsock_release.a : socket.oem4 (.text:setsockopt)
                  20013630    0000002c     sysbios.aem4 : BIOS.obj (.text:ti_sysbios_family_arm_m3_TimestampProvider_Module_startup__E)
                  2001365c    0000002c     release_pem4.oem4 (.text:ti_sysbios_gates_GateHwi_Handle__label__S)
                  20013688    0000002c     release_pem4.oem4 (.text:ti_sysbios_gates_GateMutex_Handle__label__S)
                  200136b4    0000002c     release_pem4.oem4 (.text:ti_sysbios_heaps_HeapMem_Handle__label__S)
                  200136e0    0000002c     release_pem4.oem4 (.text:ti_sysbios_knl_Clock_doTick__I)
                  2001370c    0000002c     release_pem4.oem4 (.text:ti_sysbios_knl_Queue_construct)
                  20013738    0000002a     display.a : Display.oem4 (.text:Display_doPrintf)
                  20013762    0000002a     drivers_cc32xx.a : UARTCC32XXDMA.oem4 (.text:UARTCC32XXDMA_readCancel)
                  2001378c    0000002a                      : UARTCC32XXDMA.oem4 (.text:UARTCC32XXDMA_writeCancel)
                  200137b6    0000002a     release_pem4.oem4 (.text:calloc)
                  200137e0    0000002a     sysbios.aem4 : BIOS.obj (.text:sem_init)
                  2001380a    00000002     --HOLE-- [fill = 0]
                  2001380c    00000028     display.a : Display.oem4 (.text:Display_doInit)
                  20013834    00000028     driverlib.a : prcm.obj (.text:PRCMPeripheralClkDisable)
                  2001385c    00000028     dpl_cc32xx.a : PowerCC32XX_tirtos.oem4 (.text:PowerCC32XX_initPolicy)
                  20013884    00000028     drivers_cc32xx.a : PowerCC32XX.oem4 (.text:Power_registerNotify)
                  200138ac    00000028     slnetsock_release.a : slnetif.oem4 (.text:SlNetIf_callback)
                  200138d4    00000028                         : slnetif.oem4 (.text:SlNetIf_getIfByID)
                  200138fc    00000028     slnetifwifi.a : slwificonn.obj (.text:SlWifiConn_registerNetIFCallback)
                  20013924    00000028     simplelink.a : driver.obj (.text:_SlDrvProtectionObjLockWaitForever)
                  2001394c    00000028                  : driver.obj (.text:_SlDrvProtectionObjUnLock)
                  20013974    00000028                  : flowcont.obj (.text:_SlFlowContSet)
                  2001399c    00000028     sysbios.aem4 : m3_Hwi_asm.obj (.text:ti_sysbios_family_arm_m3_Hwi_excHandlerAsm__I)
                  200139c4    00000004     --HOLE-- [fill = 0]
                  200139c8    00000028                  : BIOS.obj (.text:ti_sysbios_knl_Clock_addI__E)
                  200139f0    00000028                  : BIOS.obj (.text:ti_sysbios_knl_Swi_Module_startup__E)
                  20013a18    00000026     drivers_cc32xx.a : List.oem4 (.text:List_put)
                  20013a3e    00000026                      : List.oem4 (.text:List_remove)
                  20013a64    00000024                      : PowerCC32XX.oem4 (.text:PowerCC32XX_reset)
                  20013a88    00000024     slnetsock_release.a : slnetif.oem4 (.text:SlNetIf_getConnectionStatus)
                  20013aac    00000024     simplelink.a : driver.obj (.text:_SlDrvIsApiInProgress)
                  20013ad0    00000024                  : driver.obj (.text:_SlDrvStartMeasureTimeout)
                  20013af4    00000004     --HOLE-- [fill = 0]
                  20013af8    00000024     sysbios.aem4 : BIOS.obj (.text:pthread_attr_init)
                  20013b1c    00000024     release_pem4.oem4 (.text:ti_sysbios_BIOS_registerRTSLock__I)
                  20013b40    00000024     release_pem4.oem4 (.text:ti_sysbios_BIOS_removeRTSLock__I)
                  20013b64    00000004     --HOLE-- [fill = 0]
                  20013b68    00000024     sysbios.aem4 : BIOS.obj (.text:ti_sysbios_family_arm_m3_Timer_postInit__I)
                  20013b8c    00000004     --HOLE-- [fill = 0]
                  20013b90    00000024                  : BIOS.obj (.text:ti_sysbios_family_arm_m3_Timer_startup__E)
                  20013bb4    00000024     release_pem4.oem4 (.text:ti_sysbios_gates_GateMutex_Object__delete__S)
                  20013bd8    00000024     sysbios.aem4 : BIOS.obj (.text:ti_sysbios_knl_Clock_Module_startup__E)
                  20013bfc    00000024     release_pem4.oem4 (.text:ti_sysbios_knl_Clock_Object__delete__S)
                  20013c20    00000024     sysbios.aem4 : BIOS.obj (.text:ti_sysbios_knl_Clock_start__E)
                  20013c44    00000004     --HOLE-- [fill = 0]
                  20013c48    00000024                  : BIOS.obj (.text:ti_sysbios_knl_Semaphore_Instance_init__E)
                  20013c6c    00000024     release_pem4.oem4 (.text:ti_sysbios_knl_Semaphore_Object__delete__S)
                  20013c90    00000024     sysbios.aem4 : BIOS.obj (.text:ti_sysbios_knl_Task_restoreHwi__E)
                  20013cb4    00000004     --HOLE-- [fill = 0]
                  20013cb8    00000024                  : BIOS.obj (.text:xdc_runtime_Error_policyMin__E)
                  20013cdc    00000020     drivers_cc32xx.a : PowerCC32XX.oem4 (.text:Power_unregisterNotify)
                  20013cfc    00000020     slnetifwifi.a : slnetifwifi.obj (.text:SlNetIfWifi_accept)
                  20013d1c    00000020     drivers_cc32xx.a : SPICC32XXDMA.oem4 (.text:getPowerMgrId)
                  20013d3c    00000020                      : UARTCC32XXDMA.oem4 (.text:getPowerMgrId)
                  20013d5c    00000020     rtsv7M4_T_le_eabi.lib : u_tofd_t2.asm.obj (.text)
                  20013d7c    00000020     release_pem4.oem4 (.text:ti_sysbios_BIOS_rtsLock__I)
                  20013d9c    00000020     release_pem4.oem4 (.text:ti_sysbios_family_arm_m3_Hwi_Object__delete__S)
                  20013dbc    00000004     --HOLE-- [fill = 0]
                  20013dc0    00000020     sysbios.aem4 : BIOS.obj (.text:ti_sysbios_family_arm_m3_Hwi_clearInterrupt__E)
                  20013de0    00000020     release_pem4.oem4 (.text:ti_sysbios_gates_GateHwi_Object__delete__S)
                  20013e00    00000020     release_pem4.oem4 (.text:ti_sysbios_heaps_HeapMem_Object__delete__S)
                  20013e20    00000020     sysbios.aem4 : BIOS.obj (.text:ti_sysbios_knl_Idle_run__E)
                  20013e40    00000020     release_pem4.oem4 (.text:ti_sysbios_knl_Semaphore_destruct)
                  20013e60    00000020     release_pem4.oem4 (.text:ti_sysbios_knl_Task_Object__delete__S)
                  20013e80    0000001e     slnetifwifi.a : slnetifwifi.obj (.text:SlNetIfWifi_bind)
                  20013e9e    0000001e                   : slnetifwifi.obj (.text:SlNetIfWifi_connect)
                  20013ebc    0000001e     simplelink.a : driver.obj (.text:_SlDrvObjLockWaitForever)
                  20013eda    0000001e                  : driver.obj (.text:_SlDrvObjUnLock)
                  20013ef8    0000001e                  : driver.obj (.text:_SlDrvSyncObjSignal)
                  20013f16    0000001e     drivers_cc32xx.a : UDMACC32XX.oem4 (.text:postNotifyFxn)
                  20013f34    0000001e     sysbios.aem4 : m3_Hwi_asm_switch.obj (.text:ti_sysbios_family_xxx_Hwi_switchAndRunFunc)
                  20013f52    00000002     --HOLE-- [fill = 0]
                  20013f54    0000001c     driverlib.a : pin.obj (.text:PinToPadGet)
                  20013f70    0000001c     simplelink.a : device.obj (.text:_SlDeviceGetStartResponseConvert)
                  20013f8c    0000001c                  : spawn.obj (.text:_SlInternalIsItSpawnThread)
                  20013fa8    0000001c     rtsv7M4_T_le_eabi.lib : memccpy.c.obj (.text:memccpy)
                  20013fc4    00000004     --HOLE-- [fill = 0]
                  20013fc8    0000001c     sysbios.aem4 : BIOS.obj (.text:ti_sysbios_family_arm_m3_Hwi_excHandler__I)
                  20013fe4    00000004     --HOLE-- [fill = 0]
                  20013fe8    0000001c                  : BIOS.obj (.text:ti_sysbios_family_arm_m3_Timer_Module_startup__E)
                  20014004    00000004     --HOLE-- [fill = 0]
                  20014008    0000001c                  : BIOS.obj (.text:ti_sysbios_family_arm_m3_Timer_stop__E)
                  20014024    00000004     --HOLE-- [fill = 0]
                  20014028    0000001c                  : BIOS.obj (.text:ti_sysbios_gates_GateMutex_Instance_init__E)
                  20014044    00000004     --HOLE-- [fill = 0]
                  20014048    0000001c                  : BIOS.obj (.text:ti_sysbios_knl_Clock_Instance_finalize__E)
                  20014064    0000001c     release_pem4.oem4 (.text:ti_sysbios_knl_Queue_destruct)
                  20014080    0000001c     sysbios.aem4 : BIOS.obj (.text:ti_sysbios_knl_Queue_put__E)
                  2001409c    00000004     --HOLE-- [fill = 0]
                  200140a0    0000001c                  : BIOS.obj (.text:ti_sysbios_knl_Task_enter__I)
                  200140bc    00000004     --HOLE-- [fill = 0]
                  200140c0    0000001c                  : BIOS.obj (.text:ti_sysbios_rts_ti_ReentSupport_getReent__F)
                  200140dc    0000001a     slnetifwifi.a : slnetifwifi.obj (.text:SlNetIfWifi_listen)
                  200140f6    0000001a     release_pem4.oem4 (.text:free)
                  20014110    0000001a     sysbios.aem4 : m3_Hwi_asm.obj (.text:ti_sysbios_family_arm_m3_Hwi_pendSV__I)
                  2001412a    00000002     --HOLE-- [fill = 0]
                  2001412c    00000018     drivers_cc32xx.a : PowerCC32XX.oem4 (.text:Power_getTransitionLatency)
                  20014144    00000018                      : PowerCC32XX.oem4 (.text:Power_idleFunc)
                  2001415c    00000018     driverlib.a : uart.obj (.text:UARTBusy)
                  20014174    00000018     drivers_cc32xx.a : UART.oem4 (.text:UART_Params_init)
                  2001418c    00000018     rtsv7M4_T_le_eabi.lib : args_main.c.obj (.text:_args_main)
                  200141a4    00000018                           : sprintf.c.obj (.text:_outs)
                  200141bc    00000018     tcpHello.obj (.text:close)
                  200141d4    00000018     rtsv7M4_T_le_eabi.lib : ll_mul_t2.asm.obj (.text)
                  200141ec    00000018     release_pem4.oem4 (.text:ti_sysbios_BIOS_rtsUnlock__I)
                  20014204    00000018     release_pem4.oem4 (.text:ti_sysbios_family_arm_m3_Hwi_Module__startupDone__F)
                  2001421c    00000018     release_pem4.oem4 (.text:ti_sysbios_family_arm_m3_Timer_Module__startupDone__F)
                  20014234    00000004     --HOLE-- [fill = 0]
                  20014238    00000018     sysbios.aem4 : BIOS.obj (.text:ti_sysbios_gates_GateMutex_leave__E)
                  20014250    00000018                  : BIOS.obj (.text:ti_sysbios_knl_Task_sleepTimeout__I)
                  20014268    00000018     release_pem4.oem4 (.text:ti_sysbios_rts_ti_ReentSupport_getTlsAddr__I)
                  20014280    00000018     sysbios.aem4 : BIOS.obj (.text:xdc_runtime_Error_init__E)
                  20014298    00000018                  : BIOS.obj (.text:xdc_runtime_System_exit__E)
                  200142b0    00000016     display.a : DisplayUart.oem4 (.text:DisplayUartMin_close)
                  200142c6    00000016     driverlib.a : prcm.obj (.text:PRCMHIBRegRead)
                  200142dc    00000016                 : prcm.obj (.text:PRCMHIBRegWrite)
                  200142f2    00000016     simplelink.a : driver.obj (.text:_SlDrvMemZero)
                  20014308    00000016     sysbios.aem4 : BIOS.obj (.text:pthread_mutex_destroy)
                  2001431e    00000016     slnetsock_release.a : socket.oem4 (.text:socket)
                  20014334    00000016     rtsv7M4_T_le_eabi.lib : strchr.c.obj (.text:strchr)
                  2001434a    00000016     release_pem4.oem4 (.text:ti_sysbios_BIOS_exitFunc__I)
                  20014360    00000014     drivers_cc32xx.a : PowerCC32XX.oem4 (.text:Power_getDependencyCount)
                  20014374    00000014                      : SPI.oem4 (.text:SPI_Params_init)
                  20014388    00000014     sysbios.aem4 : BIOS.obj (.text:pthread_attr_setschedparam)
                  2001439c    00000014     rtsv7M4_T_le_eabi.lib : strcpy.c.obj (.text:strcpy)
                  200143b0    00000014                           : strlen.c.obj (.text:strlen)
                  200143c4    00000014     release_pem4.oem4 (.text:ti_sysbios_family_arm_m3_Hwi_Object__get__S)
                  200143d8    00000014     sysbios.aem4 : BIOS.obj (.text:ti_sysbios_family_arm_m3_Hwi_switchFromBootStack__E)
                  200143ec    00000014     release_pem4.oem4 (.text:ti_sysbios_heaps_HeapMem_Object__get__S)
                  20014400    00000014     sysbios.aem4 : BIOS.obj (.text:ti_sysbios_knl_Clock_tickReconfig__E)
                  20014414    00000014     release_pem4.oem4 (.text:ti_sysbios_knl_Swi_Object__get__S)
                  20014428    00000012     dpl_cc32xx.a : SemaphoreP_tirtos.oem4 (.text:SemaphoreP_pend)
                  2001443a    00000012     slnetifwifi.a : slnetifwifi.obj (.text:SlNetIfWifi_close)
                  2001444c    00000004     --HOLE-- [fill = 0]
                  20014450    00000012     sysbios.aem4 : BIOS.obj (.text:_pthread_runStub$43)
                  20014462    00000006     drivers_cc32xx.a : SPICC32XXDMA.oem4 (.text:SPICC32XXDMA_control)
                  20014468    00000012     sysbios.aem4 : BIOS.obj (.text:ti_sysbios_hal_Hwi_Module_startup__E)
                  2001447a    00000012     rtsv7M4_T_le_eabi.lib : wcslen.c.obj (.text:wcslen)
                  2001448c    00000012     release_pem4.oem4 (.text:xdc_runtime_Startup_exec__I)
                  2001449e    00000010     ti_drivers_config.obj (.text:Board_init)
                  200144ae    00000010     dpl_cc32xx.a : HwiP_tirtos.oem4 (.text:HwiP_Params_init)
                  200144be    00000010     slnetifwifi.a : slnetifwifi.obj (.text:SlNetIfWifi_DeleteContext)
                  200144ce    00000010     simplelink.a : driver.obj (.text:_SlDrvDispatchHttpServerEvents)
                  200144de    00000010                  : driver.obj (.text:_SlDrvDispatchNetAppRequestEvents)
                  200144ee    00000010                  : driver.obj (.text:_SlDrvIsSpawnOwnGlobalLock)
                  200144fe    00000010     slnetsock_release.a : socket.oem4 (.text:bind)
                  2001450e    00000010     ti_drivers_config.obj (.text:dmaErrorFxn)
                  2001451e    00000010     slnetsock_release.a : socket.oem4 (.text:listen)
                  2001452e    00000002     --HOLE-- [fill = 0]
                  20014530    00000010     sysbios.aem4 : BIOS.obj (.text:pthread_mutexattr_init)
                  20014540    00000010                  : BIOS.obj (.text:pthread_mutexattr_settype)
                  20014550    00000010     slnetifwifi.a : slnetifwifi.obj (.text:slNetIfWifi_connDisable)
                  20014560    00000010     sysbios.aem4 : BIOS.obj (.text:ti_sysbios_BIOS_getCpuFreq__E)
                  20014570    00000010                  : BIOS.obj (.text:ti_sysbios_BIOS_setThreadType__E)
                  20014580    00000010                  : BIOS.obj (.text:ti_sysbios_BIOS_start__E)
                  20014590    00000010                  : m3_TaskSupport_asm.obj (.text:ti_sysbios_family_arm_m3_TaskSupport_glue)
                  200145a0    00000010                  : m3_TaskSupport_asm.obj (.text:ti_sysbios_family_arm_m3_TaskSupport_swap__E)
                  200145b0    00000010                  : BIOS.obj (.text:ti_sysbios_gates_GateMutex_Instance_finalize__E)
                  200145c0    00000010     release_pem4.oem4 (.text:ti_sysbios_knl_Mailbox_Object__get__S)
                  200145d0    00000010     sysbios.aem4 : BIOS.obj (.text:ti_sysbios_knl_Semaphore_Instance_finalize__E)
                  200145e0    00000010                  : BIOS.obj (.text:ti_sysbios_knl_Swi_disable__E)
                  200145f0    00000010     release_pem4.oem4 (.text:ti_sysbios_knl_Task_Object__get__S)
                  20014600    00000010     sysbios.aem4 : BIOS.obj (.text:ti_sysbios_knl_Task_disable__E)
                  20014610    00000010                  : BIOS.obj (.text:xdc_runtime_Memory_free__E)
                  20014620    00000010                  : BIOS.obj (.text:xdc_runtime_SysCallback_abort__E)
                  20014630    00000010                  : BIOS.obj (.text:xdc_runtime_SysCallback_exit__E)
                  20014640    00000010                  : BIOS.obj (.text:xdc_runtime_SysCallback_putch__E)
                  20014650    00000010                  : BIOS.obj (.text:xdc_runtime_SysCallback_ready__E)
                  20014660    00000010                  : BIOS.obj (.text:xdc_runtime_System_vsnprintf__E)
                  20014670    0000000e     simplelink.a : driver.obj (.text:_SlDrvResetCmdExt)
                  2001467e    0000000e     slnetsock_release.a : socket.oem4 (.text:accept)
                  2001468c    0000000e     rtsv7M4_T_le_eabi.lib : copy_decompress_none.c.obj (.text:decompress:none:__TI_decompress_none)
                  2001469a    0000000e     drivers_cc32xx.a : SPICC32XXDMA.oem4 (.text:postNotifyFxn)
                  200146a8    0000000e     sysbios.aem4 : BIOS.obj (.text:pthread_attr_setdetachstate)
                  200146b6    00000002     --HOLE-- [fill = 0]
                  200146b8    0000000e                  : BIOS.obj (.text:sem_wait)
                  200146c6    0000000e     slnetsock_release.a : socket.oem4 (.text:send)
                  200146d4    0000000e     slnetifwifi.a : slnetifwifi.obj (.text:slNetIfWifi_connEnable)
                  200146e2    0000000e     simplelink.a : cc_pal.obj (.text:spi_Close)
                  200146f0    0000000e     sysbios.aem4 : BIOS.obj (.text:ti_sysbios_knl_Idle_loop__E)
                  200146fe    00000002     --HOLE-- [fill = 0]
                  20014700    0000000e                  : BIOS.obj (.text:ti_sysbios_knl_Queue_empty__E)
                  2001470e    0000000c     dpl_cc32xx.a : ClockP_tirtos.oem4 (.text:ClockP_delete)
                  2001471a    00000002     --HOLE-- [fill = 0]
                  2001471c    0000000c                  : ClockP_tirtos.oem4 (.text:ClockP_getSystemTickPeriod)
                  20014728    0000000c                  : HwiP_tirtos.oem4 (.text:HwiP_delete)
                  20014734    0000000c     simplelink.a : cc_pal.obj (.text:NwpMaskInterrupt)
                  20014740    0000000c                  : cc_pal.obj (.text:NwpUnMaskInterrupt)
                  2001474c    0000000c     drivers_cc32xx.a : PowerCC32XX.oem4 (.text:Power_getConstraintMask)
                  20014758    0000000c     dpl_cc32xx.a : SemaphoreP_tirtos.oem4 (.text:SemaphoreP_delete)
                  20014764    0000000c     platform.obj (.text:SimpleLinkHttpServerEventHandler)
                  20014770    0000000c     platform.obj (.text:SimpleLinkNetAppRequestEventHandler)
                  2001477c    0000000c     simplelink.a : device.obj (.text:_SlDeviceResetRequestInitCompletedCB)
                  20014788    0000000c     rtsv7M4_T_le_eabi.lib : _lock.c.obj (.text:_register_lock)
                  20014794    0000000c                           : _lock.c.obj (.text:_register_unlock)
                  200147a0    0000000c                           : s_copysign.c.obj (.text:copysign)
                  200147ac    0000000c                           : copy_zero_init.c.obj (.text:decompress:ZI:__TI_zero_init)
                  200147b8    0000000c     drivers_cc32xx.a : UARTCC32XXDMA.oem4 (.text:postNotifyFxn)
                  200147c4    00000004     --HOLE-- [fill = 0]
                  200147c8    0000000c     sysbios.aem4 : BIOS.obj (.text:pthread_self)
                  200147d4    0000000c     release_pem4.oem4 (.text:ti_sysbios_family_arm_m3_Hwi_Params__init__S)
                  200147e0    0000000c     sysbios.aem4 : BIOS.obj (.text:ti_sysbios_family_arm_m3_Hwi_disableFxn__E)
                  200147ec    00000004     --HOLE-- [fill = 0]
                  200147f0    0000000c                  : BIOS.obj (.text:ti_sysbios_family_arm_m3_TaskSupport_getStackAlignment__E)
                  200147fc    00000004     --HOLE-- [fill = 0]
                  20014800    0000000c                  : BIOS.obj (.text:ti_sysbios_gates_GateHwi_enter__E)
                  2001480c    0000000c     release_pem4.oem4 (.text:ti_sysbios_knl_Clock_Params__init__S)
                  20014818    0000000c     sysbios.aem4 : BIOS.obj (.text:ti_sysbios_knl_Clock_getTicks__E)
                  20014824    00000004     --HOLE-- [fill = 0]
                  20014828    0000000c                  : BIOS.obj (.text:ti_sysbios_knl_Clock_setTicks__E)
                  20014834    00000004     --HOLE-- [fill = 0]
                  20014838    0000000c                  : BIOS.obj (.text:ti_sysbios_knl_Clock_tickStart__E)
                  20014844    00000004     --HOLE-- [fill = 0]
                  20014848    0000000c                  : BIOS.obj (.text:ti_sysbios_knl_Clock_tickStop__E)
                  20014854    0000000c     release_pem4.oem4 (.text:ti_sysbios_knl_Queue_Object__get__S)
                  20014860    0000000c     release_pem4.oem4 (.text:ti_sysbios_knl_Semaphore_Params__init__S)
                  2001486c    0000000c     release_pem4.oem4 (.text:ti_sysbios_knl_Task_Params__init__S)
                  20014878    0000000c     sysbios.aem4 : BIOS.obj (.text:ti_sysbios_knl_Task_self__E)
                  20014884    00000004     --HOLE-- [fill = 0]
                  20014888    0000000c                  : BIOS.obj (.text:ti_sysbios_rts_ti_ReentSupport_taskRegHook__I)
                  20014894    0000000c     driverlib.a : udma.obj (.text:uDMAErrorStatusClear)
                  200148a0    0000000c                 : udma.obj (.text:uDMAErrorStatusGet)
                  200148ac    00000004     --HOLE-- [fill = 0]
                  200148b0    0000000c     sysbios.aem4 : BIOS.obj (.text:xdc_runtime_Startup_rtsDone__E)
                  200148bc    0000000a     dpl_cc32xx.a : ClockP_tirtos.oem4 (.text:ClockP_Params_init)
                  200148c6    0000000a     drivers_cc32xx.a : SPI.oem4 (.text:SPI_close)
                  200148d0    0000000a                      : SPI.oem4 (.text:SPI_transfer)
                  200148da    0000000a     platform.obj (.text:SimpleLinkFatalErrorEventHandler)
                  200148e4    0000000a     platform.obj (.text:SimpleLinkGeneralEventHandler)
                  200148ee    0000000a     platform.obj (.text:SimpleLinkNetAppRequestMemFreeEventHandler)
                  200148f8    0000000a     platform.obj (.text:SimpleLinkSockEventHandler)
                  20014902    0000000a     platform.obj (.text:SimpleLinkWlanEventHandler)
                  2001490c    0000000a     drivers_cc32xx.a : UART.oem4 (.text:UART_close)
                  20014916    0000000a                      : UART.oem4 (.text:UART_control)
                  20014920    0000000a                      : UART.oem4 (.text:UART_write)
                  2001492a    0000000a     rtsv7M4_T_le_eabi.lib : sprintf.c.obj (.text:_outc)
                  20014934    00000004     --HOLE-- [fill = 0]
                  20014938    0000000a     sysbios.aem4 : BIOS.obj (.text:sem_destroy)
                  20014942    00000006     driverlib.a : utils.obj (.text:UtilsDelay)
                  20014948    0000000a     sysbios.aem4 : BIOS.obj (.text:sem_post)
                  20014952    0000000a     simplelink.a : device.obj (.text:sl_Task)
                  2001495c    0000000a     release_pem4.oem4 (.text:xdc_runtime_IHeap_alloc)
                  20014966    0000000a     release_pem4.oem4 (.text:xdc_runtime_IHeap_free)
                  20014970    00000008     dpl_cc32xx.a : SemaphoreP_tirtos.oem4 (.text:SemaphoreP_Params_init)
                  20014978    00000008     simplelink.a : cc_pal.obj (.text:TimerGetCurrentTimestamp)
                  20014980    00000008     drivers_cc32xx.a : SPICC32XXDMA.oem4 (.text:blockingTransferCallback)
                  20014988    00000008     sysbios.aem4 : BIOS.obj (.text:pthread_attr_setstacksize)
                  20014990    00000008                  : BIOS.obj (.text:pthread_mutex_lock)
                  20014998    00000008     drivers_cc32xx.a : UARTCC32XXDMA.oem4 (.text:readSemCallback)
                  200149a0    00000008     sysbios.aem4 : BIOS.obj (.text:sem_getvalue)
                  200149a8    00000008                  : BIOS.obj (.text:ti_sysbios_family_arm_m3_Hwi_doSwiRestore__I)
                  200149b0    00000008                  : BIOS.obj (.text:ti_sysbios_family_arm_m3_Hwi_startup__E)
                  200149b8    00000008     drivers_cc32xx.a : UARTCC32XXDMA.oem4 (.text:writeSemCallback)
                  200149c0    00000006     sysbios.aem4 : BIOS.obj (.text:ti_sysbios_family_arm_m3_Hwi_doTaskRestore__I)
                  200149c6    00000002     --HOLE-- [fill = 0]
                  200149c8    00000006                  : BIOS.obj (.text:ti_sysbios_family_arm_m3_Hwi_restoreFxn__E)
                  200149ce    00000002     --HOLE-- [fill = 0]
                  200149d0    00000006                  : BIOS.obj (.text:ti_sysbios_gates_GateHwi_leave__E)
                  200149d6    00000002     --HOLE-- [fill = 0]
                  200149d8    00000006                  : BIOS.obj (.text:ti_sysbios_heaps_HeapMem_isBlocking__E)
                  200149de    00000002     --HOLE-- [fill = 0]
                  200149e0    00000006                  : BIOS.obj (.text:ti_sysbios_knl_Clock_stop__E)
                  200149e6    00000002     --HOLE-- [fill = 0]
                  200149e8    00000006                  : BIOS.obj (.text:ti_sysbios_knl_Queue_Instance_init__E)
                  200149ee    00000002     --HOLE-- [fill = 0]
                  200149f0    00000006                  : BIOS.obj (.text:ti_sysbios_knl_Swi_startup__E)
                  200149f6    00000002     --HOLE-- [fill = 0]
                  200149f8    00000006                  : BIOS.obj (.text:xdc_runtime_System_Module_startup__E)
                  200149fe    00000002     --HOLE-- [fill = 0]
                  20014a00    00000004                  : BIOS.obj (.text:__aeabi_errno_addr)
                  20014a04    00000004     --HOLE-- [fill = 0]
                  20014a08    00000004                  : BIOS.obj (.text:ti_sysbios_family_arm_m3_Timer_getMaxTicks__E)
                  20014a0c    00000004     --HOLE-- [fill = 0]
                  20014a10    00000004                  : BIOS.obj (.text:ti_sysbios_gates_GateHwi_query__E)
                  20014a14    00000004     --HOLE-- [fill = 0]
                  20014a18    00000004                  : BIOS.obj (.text:ti_sysbios_gates_GateMutex_query__E)
                  20014a1c    00000004     --HOLE-- [fill = 0]
                  20014a20    00000004                  : BIOS.obj (.text:ti_sysbios_knl_Clock_setTimeout__E)
                  20014a24    00000004     --HOLE-- [fill = 0]
                  20014a28    00000004                  : BIOS.obj (.text:ti_sysbios_knl_Task_startup__E)
                  20014a2c    00000004     --HOLE-- [fill = 0]
                  20014a30    00000004                  : BIOS.obj (.text:xdc_runtime_SysCallback_defaultReady)
                  20014a34    00000004     --HOLE-- [fill = 0]
                  20014a38    00000002                  : BIOS.obj (.text:ti_sysbios_BIOS_linkedWithIncorrectBootLibrary__E)
                  20014a3a    00000006     --HOLE-- [fill = 0]
                  20014a40    00000002                  : BIOS.obj (.text:ti_sysbios_gates_GateHwi_Instance_init__E)
                  20014a42    00000006     --HOLE-- [fill = 0]
                  20014a48    00000002                  : BIOS.obj (.text:ti_sysbios_knl_Clock_logTick__E)
                  20014a4a    00000006     --HOLE-- [fill = 0]
                  20014a50    00000002                  : BIOS.obj (.text:xdc_runtime_SysCallback_defaultAbort)
                  20014a52    00000006     --HOLE-- [fill = 0]
                  20014a58    00000002                  : BIOS.obj (.text:xdc_runtime_SysCallback_defaultExit)
                  20014a5a    00000006     --HOLE-- [fill = 0]
                  20014a60    00000002                  : BIOS.obj (.text:xdc_runtime_SysCallback_defaultPutch)
                  20014a62    00000006     --HOLE-- [fill = 0]
                  20014a68    00000002                  : BIOS.obj (.text:xdc_runtime_System_abortSpin__E)
                  20014a6a    00000006     --HOLE-- [fill = 0]
                  20014a70    00000002                  : BIOS.obj (.text:xdc_runtime_System_exitSpin__E)

.bss       0    2001cc00    0000148b     UNINITIALIZED
                  2001cc00    00000400     ti_drivers_config.obj (.bss:displayUARTBuffer)
                  2001d000    00000400     ti_drivers_config.obj (.bss:dmaControlTable)
                  2001d400    000003fc     (.common:g_CB)
                  2001d7fc    0000030c     (.common:ti_sysbios_family_arm_m3_Hwi_dispatchTable)
                  2001db08    00000200     release_pem4.oem4 (.bss:taskStackSection)
                  2001dd08    0000012c     (.common:PowerCC32XX_contextSave)
                  2001de34    00000088     (.common:spiCC32XXDMAObjects)
                  2001debc    00000080     slnetsock_release.a : slnetsock.oem4 (.bss:VirtualSockets)
                  2001df3c    0000006c     (.common:uartCC32XXObjects0)
                  2001dfa8    0000002c     (.common:GlobalLockObj)
                  2001dfd4    00000028     (.common:g_SlInternalSpawnCB)
                  2001dffc    0000001c                         : slnetif.oem4 (.bss:EventsSem)
                  2001e018    0000001c                         : slnetsock.oem4 (.bss:VirtualSocketSem)
                  2001e034    00000014     drivers_cc32xx.a : UDMACC32XX.oem4 (.bss:postNotifyObj)
                  2001e048    0000000c     (.common:DeviceCB)
                  2001e054    0000000c     (.common:Msg)
                  2001e060    0000000c     (.common:displayUartObject)
                  2001e06c    00000008     (.common:spiCC32XXSDMAscratchBuf)
                  2001e074    00000008     (.common:udmaCC3220SObject)
                  2001e07c    00000004     (.common:display)
                  2001e080    00000004     (.common:mode)
                  2001e084    00000004     (.common:ti_sysbios_knl_Task_Instance_State_0_hookEnv__A)
                  2001e088    00000002     (.common:gIfID)
                  2001e08a    00000001     (.common:RxIrqCnt)

.const     0    2001e08c    00000b2c     
                  2001e08c    00000101     rtsv7M4_T_le_eabi.lib : ctype.c.obj (.const:.string:_ctypes_)
                  2001e18d    00000001     display.a : Display.oem4 (.const:Display_defaultParams)
                  2001e18e    00000002     release_pem4.oem4 (.const:ti_sysbios_family_arm_m3_Hwi_Module__id__C)
                  2001e190    00000100     driverlib.a : pin.obj (.const:g_ulPinToPadMap)
                  2001e290    000000a8                 : prcm.obj (.const:PRCM_PeriphRegsList)
                  2001e338    00000078     ti_drivers_config.obj (.const:spiCC32XXDMAHWAttrs)
                  2001e3b0    00000070     simplelink.a : driver.obj (.const:OpcodeTranslateTable)
                  2001e420    00000050                  : driver.obj (.const:_SlActionLookupTable)
                  2001e470    00000044     ti_drivers_config.obj (.const:PowerCC32XX_config)
                  2001e4b4    0000003c     release_pem4.oem4 (.const:ti_sysbios_knl_Task_Object__PARAMS__C)
                  2001e4f0    00000030     release_pem4.oem4 (.const:ti_sysbios_family_arm_m3_Hwi_Object__PARAMS__C)
                  2001e520    00000028     drivers_cc32xx.a : UARTCC32XXDMA.oem4 (.const:UARTCC32XXDMA_fxnTable)
                  2001e548    00000028     release_pem4.oem4 (.const:ti_sysbios_heaps_HeapMem_Module__FXNS__C)
                  2001e570    00000024     drivers_cc32xx.a : UART.oem4 (.const:UART_defaultParams)
                  2001e594    00000024     release_pem4.oem4 (.const:ti_sysbios_gates_GateHwi_Module__FXNS__C)
                  2001e5b8    00000024     release_pem4.oem4 (.const:ti_sysbios_gates_GateMutex_Module__FXNS__C)
                  2001e5dc    00000024     release_pem4.oem4 (.const:ti_sysbios_heaps_HeapMem_Object__PARAMS__C)
                  2001e600    00000024     release_pem4.oem4 (.const:ti_sysbios_knl_Clock_Object__PARAMS__C)
                  2001e624    00000024     release_pem4.oem4 (.const:ti_sysbios_knl_Semaphore_Object__PARAMS__C)
                  2001e648    00000024     ti_drivers_config.obj (.const:uartCC32XXHWAttrs0)
                  2001e66c    00000024     release_pem4.oem4 (.const:xdc_runtime_Startup_sfxnTab__A)
                  2001e690    00000020     display.a : DisplayUart.oem4 (.const:DisplayUartMin_fxnTable)
                  2001e6b0    00000020     simplelink.a : driver.obj (.const:RxMsgClassLUT)
                  2001e6d0    00000020     drivers_cc32xx.a : SPI.oem4 (.const:SPI_defaultParams)
                  2001e6f0    00000020     simplelink.a : device.obj (.const:StartResponseLUT)
                  2001e710    00000020     release_pem4.oem4 (.const:ti_sysbios_family_arm_m3_Hwi_Object__DESC__C)
                  2001e730    00000020     release_pem4.oem4 (.const:ti_sysbios_gates_GateHwi_Object__DESC__C)
                  2001e750    00000020     release_pem4.oem4 (.const:ti_sysbios_gates_GateMutex_Object__DESC__C)
                  2001e770    00000020     release_pem4.oem4 (.const:ti_sysbios_heaps_HeapMem_Object__DESC__C)
                  2001e790    00000020     release_pem4.oem4 (.const:ti_sysbios_knl_Clock_Object__DESC__C)
                  2001e7b0    00000020     release_pem4.oem4 (.const:ti_sysbios_knl_Queue_Object__DESC__C)
                  2001e7d0    00000020     release_pem4.oem4 (.const:ti_sysbios_knl_Semaphore_Object__DESC__C)
                  2001e7f0    00000020     release_pem4.oem4 (.const:ti_sysbios_knl_Task_Object__DESC__C)
                  2001e810    00000018     drivers_cc32xx.a : SPICC32XXDMA.oem4 (.const:SPICC32XXDMA_fxnTable)
                  2001e828    00000018     ti_drivers_config.obj (.const:SPI_config)
                  2001e840    00000018     release_pem4.oem4 (.const:ti_sysbios_gates_GateHwi_Object__PARAMS__C)
                  2001e858    00000018     release_pem4.oem4 (.const:ti_sysbios_gates_GateMutex_Object__PARAMS__C)
                  2001e870    00000018     release_pem4.oem4 (.const:ti_sysbios_knl_Queue_Object__PARAMS__C)
                  2001e888    00000018     release_pem4.oem4 (.const:ti_sysbios_knl_Task_hooks__A)
                  2001e8a0    00000015     ti_drivers_config.obj (.const)
                  2001e8b5    00000001     release_pem4.oem4 (.const:ti_sysbios_knl_Clock_tickMode__C)
                  2001e8b6    00000002     release_pem4.oem4 (.const:ti_sysbios_family_arm_m3_Timer_Module__id__C)
                  2001e8b8    00000014     simplelink.a : cc_pal.obj (.const:$P$T0$1)
                  2001e8cc    00000014                  : device.obj (.const:$P$T0$1)
                  2001e8e0    00000014                  : driver.obj (.const:$P$T0$1)
                  2001e8f4    00000014                  : fs.obj (.const:$P$T0$1)
                  2001e908    00000014                  : cc_pal.obj (.const:$P$T1$2)
[...]
20014949  sem_post                                                        
20014953  sl_Task                                                         
2001495d  xdc_runtime_Memory_HeapProxy_alloc__E                           
20014967  xdc_runtime_Memory_HeapProxy_free__E                            
20014971  SemaphoreP_Params_init                                          
20014979  TimerGetCurrentTimestamp                                        
20014989  pthread_attr_setstacksize                                       
20014991  pthread_mutex_lock                                              
200149a1  sem_getvalue                                                    
200149a9  ti_sysbios_family_arm_m3_Hwi_doSwiRestore__I                    
200149b1  ti_sysbios_family_arm_m3_Hwi_startup__E                         
200149b1  ti_sysbios_hal_Hwi_HwiProxy_startup__E                          
200149b1  ti_sysbios_hal_Hwi_startup__E                                   
200149c1  ti_sysbios_family_arm_m3_Hwi_doTaskRestore__I                   
200149c9  HwiP_restore                                                    
200149c9  ti_sysbios_family_arm_m3_Hwi_restoreFxn__E                      
200149c9  ti_sysbios_hal_Hwi_HwiProxy_restore__E                          
200149d1  ti_sysbios_gates_GateHwi_leave__E                               
200149d9  ti_sysbios_heaps_HeapMem_isBlocking__E                          
200149e1  ti_sysbios_knl_Clock_stop__E                                    
200149e9  ti_sysbios_knl_Queue_Instance_init__E                           
200149f1  ti_sysbios_knl_Swi_startup__E                                   
200149f9  xdc_runtime_System_Module_startup__E                            
20014a01  __aeabi_errno_addr                                              
20014a09  ti_sysbios_family_arm_m3_Timer_getMaxTicks__E                   
20014a11  ti_sysbios_gates_GateHwi_query__E                               
20014a11  xdc_runtime_Main_Module_GateProxy_query__E                      
20014a11  xdc_runtime_System_Module_GateProxy_query__E                    
20014a19  ti_sysbios_BIOS_RtsGateProxy_query__E                           
20014a19  ti_sysbios_gates_GateMutex_query__E                             
20014a19  ti_sysbios_heaps_HeapMem_Module_GateProxy_query__E              
20014a21  ti_sysbios_knl_Clock_setTimeout__E                              
20014a29  ti_sysbios_knl_Task_startup__E                                  
20014a31  xdc_runtime_SysCallback_defaultReady                            
20014a39  ti_sysbios_BIOS_linkedWithIncorrectBootLibrary__E               
20014a41  ti_sysbios_gates_GateHwi_Instance_init__E                       
20014a49  ti_sysbios_knl_Clock_logTick__E                                 
20014a51  xdc_runtime_SysCallback_defaultAbort                            
20014a59  xdc_runtime_SysCallback_defaultExit                             
20014a61  xdc_runtime_SysCallback_defaultPutch                            
20014a69  xdc_runtime_System_abortSpin__E                                 
20014a71  xdc_runtime_System_exitSpin__E                                  
20014a78  __primary_heap_start__                                          
2001ca78  __primary_heap_end__                                            
2001d400  g_CB                                                            
2001d7fc  ti_sysbios_family_arm_m3_Hwi_dispatchTable                      
2001db08  ti_sysbios_knl_Task_Instance_State_0_stack__A                   
2001dd08  PowerCC32XX_contextSave                                         
2001de34  spiCC32XXDMAObjects                                             
2001df3c  uartCC32XXObjects0                                              
2001dfa8  GlobalLockObj                                                   
2001dfd4  g_SlInternalSpawnCB                                             
2001e048  DeviceCB                                                        
2001e054  Msg                                                             
2001e060  displayUartObject                                               
2001e06c  spiCC32XXSDMAscratchBuf                                         
2001e074  udmaCC3220SObject                                               
2001e07c  display                                                         
2001e080  mode                                                            
2001e084  ti_sysbios_knl_Task_Instance_State_0_hookEnv__A                 
2001e088  gIfID                                                           
2001e08a  RxIrqCnt                                                        
2001e08c  _ctypes_                                                        
2001e18d  Display_defaultParams                                           
2001e18e  ti_sysbios_family_arm_m3_Hwi_Module__id__C                      
2001e338  spiCC32XXDMAHWAttrs                                             
2001e3b0  OpcodeTranslateTable                                            
2001e420  _SlActionLookupTable                                            
2001e470  PowerCC32XX_config                                              
2001e4b4  ti_sysbios_knl_Task_Object__PARAMS__C                           
2001e4f0  ti_sysbios_family_arm_m3_Hwi_Object__PARAMS__C                  
2001e520  UARTCC32XXDMA_fxnTable                                          
2001e548  ti_sysbios_heaps_HeapMem_Module__FXNS__C                        
2001e570  UART_defaultParams                                              
2001e594  ti_sysbios_gates_GateHwi_Module__FXNS__C                        
2001e5b8  ti_sysbios_gates_GateMutex_Module__FXNS__C                      
2001e5dc  ti_sysbios_heaps_HeapMem_Object__PARAMS__C                      
2001e600  ti_sysbios_knl_Clock_Object__PARAMS__C                          
2001e624  ti_sysbios_knl_Semaphore_Object__PARAMS__C                      
2001e66c  xdc_runtime_Startup_sfxnTab__A                                  
2001e690  DisplayUartMin_fxnTable                                         
2001e6d0  SPI_defaultParams                                               
2001e710  ti_sysbios_family_arm_m3_Hwi_Object__DESC__C                    
2001e730  ti_sysbios_gates_GateHwi_Object__DESC__C                        
2001e750  ti_sysbios_gates_GateMutex_Object__DESC__C                      
2001e770  ti_sysbios_heaps_HeapMem_Object__DESC__C                        
2001e790  ti_sysbios_knl_Clock_Object__DESC__C                            
2001e7b0  ti_sysbios_knl_Queue_Object__DESC__C                            
2001e7d0  ti_sysbios_knl_Semaphore_Object__DESC__C                        
2001e7f0  ti_sysbios_knl_Task_Object__DESC__C                             
2001e810  SPICC32XXDMA_fxnTable                                           
2001e828  SPI_config                                                      
2001e840  ti_sysbios_gates_GateHwi_Object__PARAMS__C                      
2001e858  ti_sysbios_gates_GateMutex_Object__PARAMS__C                    
2001e870  ti_sysbios_knl_Queue_Object__PARAMS__C                          
2001e888  ti_sysbios_knl_Task_hooks__A                                    
2001e8a0  Display_count                                                   
2001e8a1  CONFIG_Crypto_0_CONST                                           
2001e8a2  CryptoCC32XX_count                                              
2001e8a3  CONFIG_GPIO_BUTTON_0_CONST                                      
2001e8a4  CONFIG_GPIO_BUTTON_1_CONST                                      
2001e8a5  CONFIG_GPIO_LED_0_CONST                                         
2001e8a6  CONFIG_GPIO_LED_1_CONST                                         
2001e8a7  CONFIG_GPIO_LED_2_CONST                                         
2001e8a8  CONFIG_GPIO_0_CONST                                             
2001e8a9  CONFIG_GPIO_2_CONST                                             
2001e8aa  CONFIG_SPI_0_CONST                                              
2001e8ab  CONFIG_NWP_SPI_CONST                                            
2001e8ac  SPI_count                                                       
2001e8ad  CONFIG_TIMER_0_CONST                                            
2001e8ae  CONFIG_TIMER_1_CONST                                            
2001e8af  CONFIG_TIMER_2_CONST                                            
2001e8b0  Timer_count                                                     
2001e8b1  CONFIG_UART_0_CONST                                             
2001e8b2  UART_count                                                      
2001e8b3  CONFIG_WATCHDOG_0_CONST                                         
2001e8b4  Watchdog_count                                                  
2001e8b5  ti_sysbios_knl_Clock_tickMode__C                                
2001e8b6  ti_sysbios_family_arm_m3_Timer_Module__id__C                    
2001e944  displayUartHWAttrs                                              
2001e96c  xdc_runtime_Startup_sfxnRts__A                                  
2001e97e  ti_sysbios_heaps_HeapMem_Module__id__C                          
2001e9cc  Display_config                                                  
2001e9d8  UART_config                                                     
2001ea08  udmaCC3220SHWAttrs                                              
2001ea14  xdc_runtime_Startup_firstFxns__A                                
2001ea20  UDMACC32XX_config                                               
2001ea48  ti_sysbios_knl_Idle_funcList__A                                 
2001ea50  ti_sysbios_knl_Idle_funcList__C                                 
2001ea58  ti_sysbios_knl_Task_hooks__C                                    
2001ea60  xdc_runtime_Startup_firstFxns__C                                
2001ea68  xdc_runtime_Startup_lastFxns__C                                 
2001eaa0  _SlNetAppSendResponseCmdCtrl                                    
2001eaa4  _SlNetAppSendTokenValueCmdCtrl                                  
2001ead4  ti_sysbios_family_arm_m3_Hwi_E_alreadyDefined__C                
2001ead8  ti_sysbios_family_arm_m3_Hwi_E_badIntNum__C                     
2001eadc  ti_sysbios_family_arm_m3_Hwi_NUM_INTERRUPTS__C                  
2001eae0  ti_sysbios_family_arm_m3_Hwi_Object__count__C                   
2001eae4  ti_sysbios_family_arm_m3_Hwi_ccr__C                             
2001eae8  ti_sysbios_family_arm_m3_Hwi_excHandlerFunc__C                  
2001eaec  ti_sysbios_family_arm_m3_Hwi_nullIsrFunc__C                     
2001eaf0  ti_sysbios_family_arm_m3_Hwi_priGroup__C                        
2001eaf4  ti_sysbios_family_arm_m3_Hwi_swiDisable__C                      
2001eaf8  ti_sysbios_family_arm_m3_Hwi_swiRestore__C                      
2001eafc  ti_sysbios_family_arm_m3_TaskSupport_stackAlignment__C          
2001eb00  ti_sysbios_family_arm_m3_Timer_E_cannotSupport__C               
2001eb04  ti_sysbios_family_arm_m3_Timer_startupNeeded__C                 
2001eb08  ti_sysbios_gates_GateMutex_Instance_State_sem__O                
2001eb0c  ti_sysbios_heaps_HeapMem_E_memory__C                            
2001eb10  ti_sysbios_heaps_HeapMem_Module__gateObj__C                     
2001eb14  ti_sysbios_heaps_HeapMem_Object__count__C                       
2001eb18  ti_sysbios_heaps_HeapMem_primaryHeapBaseAddr__C                 
2001eb1c  ti_sysbios_heaps_HeapMem_primaryHeapEndAddr__C                  
2001eb20  ti_sysbios_heaps_HeapMem_reqAlign__C                            
2001eb24  ti_sysbios_knl_Clock_Module_State_clockQ__O                     
2001eb28  ti_sysbios_knl_Clock_tickPeriod__C                              
2001eb2c  ti_sysbios_knl_Mailbox_Instance_State_dataQue__O                
2001eb30  ti_sysbios_knl_Mailbox_Instance_State_dataSem__O                
2001eb34  ti_sysbios_knl_Mailbox_Instance_State_freeQue__O                
2001eb38  ti_sysbios_knl_Mailbox_Instance_State_freeSem__O                
2001eb3c  ti_sysbios_knl_Mailbox_Object__count__C                         
2001eb40  ti_sysbios_knl_Mailbox_maxTypeAlign__C                          
2001eb44  ti_sysbios_knl_Semaphore_Instance_State_pendQ__O                
2001eb48  ti_sysbios_knl_Swi_Object__count__C                             
2001eb4c  ti_sysbios_knl_Task_Module_State_inactiveQ__O                   
2001eb50  ti_sysbios_knl_Task_Object__count__C                            
2001eb54  ti_sysbios_knl_Task_Object__heap__C                             
2001eb58  ti_sysbios_knl_Task_allBlockedFunc__C                           
2001eb5c  ti_sysbios_knl_Task_defaultStackHeap__C                         
2001eb60  ti_sysbios_knl_Task_defaultStackSize__C                         
2001eb64  ti_sysbios_knl_Task_numConstructedTasks__C                      
2001eb68  xdc_runtime_Error_E_memory__C                                   
2001eb6c  xdc_runtime_Error_policyFxn__C                                  
2001eb70  xdc_runtime_IGateProvider_Interface__BASE__C                    
2001eb74  xdc_runtime_IHeap_Interface__BASE__C                            
2001eb78  xdc_runtime_IModule_Interface__BASE__C                          
2001eb7c  xdc_runtime_Memory_defaultHeapInstance__C                       
2001eb80  xdc_runtime_Startup_execImpl__C                                 
2001eb84  xdc_runtime_Startup_maxPasses__C                                
2001eb88  xdc_runtime_Startup_sfxnRts__C                                  
2001eb8c  xdc_runtime_Startup_sfxnTab__C                                  
2001eb90  xdc_runtime_SysCallback_abortFxn__C                             
2001eb94  xdc_runtime_SysCallback_exitFxn__C                              
2001eb98  xdc_runtime_SysCallback_putchFxn__C                             
2001eb9c  xdc_runtime_SysCallback_readyFxn__C                             
2001eba0  xdc_runtime_System_Module__gateObj__C                           
2001eba4  xdc_runtime_System_abortFxn__C                                  
2001eba8  xdc_runtime_System_exitFxn__C                                   
2001ebac  xdc_runtime_System_extendFxn__C                                 
2001ebb0  xdc_runtime_System_maxAtexitHandlers__C                         
2001ebb4  xdc_runtime_Memory_Module__id__C                                
2001ebb6  ti_sysbios_knl_Clock_tickSource__C                              
2001ebb7  xdc_runtime_Error_policy__C                                     
2001ebb8  PowerCC32XX_module                                              
2001ed24  parkInfo                                                        
2001eed0  ti_sysbios_knl_Swi_Module_State_0_readyQ__A                     
2001ef50  ti_sysbios_knl_Task_Module_State_0_readyQ__A                    
2001efd0  SlNetIfConfigWifi                                               
2001f038  ti_sysbios_knl_Task_Object__table__V                            
2001f084  ti_sysbios_knl_Task_Module__state__V                            
2001f0c8  ti_sysbios_gates_GateMutex_Object__table__V                     
2001f100  ti_sysbios_family_arm_m3_Hwi_Module__state__V                   
2001f134  ti_sysbios_family_arm_m3_Timer_Object__table__V                 
2001f164  ti_sysbios_knl_Swi_Object__table__V                             
2001f194  ti_sysbios_knl_Clock_Module__state__V                           
2001f1c0  g_LibsEvents                                                    
2001f1e4  g_UserEvents                                                    
2001f208  ti_sysbios_BIOS_Module__state__V                                
2001f22c  xdc_runtime_Error_IgnoreBlock                                   
2001f24c  ti_sysbios_knl_Swi_Module__state__V                             
2001f268  g_fNetIfCB                                                      
2001f26c  g_ifId                                                          
2001f280  ti_sysbios_family_arm_m3_Hwi_Object__table__V                   
2001f298  ti_sysbios_heaps_HeapMem_Object__table__V                       
2001f2b0  ti_sysbios_family_arm_cc32xx_Seconds_Module__state__V           
2001f2c4  gGlobalLockCntRequested                                         
2001f2c5  gGlobalLockCntReleased                                          
2001f2c6  g_SlDeviceStatus                                                
2001f2c8  g_pCB                                                           
2001f2cc  pPingCallBackFunc                                               
2001f2dc  ti_sysbios_family_arm_m3_Timer_Module__state__V                 
2001f2e8  _lock                                                           
2001f2ec  _unlock                                                         
2001f2f8  udpThread                                                       
2001f2fc  spawn_thread                                                    
2001f300  ti_sysbios_family_arm_m3_Hwi_Module__root__V                    
2001f308  ti_sysbios_gates_GateHwi_Module__root__V                        
2001f310  ti_sysbios_gates_GateMutex_Module__root__V                      
2001f318  ti_sysbios_heaps_HeapMem_Module__root__V                        
2001f320  ti_sysbios_knl_Clock_Module__root__V                            
2001f328  ti_sysbios_knl_Queue_Module__root__V                            
2001f330  ti_sysbios_knl_Semaphore_Module__root__V                        
2001f338  ti_sysbios_knl_Task_Module__root__V                             
2001f340  xdc_runtime_Startup_Module__state__V                            
2001f348  xdc_runtime_System_Module_State_0_atexitHandlers__A             
2001f350  xdc_runtime_System_Module__state__V                             
2001f358  main_func_sp                                                    
2001f35c  g_intHandle                                                     
2001f360  ti_sysbios_family_arm_m3_Hwi_Module_State_0_excContext__A       
2001f364  ti_sysbios_family_arm_m3_Hwi_Module_State_0_excStack__A         
2001f368  ti_sysbios_family_arm_m3_TimestampProvider_Module__state__V     
2001f36c  ti_sysbios_gates_GateHwi_Object__table__V                       
2001f370  ti_sysbios_knl_Task_Module_State_0_idleTask__A                  
2001f374  ti_sysbios_rts_ti_ReentSupport_Module__state__V                 
2001f378  xdc_runtime_Memory_Module__state__V                             
2001f37c  ti_sysbios_family_arm_m3_Hwi_Module_State_0_excActive__A        
2001f388  __TI_static_base__                                              
2001f618  __TI_Handler_Table_Base                                         
2001f624  __TI_Handler_Table_Limit                                        
2001f638  __TI_CINIT_Base                                                 
2001f650  __TI_CINIT_Limit                                                
e000e000  ti_sysbios_family_arm_m3_Hwi_nvic                               
ffffffff  __TI_pprof_out_hndl                                             
ffffffff  __TI_prof_data_size                                             
ffffffff  __TI_prof_data_start                                            
ffffffff  __binit__                                                       
ffffffff  __c_args__                                                      
ffffffff  binit                                                           
UNDEFED   ITM_flush                                                       
UNDEFED   ITM_restore                                                     
UNDEFED   SHT$$INIT_ARRAY$$Base                                           
UNDEFED   SHT$$INIT_ARRAY$$Limit                                          

[869 symbols]
