******************************************************************************
                  TI ARM Linker PC v20.2.5                     
******************************************************************************
>> Linked Tue Aug 24 17:54:41 2021

OUTPUT FILE NAME:   <udpecho_CC3235S_LAUNCHXL_tirtos_ccs.out>
ENTRY POINT SYMBOL: "_c_int00"  address: 20010d51


MEMORY CONFIGURATION

         name            origin    length      used     unused   attr    fill
----------------------  --------  ---------  --------  --------  ----  --------
  SRAM0                 20000000   00004000  0000070c  000038f4  RW X
  SRAM                  20004000   0003c000  00019d8e  00022272  RW X
  LOG_DATA              90000000   00040000  00000000  00040000  R   


SEGMENT ALLOCATION MAP

run origin  load origin   length   init length attrs members
----------  ----------- ---------- ----------- ----- -------
20000000    20000000    0000030c   00000000    rw-
  20000000    20000000    0000030c   00000000    rw- .vecs
20003c00    20003c00    00000400   00000000    rw-
  20003c00    20003c00    00000400   00000000    rw- .stack
20004000    20004000    00017450   0000f44a    r-x
  20004000    20004000    0000030c   0000030c    r-- .resetVecs
  20004310    20004310    0000f13a   0000f13a    r-x .text
  20013450    20013450    00008000   00000000    r-- .priheap
2001b450    2001b450    000002c8   000002c8    r--
  2001b450    2001b450    000002c8   000002c8    r-- .cinit
2001b800    2001b800    0000148b   00000000    rw-
  2001b800    2001b800    0000148b   00000000    rw- .bss
2001cc8c    2001cc8c    00000a2b   00000a2b    r--
  2001cc8c    2001cc8c    00000a2b   00000a2b    r-- .const
2001d6b8    2001d6b8    000007ca   00000000    rw-
  2001d6b8    2001d6b8    000007ca   00000000    rw- .data


SECTION ALLOCATION MAP

 output                                  attributes/
section   page    origin      length       input sections
--------  ----  ----------  ----------   ----------------
.resetVecs 
*          0    20004000    0000030c     
                  20004000    0000030c     release_pem4.oem4 (.resetVecs)

.text      0    20004310    0000f13a     
                  20004310    000008e8     simplelink.a : driver.obj (.text:_SlDrvMsgRead)
                  20004bf8    000004bc                  : sl_socket.obj (.text:_SlSocketHandleAsync_Select)
                  200050b4    00000004     dpl_cc32xx.a : ClockP_tirtos.oem4 (.text:ClockP_getCpuFreq)
                  200050b8    00000468     sysbios.aem4 : BIOS.obj (.text:xdc_runtime_System_doPrint__I)
                  20005520    0000042c     driverlib.a : prcm.obj (.text:PRCMCC3200MCUInit)
                  2000594c    00000384     simplelink.a : driver.obj (.text:_SlDrvMsgWrite)
                  20005cd0    0000031c                  : driver.obj (.text:_SlDrvReleasePoolObj)
                  20005fec    000002e0                  : driver.obj (.text:_SlDrvWaitForPoolObj)
                  200062cc    000002d8                  : driver.obj (.text:_SlDrvRxHdrRead)
                  200065a4    000002ac                  : sl_socket.obj (.text:sl_Select)
                  20006850    00000284                  : wlan.obj (.text:sl_WlanConnect)
                  20006ad4    0000025c                  : driver.obj (.text:_SlDrvDataReadOp)
                  20006d30    00000250     platform.obj (.text:mainThread)
                  20006f80    00000224     simplelink.a : driver.obj (.text:_SlDrvDriverCBInit)
                  200071a4    00000218                  : driver.obj (.text:_SlDrvDataWriteOp)
                  200073bc    0000020c     drivers_cc32xx.a : UARTCC32XXDMA.oem4 (.text:UARTCC32XXDMA_open)
                  200075c8    000001f4     simplelink.a : driver.obj (.text:_SlDrvMsgReadCmdCtx)
                  200077bc    000001f2                  : netapp.obj (.text:_SlNetAppEventHandler)
                  200079ae    00000002     ti_drivers_config.obj (.text:Board_initHook)
                  200079b0    000001e8     simplelink.a : netapp.obj (.text:sl_NetAppPing)
                  20007b98    000001e0                  : device.obj (.text:sl_Stop)
                  20007d78    000001d0     drivers_cc32xx.a : SPICC32XXDMA.oem4 (.text:SPICC32XXDMA_transfer)
                  20007f48    000001b8                      : SPICC32XXDMA.oem4 (.text:configDMA)
                  20008100    000001b6     rtsv7M4_T_le_eabi.lib : fd_add_t2.asm.obj (.text)
                  200082b6    00000002     display.a : DisplayUart.oem4 (.text:DisplayUartMin_clear)
                  200082b8    000001b4     simplelink.a : driver.obj (.text:_SlDrvReleaseAllActivePendingPoolObj)
                  2000846c    000001a8                  : sl_socket.obj (.text:sl_Accept)
                  20008614    000001a0     udpEcho.obj (.text:echoFxn)
                  200087b4    00000198     slnetsock_release.a : slnetsock.oem4 (.text:SlNetSock_select)
                  2000894c    00000190     simplelink.a : sl_socket.obj (.text:_SlDrvRegisterForSelectAsync)
                  20008adc    00000184                  : driver.obj (.text:_SlDrvFindAndSetActiveObj)
                  20008c60    00000180     release_pem4.oem4 (.text:xdc_runtime_System_printfExtend__I)
                  20008de0    00000178     simplelink.a : sl_socket.obj (.text:sl_Connect)
                  20008f58    00000174     platform.obj (.text:SimpleLinkNetAppEventHandler)
                  200090cc    00000170     simplelink.a : netapp.obj (.text:sl_NetAppDnsGetHostByName)
                  2000923c    0000015c     dpl_cc32xx.a : PowerCC32XX_tirtos.oem4 (.text:PowerCC32XX_sleepPolicy)
                  20009398    00000158     drivers_cc32xx.a : SPICC32XXDMA.oem4 (.text:SPICC32XXDMA_open)
                  200094f0    00000154     simplelink.a : sl_socket.obj (.text:sl_RecvFrom)
                  20009644    00000148                  : sl_socket.obj (.text:_SlDrvGetNextTimeoutValue)
                  2000978c    00000148     drivers_cc32xx.a : PowerCC32XX.oem4 (.text:parkPins)
                  200098d4    00000148     simplelink.a : sl_socket.obj (.text:sl_StartTLS)
                  20009a1c    00000140                  : driver.obj (.text:_SlDrvMsgReadSpawnCtx)
                  20009b5c    00000138     drivers_cc32xx.a : PowerCC32XX.oem4 (.text:Power_sleep)
                  20009c94    00000138     simplelink.a : driver.obj (.text:_SlSpawnMsgListInsert)
                  20009dcc    00000134                  : sl_socket.obj (.text:_SlSocketHandleAsync_StartTLS)
                  20009f00    00000130                  : driver.obj (.text:_SlDrvDriverCBDeinit)
                  2000a030    00000130     sysbios.aem4 : BIOS.obj (.text:ti_sysbios_knl_Semaphore_pend__E)
                  2000a160    0000012c     slnetsock_release.a : errnoutil.oem4 (.text:ErrnoUtil_set)
                  2000a28c    00000128     simplelink.a : driver.obj (.text:_SlDrvClassifyRxMsg)
                  2000a3b4    00000124                  : fs.obj (.text:sl_FsOpen)
                  2000a4d8    00000120                  : driver.obj (.text:_SlDrvAsyncEventGenericHandler)
                  2000a5f8    00000120     sysbios.aem4 : BIOS.obj (.text:xdc_runtime_Startup_startMods__I)
                  2000a718    0000011c     simplelink.a : device.obj (.text:sl_Start)
                  2000a834    00000118                  : netapp.obj (.text:_SlNetAppHandleAsync_DnsGetHostByService)
                  2000a94c    00000004     dpl_cc32xx.a : ClockP_tirtos.oem4 (.text:ClockP_setTimeout)
                  2000a950    00000110     sysbios.aem4 : BIOS.obj (.text:ti_sysbios_knl_Task_postInit__I)
                  2000aa60    00000104     simplelink.a : device.obj (.text:_SlDeviceEventHandler)
                  2000ab64    00000104                  : driver.obj (.text:_SlDrvCmdOp)
                  2000ac68    00000104     sysbios.aem4 : BIOS.obj (.text:ti_sysbios_knl_Task_Instance_finalize__E)
                  2000ad6c    00000100     simplelink.a : driver.obj (.text:_SlDrvObjGlobalLockWaitForever)
                  2000ae6c    00000100                  : fs.obj (.text:sl_FsWrite)
                  2000af6c    000000fc     rtsv7M4_T_le_eabi.lib : fd_mul_t2.asm.obj (.text)
                  2000b068    000000f8     slnetifwifi.a : slnetifwifi.obj (.text:SlNetIfWifi_loadSecObj)
                  2000b160    000000f8     drivers_cc32xx.a : UARTCC32XXDMA.oem4 (.text:UARTCC32XXDMA_close)
                  2000b258    000000f8     simplelink.a : sl_socket.obj (.text:sl_Close)
                  2000b350    000000f4                  : sl_socket.obj (.text:sl_SendTo)
                  2000b444    000000f2     drivers_cc32xx.a : SPICC32XXDMA.oem4 (.text:SPICC32XXDMA_transferCancel)
                  2000b536    00000002     display.a : DisplayUart.oem4 (.text:DisplayUartMin_clearLines)
                  2000b538    000000f0     sysbios.aem4 : BIOS.obj (.text:pthread_create)
                  2000b628    000000e8     drivers_cc32xx.a : UARTCC32XXDMA.oem4 (.text:initHw)
                  2000b710    000000e8     sysbios.aem4 : BIOS.obj (.text:ti_sysbios_knl_Task_Instance_init__E)
                  2000b7f8    000000e4     slnetsock_release.a : slnetif.oem4 (.text:SlNetIf_add)
                  2000b8dc    00000004     dpl_cc32xx.a : ClockP_tirtos.oem4 (.text:ClockP_start)
                  2000b8e0    000000e4     sysbios.aem4 : BIOS.obj (.text:clock_gettime)
                  2000b9c4    000000d8     drivers_cc32xx.a : SPICC32XXDMA.oem4 (.text:SPICC32XXDMA_close)
                  2000ba9c    000000d8     simplelink.a : device.obj (.text:_SlDeviceHandleAsync_InitComplete)
                  2000bb74    000000d8                  : driver.obj (.text:_SlDrvWaitForInternalAsyncEvent)
                  2000bc4c    000000d8                  : netapp.obj (.text:_SlNetAppHandleAsync_NetAppReceive)
                  2000bd24    00000004     dpl_cc32xx.a : ClockP_tirtos.oem4 (.text:ClockP_stop)
                  2000bd28    000000d4     sysbios.aem4 : BIOS.obj (.text:ti_sysbios_heaps_HeapMem_alloc__E)
                  2000bdfc    000000d0     simplelink.a : driver.obj (.text:_SlDrvRemoveFromList)
                  2000becc    000000cc     sysbios.aem4 : m3_Hwi_asm.obj (.text:ti_sysbios_family_arm_m3_Hwi_dispatch__I)
                  2000bf98    000000c8     drivers_cc32xx.a : SPICC32XXDMA.oem4 (.text:spiHwiFxn)
                  2000c060    000000c4     sysbios.aem4 : BIOS.obj (.text:ti_sysbios_knl_Task_sleep__E)
                  2000c124    000000c0     platform.obj (.text:Connect)
                  2000c1e4    000000c0     simplelink.a : cc_pal.obj (.text:NwpPowerOff)
                  2000c2a4    000000c0     drivers_cc32xx.a : PowerCC32XX.oem4 (.text:restoreParkedPins)
                  2000c364    000000c0     simplelink.a : netcfg.obj (.text:sl_NetCfgGet)
                  2000c424    000000bc                  : netapp.obj (.text:_SlNetAppSendResponse)
                  2000c4e0    000000bc                  : sl_socket.obj (.text:sl_Send)
                  2000c59c    00000004     dpl_cc32xx.a : HwiP_tirtos.oem4 (.text:HwiP_clearInterrupt)
                  2000c5a0    000000bc     sysbios.aem4 : BIOS.obj (.text:xdc_runtime_Core_createObject__I)
                  2000c65c    000000b8     drivers_cc32xx.a : UARTCC32XXDMA.oem4 (.text:UARTCC32XXDMA_configDMA)
                  2000c714    000000b8     simplelink.a : netapp.obj (.text:_SlNetAppHandleAsync_DnsGetHostByName)
                  2000c7cc    000000b8                  : netapp.obj (.text:_SlNetAppHandleAsync_PingResponse)
                  2000c884    000000b8                  : wlan.obj (.text:sl_WlanGet)
                  2000c93c    00000004     dpl_cc32xx.a : HwiP_tirtos.oem4 (.text:HwiP_disable)
                  2000c940    000000b8     sysbios.aem4 : BIOS.obj (.text:ti_sysbios_family_arm_m3_Hwi_Instance_init__E)
                  2000c9f8    000000b4     drivers_cc32xx.a : UARTCC32XXDMA.oem4 (.text:UARTCC32XXDMA_hwiIntFxn)
                  2000caac    000000b4     simplelink.a : driver.obj (.text:_SlDrvHandleFatalError)
                  2000cb60    000000b4                  : netutil.obj (.text:_SlNetUtilHandleAsync_Cmd)
                  2000cc14    000000b4                  : sl_socket.obj (.text:sl_GetSockOpt)
                  2000ccc8    000000b2     slnetifwifi.a : slnetifwifi.obj (.text:matchModeByRole)
                  2000cd7a    00000002     display.a : DisplayUart.oem4 (.text:DisplayUartMin_init)
                  2000cd7c    000000b0     slnetifwifi.a : slnetifwifi.obj (.text:SlNetIfWifi_getSockOpt)
                  2000ce2c    000000ac     simplelink.a : sl_socket.obj (.text:_SlSocketHandleAsync_Close)
                  2000ced8    000000ac                  : sl_socket.obj (.text:_SlSocketHandleAsync_Connect)
                  2000cf84    000000a8     driverlib.a : prcm.obj (.text:PRCMPeripheralClockGet)
                  2000d02c    000000a8     drivers_cc32xx.a : PowerCC32XX.oem4 (.text:PowerCC32XX_configureWakeup)
                  2000d0d4    000000a8     simplelink.a : fs.obj (.text:sl_FsClose)
                  2000d17c    000000a6                  : driver.obj (.text:_SlDrvIsTimeoutExpired)
                  2000d222    00000002     drivers_cc32xx.a : UARTCC32XXDMA.oem4 (.text:UARTCC32XXDMA_init)
                  2000d224    000000a4     simplelink.a : sl_socket.obj (.text:sl_Bind)
                  2000d2c8    000000a4     sysbios.aem4 : BIOS.obj (.text:ti_sysbios_knl_Task_setPri__E)
                  2000d36c    000000a0     simplelink.a : fs.obj (.text:FsGetCreateFsMode)
                  2000d40c    000000a0                  : sl_socket.obj (.text:_SlDrvUnRegisterForSelectAsync)
                  2000d4ac    000000a0                  : driver.obj (.text:_SlSpawnMsgListProcess)
                  2000d54c    000000a0     auto_init.aem4 : auto_init.oem4 (.text)
                  2000d5ec    0000009e     simplelink.a : cc_pal.obj (.text:spi_Read)
                  2000d68a    0000009e                  : cc_pal.obj (.text:spi_Write)
                  2000d728    0000009c     sysbios.aem4 : BIOS.obj (.text:_pthread_removeThreadKeys)
                  2000d7c4    0000009c     rtsv7M4_T_le_eabi.lib : memcpy_t2.asm.obj (.text)
                  2000d860    00000096                           : ull_div_t2.asm.obj (.text)
                  2000d8f6    00000002                           : _lock.c.obj (.text:_nop)
                  2000d8f8    00000094     simplelink.a : cc_pal.obj (.text:Semaphore_pend_handle)
                  2000d98c    00000094     drivers_cc32xx.a : SPICC32XXDMA.oem4 (.text:initHw)
                  2000da20    00000094     sysbios.aem4 : BIOS.obj (.text:ti_sysbios_knl_Task_exit__E)
                  2000dab4    00000092     slnetsock_release.a : slnetsock.oem4 (.text:SlNetSock_create)
                  2000db46    00000002     rtsv7M4_T_le_eabi.lib : div0.asm.obj (.text)
                  2000db48    00000090     slnetsock_release.a : slnetsock.oem4 (.text:SlNetSock_getVirtualSdConf)
                  2000dbd8    00000090     simplelink.a : device.obj (.text:_SlDeviceHandleAsync_Stop)
                  2000dc68    00000090                  : sl_socket.obj (.text:_SlSocketHandleAsync_Accept)
                  2000dcf8    00000090     drivers_cc32xx.a : PowerCC32XX.oem4 (.text:restoreNVICRegs)
                  2000dd88    00000090     sysbios.aem4 : BIOS.obj (.text:ti_sysbios_knl_Task_Module_startup__E)
                  2000de18    0000008c     drivers_cc32xx.a : UARTCC32XXDMA.oem4 (.text:UARTCC32XXDMA_write)
                  2000dea4    0000008c     simplelink.a : driver.obj (.text:_SlDrvDriverIsApiAllowed)
                  2000df30    0000008c                  : driver.obj (.text:_SlDrvProtectAsyncRespSetting)
                  2000dfbc    0000008c                  : sl_socket.obj (.text:sl_Recv)
                  2000e048    0000008c     sysbios.aem4 : BIOS.obj (.text:xdc_runtime_Memory_alloc__E)
                  2000e0d4    00000088     driverlib.a : pin.obj (.text:PinConfigSet)
                  2000e15c    00000088     simplelink.a : eventreg.obj (.text:sl_UnregisterLibsEventHandler)
                  2000e1e4    00000004     dpl_cc32xx.a : HwiP_tirtos.oem4 (.text:HwiP_disableInterrupt)
                  2000e1e8    00000088     sysbios.aem4 : BIOS.obj (.text:ti_sysbios_family_arm_m3_Hwi_initNVIC__E)
                  2000e270    00000088                  : BIOS.obj (.text:ti_sysbios_knl_Mailbox_post__E)
                  2000e2f8    00000086     rtsv7M4_T_le_eabi.lib : fd_cmp_t2.asm.obj (.text:__aeabi_cdcmple)
                  2000e37e    00000086                           : fd_cmp_t2.asm.obj (.text:__aeabi_cdrcmple)
                  2000e404    00000004     dpl_cc32xx.a : HwiP_tirtos.oem4 (.text:HwiP_enableInterrupt)
                  2000e408    00000086     sysbios.aem4 : BIOS.obj (.text:xdc_runtime_Core_constructObject__I)
                  2000e48e    00000002     release_pem4.oem4 (.text:ti_sysbios_BIOS_nullFunc__I)
                  2000e490    00000084     drivers_cc32xx.a : PowerCC32XX.oem4 (.text:Power_init)
                  2000e514    00000084     slnetifwifi.a : slnetifwifi.obj (.text:SlNetIfWifi_sockstartSec)
                  2000e598    00000084     drivers_cc32xx.a : PowerCC32XX.oem4 (.text:saveNVICRegs)
                  2000e61c    00000084     simplelink.a : sl_socket.obj (.text:sl_SetSockOpt)
                  2000e6a0    00000084     sysbios.aem4 : BIOS.obj (.text:ti_sysbios_family_arm_m3_Hwi_postInit__I)
                  2000e724    00000004     drivers_cc32xx.a : SPICC32XXDMA.oem4 (.text:SPICC32XXDMA_init)
                  2000e728    00000084     sysbios.aem4 : BIOS.obj (.text:ti_sysbios_heaps_HeapMem_free__E)
                  2000e7ac    00000080     drivers_cc32xx.a : PowerCC32XX.oem4 (.text:Power_setDependency)
                  2000e82c    00000080     slnetifwifi.a : slwificonn.obj (.text:SignalEvent)
                  2000e8ac    00000080     drivers_cc32xx.a : UARTCC32XXDMA.oem4 (.text:UARTCC32XXDMA_read)
                  2000e92c    00000004     dpl_cc32xx.a : SemaphoreP_tirtos.oem4 (.text:SemaphoreP_post)
                  2000e930    00000080     sysbios.aem4 : BIOS.obj (.text:ti_sysbios_knl_Clock_workFunc__E)
                  2000e9b0    0000007c     drivers_cc32xx.a : UDMACC32XX.oem4 (.text:UDMACC32XX_open)
                  2000ea2c    00000004     slnetsock_release.a : slnetutils.oem4 (.text:SlNetUtil_init)
                  2000ea30    0000007c     sysbios.aem4 : BIOS.obj (.text:_pthread_abstime2ticks)
                  2000eaac    0000007a     drivers_cc32xx.a : UARTCC32XXDMA.oem4 (.text:UARTCC32XXDMA_readPolling)
                  2000eb26    0000007a     rtsv7M4_T_le_eabi.lib : memset_t2.asm.obj (.text)
                  2000eba0    00000078     simplelink.a : sl_socket.obj (.text:sl_Socket)
                  2000ec18    00000075     sysbios.aem4 : BIOS.obj (.text:xdc_runtime_System_formatNum__I)
                  2000ec8d    00000001     --HOLE-- [fill = 0]
                  2000ec8e    00000002     release_pem4.oem4 (.text:xdc_runtime_Startup_reset__I)
                  2000ec90    00000074     slnetsock_release.a : slnetsock.oem4 (.text:SlNetSock_AllocVirtualSocket)
                  2000ed04    00000004     dpl_cc32xx.a : SystemP_tirtos.oem4 (.text:SystemP_vsnprintf)
                  2000ed08    00000074     sysbios.aem4 : BIOS.obj (.text:xdc_runtime_Core_deleteObject__I)
                  2000ed7c    00000070     simplelink.a : driver.obj (.text:_SlDrvCmdSend_noLock)
                  2000edec    00000004     release_pem4.oem4 (.text:ti_sysbios_BIOS_RtsGateProxy_enter__E)
                  2000edf0    00000070     sysbios.aem4 : BIOS.obj (.text:acquireMutexNone$47)
                  2000ee60    00000070                  : BIOS.obj (.text:ti_sysbios_heaps_HeapMem_initPrimary__I)
                  2000eed0    0000006c     slnetifwifi.a : slnetifwifi.obj (.text:SlNetIfWifi_ping)
                  2000ef3c    0000006c     simplelink.a : device.obj (.text:_SlDeviceHandleResetRequestInternally)
                  2000efa8    0000006c                  : sl_socket.obj (.text:_SlDrvOpenCtrlSocket)
                  2000f014    0000006c                  : netapp.obj (.text:_SlNetAppSendTokenValue)
                  2000f080    0000006c     sysbios.aem4 : BIOS.obj (.text:ti_sysbios_knl_Swi_restoreHwi__E)
                  2000f0ec    00000068     simplelink.a : driver.obj (.text:_SlSpawnMsgListGetCount)
                  2000f154    00000068     rtsv7M4_T_le_eabi.lib : copy_decompress_lzss.c.obj (.text:decompress:lzss:__TI_decompress_lzss)
                  2000f1bc    00000068     main_tirtos.obj (.text:main)
                  2000f224    00000004     release_pem4.oem4 (.text:ti_sysbios_BIOS_RtsGateProxy_leave__E)
                  2000f228    00000068     sysbios.aem4 : BIOS.obj (.text:pthread_exit)
                  2000f290    00000068     simplelink.a : cc_pal.obj (.text:spi_Open)
                  2000f2f8    00000068     sysbios.aem4 : BIOS.obj (.text:ti_sysbios_family_arm_cc32xx_Seconds_getTime__E)
                  2000f360    00000064     drivers_cc32xx.a : PowerCC32XX.oem4 (.text:PowerCC32XX_setParkState)
                  2000f3c4    00000004     release_pem4.oem4 (.text:ti_sysbios_family_arm_m3_Hwi_delete)
                  2000f3c8    00000064     sysbios.aem4 : BIOS.obj (.text:ti_sysbios_family_arm_m3_Hwi_dispatchC__I)
                  2000f42c    00000060     driverlib.a : prcm.obj (.text:PRCMSysResetCauseGet)
                  2000f48c    00000060     slnetsock_release.a : slnetsock.oem4 (.text:SlNetSock_recvFrom)
                  2000f4ec    00000060                         : slnetsock.oem4 (.text:SlNetSock_sendTo)
                  2000f54c    00000060     drivers_cc32xx.a : UARTCC32XXDMA.oem4 (.text:UARTCC32XXDMA_control)
                  2000f5ac    00000004     release_pem4.oem4 (.text:ti_sysbios_family_arm_m3_TaskSupport_Module__startupDone__S)
                  2000f5b0    00000060     sysbios.aem4 : BIOS.obj (.text:ti_sysbios_knl_Semaphore_post__E)
                  2000f610    00000060                  : BIOS.obj (.text:ti_sysbios_knl_Swi_run__I)
                  2000f670    0000005e     slnetifwifi.a : slnetifwifi.obj (.text:SlNetIfWifi_setSockOpt)
                  2000f6ce    00000002     --HOLE-- [fill = 0]
                  2000f6d0    0000005c     display.a : Display.oem4 (.text:Display_doOpen)
                  2000f72c    0000005c     slnetifwifi.a : slwificonn.obj (.text:SlWifiConn_enable)
                  2000f788    0000005c     simplelink.a : spawn.obj (.text:_SlInternalSpawn)
                  2000f7e4    00000004     release_pem4.oem4 (.text:ti_sysbios_heaps_HeapMem_Module_GateProxy_enter__E)
                  2000f7e8    0000005c     sysbios.aem4 : BIOS.obj (.text:ti_sysbios_family_arm_m3_Timer_start__E)
                  2000f844    00000004     release_pem4.oem4 (.text:ti_sysbios_heaps_HeapMem_Module_GateProxy_leave__E)
                  2000f848    0000005c     sysbios.aem4 : BIOS.obj (.text:ti_sysbios_knl_Swi_schedule__I)
                  2000f8a4    00000004     release_pem4.oem4 (.text:ti_sysbios_knl_Clock_TimerProxy_getMaxTicks__E)
                  2000f8a8    0000005c     sysbios.aem4 : BIOS.obj (.text:ti_sysbios_knl_Task_startCore__E)
                  2000f904    00000004     release_pem4.oem4 (.text:ti_sysbios_knl_Clock_TimerProxy_setPeriodMicroSecs__E)
                  2000f908    0000005c     sysbios.aem4 : BIOS.obj (.text:xdc_runtime_Startup_exec__E)
                  2000f964    00000058     driverlib.a : prcm.obj (.text:PRCMPeripheralReset)
                  2000f9bc    00000058     drivers_cc32xx.a : PowerCC32XX.oem4 (.text:Power_releaseDependency)
                  2000fa14    00000058     simplelink.a : sl_socket.obj (.text:_SlDrvClearCtrlSocket)
                  2000fa6c    00000058                  : driver.obj (.text:_SlFindAndReleasePendingCmd)
                  2000fac4    00000058                  : sl_socket.obj (.text:sl_Listen)
                  2000fb1c    00000058                  : eventreg.obj (.text:sl_RegisterLibsEventHandler)
                  2000fb74    00000058     ti_net_config.obj (.text:ti_net_SlNet_initConfig)
                  2000fbcc    00000004     release_pem4.oem4 (.text:ti_sysbios_knl_Clock_TimerProxy_start__E)
                  2000fbd0    00000058     sysbios.aem4 : BIOS.obj (.text:ti_sysbios_family_arm_cc32xx_Seconds_getCount__I)
                  2000fc28    00000054     simplelink.a : driver.obj (.text:_SlDrvRxIrqHandler)
                  2000fc7c    00000054     release_pem4.oem4 (.text:ti_sysbios_family_arm_m3_Hwi_create)
                  2000fcd0    00000052     drivers_cc32xx.a : PowerCC32XX_asm.oem4 (.text:PowerCC32XX_resumeLPDS)
                  2000fd22    00000002     --HOLE-- [fill = 0]
                  2000fd24    00000050     simplelink.a : cc_pal.obj (.text:NwpRegisterInterruptHandler)
                  2000fd74    00000050     slnetsock_release.a : slnetif.oem4 (.text:SlNetIf_queryIf)
                  2000fdc4    00000050     drivers_cc32xx.a : UARTCC32XXDMA.oem4 (.text:UARTCC32XXDMA_writePolling)
                  2000fe14    00000050     simplelink.a : sl_socket.obj (.text:_SlDrvCloseCtrlSocket)
                  2000fe64    00000050                  : driver.obj (.text:_SlDrvCmdSend_noWait)
                  2000feb4    00000050                  : driver.obj (.text:_SlDrvUpdateApiInProgress)
                  2000ff04    00000050                  : spawn.obj (.text:_SlInternalSpawnTaskEntry)
                  2000ff54    00000050                  : eventreg.obj (.text:_SlNetAppHttpServerHdlr)
                  2000ffa4    00000050                  : eventreg.obj (.text:_SlNetAppRequestHdlr)
                  2000fff4    00000004     release_pem4.oem4 (.text:ti_sysbios_knl_Clock_TimerProxy_stop__E)
                  2000fff8    00000050     sysbios.aem4 : BIOS.obj (.text:mq_send)
                  20010048    00000050                  : BIOS.obj (.text:ti_sysbios_family_arm_m3_Hwi_Module_startup__E)
                  20010098    00000050                  : BIOS.obj (.text:ti_sysbios_family_arm_m3_Timer_setPeriod__E)
                  200100e8    00000050     release_pem4.oem4 (.text:ti_sysbios_knl_Task_create)
                  20010138    0000004e     drivers_cc32xx.a : UARTCC32XXDMA.oem4 (.text:writeCancel)
                  20010186    00000002     --HOLE-- [fill = 0]
                  20010188    0000004c     simplelink.a : cc_pal.obj (.text:NwpWaitForShutDownInd)
                  200101d4    0000004c     drivers_cc32xx.a : PowerCC32XX.oem4 (.text:PowerCC32XX_parkPin)
                  20010220    0000004c     slnetifwifi.a : slnetifwifi.obj (.text:SlNetIfWifi_getConnectionStatus)
                  2001026c    0000004c                   : slnetifwifi.obj (.text:SlNetIfWifi_getIPAddr)
                  200102b8    0000004c     slnetsock_release.a : slnetsock.oem4 (.text:SlNetSock_freeVirtualSocket)
                  20010304    0000004c     slnetifwifi.a : slwificonn.obj (.text:SlWifiConn_disable)
                  20010350    0000004c     rtsv7M4_T_le_eabi.lib : cpy_tbl.c.obj (.text:copy_in)
                  2001039c    0000004c     platform.obj (.text:printError)
                  200103e8    0000004c     drivers_cc32xx.a : PowerCC32XX.oem4 (.text:restorePeriphClocks)
                  20010434    0000004c     simplelink.a : wlan.obj (.text:sl_WlanSetMode)
                  20010480    0000004c     sysbios.aem4 : m3_TaskSupport_asm.obj (.text:ti_sysbios_family_arm_m3_TaskSupport_buildTaskStack)
                  200104cc    00000004     release_pem4.oem4 (.text:ti_sysbios_knl_Clock_delete)
                  200104d0    0000004c     sysbios.aem4 : BIOS.obj (.text:ti_sysbios_heaps_HeapMem_getStats__E)
                  2001051c    00000004     release_pem4.oem4 (.text:ti_sysbios_knl_Semaphore_delete)
                  20010520    0000004c     sysbios.aem4 : BIOS.obj (.text:ti_sysbios_knl_Swi_runLoop__I)
                  2001056c    00000004     release_pem4.oem4 (.text:ti_sysbios_knl_Task_delete)
                  20010570    0000004c     sysbios.aem4 : BIOS.obj (.text:ti_sysbios_knl_Task_allBlockedFunction__I)
                  200105bc    00000004     release_pem4.oem4 (.text:xdc_runtime_System_Module_GateProxy_enter__E)
                  200105c0    0000004c     sysbios.aem4 : BIOS.obj (.text:ti_sysbios_knl_Task_schedule__I)
                  2001060c    0000004a     display.a : DisplayUart.oem4 (.text:DisplayUartMin_open)
                  20010656    0000004a     drivers_cc32xx.a : UARTCC32XXDMA.oem4 (.text:readCancel)
                  200106a0    00000048     driverlib.a : flash.obj (.text:FlashDisable)
                  200106e8    00000048                 : prcm.obj (.text:PRCMLPDSEnter)
                  20010730    00000048                 : prcm.obj (.text:PRCMPeripheralClkEnable)
                  20010778    00000048     drivers_cc32xx.a : PowerCC32XX.oem4 (.text:Power_releaseConstraint)
                  200107c0    00000048     slnetsock_release.a : slnetsock.oem4 (.text:SlNetSock_init)
                  20010808    00000048     simplelink.a : eventreg.obj (.text:_SlDeviceFatalErrorEvtHdlr)
                  20010850    00000048                  : eventreg.obj (.text:_SlDeviceGeneralEvtHdlr)
                  20010898    00000048                  : driver.obj (.text:_SlDrvSyncObjWaitTimeout)
                  200108e0    00000048                  : eventreg.obj (.text:_SlNetAppEvtHdlr)
                  20010928    00000048                  : eventreg.obj (.text:_SlNetAppRequestMemFree)
                  20010970    00000048                  : eventreg.obj (.text:_SlSockEvtHdlr)
                  200109b8    00000048                  : eventreg.obj (.text:_SlWlanEvtHdlr)
                  20010a00    00000048     sysbios.aem4 : BIOS.obj (.text:pthread_mutex_init)
                  20010a48    00000048                  : BIOS.obj (.text:ti_sysbios_family_arm_m3_Hwi_disableInterrupt__E)
                  20010a90    00000048                  : BIOS.obj (.text:ti_sysbios_family_arm_m3_Hwi_enableInterrupt__E)
                  20010ad8    00000048                  : m3_Hwi_asm_switch.obj (.text:ti_sysbios_family_arm_m3_Hwi_initStacks__E)
                  20010b20    00000048                  : BIOS.obj (.text:ti_sysbios_family_arm_m3_Timer_initDevice__I)
                  20010b68    00000048                  : BIOS.obj (.text:ti_sysbios_knl_Mailbox_Module_startup__E)
                  20010bb0    00000048                  : BIOS.obj (.text:xdc_runtime_Core_assignParams__I)
                  20010bf8    00000046     display.a : DisplayUart.oem4 (.text:DisplayUartMin_vprintf)
                  20010c3e    00000002     --HOLE-- [fill = 0]
                  20010c40    00000044     driverlib.a : prcm.obj (.text:PRCMLPDSRestoreInfoSet)
                  20010c84    00000044     drivers_cc32xx.a : PowerCC32XX_asm.oem4 (.text:PowerCC32XX_enterLPDS)
                  20010cc8    00000044                      : SPI.oem4 (.text:SPI_init)
                  20010d0c    00000044                      : UART.oem4 (.text:UART_init)
                  20010d50    00000044     boot.aem4 : boot.oem4 (.text)
                  20010d94    00000044     rtsv7M4_T_le_eabi.lib : fd_tou_t2.asm.obj (.text)
                  20010dd8    00000044     sysbios.aem4 : BIOS.obj (.text:ti_sysbios_family_arm_m3_Hwi_getStackInfo__E)
                  20010e1c    00000004     release_pem4.oem4 (.text:xdc_runtime_System_Module_GateProxy_leave__E)
                  20010e20    00000044     sysbios.aem4 : BIOS.obj (.text:ti_sysbios_knl_Mailbox_postInit__I)
                  20010e64    00000004     --HOLE-- [fill = 0]
                  20010e68    00000044                  : BIOS.obj (.text:ti_sysbios_knl_Swi_post__E)
                  20010eac    00000004     --HOLE-- [fill = 0]
                  20010eb0    00000044                  : BIOS.obj (.text:xdc_runtime_System_atexit__E)
                  20010ef4    00000040     dpl_cc32xx.a : ClockP_tirtos.oem4 (.text:ClockP_create)
                  20010f34    00000040     simplelink.a : sl_socket.obj (.text:CountSetBits)
                  20010f74    00000040     dpl_cc32xx.a : HwiP_tirtos.oem4 (.text:HwiP_create)
                  20010fb4    00000040     driverlib.a : pin.obj (.text:PinModeSet)
                  20010ff4    00000040     drivers_cc32xx.a : SPI.oem4 (.text:SPI_open)
                  20011034    00000040     slnetsock_release.a : slnetif.oem4 (.text:SlNetIf_configCheck)
                  20011074    00000040                         : slnetsock.oem4 (.text:SlNetSock_bind)
                  200110b4    00000040     drivers_cc32xx.a : UART.oem4 (.text:UART_open)
                  200110f4    00000040                      : UDMACC32XX.oem4 (.text:UDMACC32XX_init)
                  20011134    00000040     simplelink.a : driver.obj (.text:_SlDrvGlobalObjUnLock)
                  20011174    00000040                  : spawn.obj (.text:_SlInternalSpawnWaitForEvent)
                  200111b4    00000040                  : eventreg.obj (.text:_SlIsEventRegistered)
                  200111f4    00000040     rtsv7M4_T_le_eabi.lib : u_divt2.asm.obj (.text)
                  20011234    00000004     --HOLE-- [fill = 0]
                  20011238    00000040     sysbios.aem4 : BIOS.obj (.text:ti_sysbios_heaps_HeapMem_Instance_init__E)
                  20011278    00000040                  : BIOS.obj (.text:ti_sysbios_knl_Clock_Instance_init__E)
                  200112b8    0000003e     slnetsock_release.a : slnetsock.oem4 (.text:SlNetSock_close)
                  200112f6    0000003e     simplelink.a : sl_socket.obj (.text:_SlSocketBuildAddress)
                  20011334    00000004     --HOLE-- [fill = 0]
                  20011338    0000003e     sysbios.aem4 : BIOS.obj (.text:sem_timedwait)
                  20011376    00000002     --HOLE-- [fill = 0]
                  20011378    0000003c     drivers_cc32xx.a : PowerCC32XX.oem4 (.text:Power_setConstraint)
                  200113b4    0000003c     dpl_cc32xx.a : SemaphoreP_tirtos.oem4 (.text:SemaphoreP_create)
                  200113f0    0000003c     simplelink.a : netapp.obj (.text:_SlNetAppCopyPingResultsToReport)
                  2001142c    00000004     --HOLE-- [fill = 0]
                  20011430    0000003c     sysbios.aem4 : BIOS.obj (.text:pthread_mutex_unlock)
                  2001146c    00000004     --HOLE-- [fill = 0]
                  20011470    0000003c                  : BIOS.obj (.text:ti_sysbios_family_arm_m3_Hwi_Instance_finalize__E)
                  200114ac    00000004     --HOLE-- [fill = 0]
                  200114b0    0000003c                  : BIOS.obj (.text:ti_sysbios_family_arm_m3_Timer_setPeriodMicroSecs__E)
                  200114ec    0000003c     release_pem4.oem4 (.text:ti_sysbios_knl_Clock_create)
                  20011528    0000003c     sysbios.aem4 : BIOS.obj (.text:ti_sysbios_knl_Clock_walkQueuePeriodic__E)
                  20011564    00000004     --HOLE-- [fill = 0]
                  20011568    0000003c                  : BIOS.obj (.text:ti_sysbios_knl_Swi_restore__E)
                  200115a4    0000003c     simplelink.a : sl_socket.obj (.text:to_mSec)
                  200115e0    0000003c     sysbios.aem4 : BIOS.obj (.text:usleep)
                  2001161c    00000004     --HOLE-- [fill = 0]
                  20011620    0000003c                  : BIOS.obj (.text:xdc_runtime_System_processAtExit__E)
                  2001165c    0000003a     dpl_cc32xx.a : PowerCC32XX_tirtos.oem4 (.text:getCountsRTC)
                  20011696    00000002     --HOLE-- [fill = 0]
                  20011698    00000038     driverlib.a : prcm.obj (.text:PRCMLPDSEnterKeepDebugIf)
                  200116d0    00000038     slnetifwifi.a : slnetifwifi.obj (.text:SlNetIfWifi_recvFrom)
                  20011708    00000038                   : slnetifwifi.obj (.text:SlNetIfWifi_sendTo)
                  20011740    00000038                   : slnetifwifi.obj (.text:SlNetIfWifi_socket)
                  20011778    00000038     slnetsock_release.a : slnetutils.oem4 (.text:SlNetUtil_htonl)
                  200117b0    00000038     drivers_cc32xx.a : PowerCC32XX.oem4 (.text:notify)
                  200117e8    00000038     rtsv7M4_T_le_eabi.lib : fs_tod_t2.asm.obj (.text)
                  20011820    00000038     drivers_cc32xx.a : UARTCC32XXDMA.oem4 (.text:startTxFifoEmptyClk)
                  20011858    00000038     sysbios.aem4 : BIOS.obj (.text:ti_sysbios_knl_Task_processVitalTaskFlag__I)
                  20011890    00000036     slnetifwifi.a : slnetifwifi.obj (.text:SlNetIfWifi_getHostByName)
                  200118c6    00000036                   : slnetifwifi.obj (.text:SlNetIfWifi_select)
                  200118fc    00000034     driverlib.a : pin.obj (.text:PinModeGet)
                  20011930    00000034     drivers_cc32xx.a : PowerCC32XX.oem4 (.text:PowerCC32XX_restoreParkState)
                  20011964    00000034     slnetifwifi.a : slnetifwifi.obj (.text:SlNetIfWifi_CreateContext)
                  20011998    00000034     slnetsock_release.a : slnetif.oem4 (.text:SlNetIf_init)
                  200119cc    00000034                         : slnetutils.oem4 (.text:SlNetUtil_htons)
                  20011a00    00000034     drivers_cc32xx.a : UDMACC32XX.oem4 (.text:UDMACC32XX_close)
                  20011a34    00000004     --HOLE-- [fill = 0]
                  20011a38    00000034     sysbios.aem4 : BIOS.obj (.text:ti_sysbios_family_arm_m3_Timer_periodicStub__I)
                  20011a6c    00000034     release_pem4.oem4 (.text:ti_sysbios_knl_Semaphore_create)
                  20011aa0    00000034     drivers_cc32xx.a : UARTCC32XXDMA.oem4 (.text:writeFinishedDoCallback)
                  20011ad4    00000004     --HOLE-- [fill = 0]
                  20011ad8    00000032     sysbios.aem4 : BIOS.obj (.text:ti_sysbios_hal_Hwi_initStack)
                  20011b0a    00000006     display.a : DisplayUart.oem4 (.text:DisplayUartMin_control)
                  20011b10    00000032     sysbios.aem4 : BIOS.obj (.text:xdc_runtime_System_putchar__I)
                  20011b42    00000030     drivers_cc32xx.a : PowerCC32XX.oem4 (.text:PowerCC32XX_restoreParkedPin)
                  20011b72    00000030     simplelink.a : fs.obj (.text:_SlFsStrlen)
                  20011ba2    00000006     display.a : DisplayUart.oem4 (.text:DisplayUartMin_getType)
                  20011ba8    00000030     sysbios.aem4 : BIOS.obj (.text:getTime$21)
                  20011bd8    00000030     release_pem4.oem4 (.text:ti_sysbios_BIOS_atExitFunc__I)
                  20011c08    00000030     release_pem4.oem4 (.text:ti_sysbios_BIOS_startFunc__I)
                  20011c38    00000030     sysbios.aem4 : BIOS.obj (.text:ti_sysbios_family_arm_m3_TaskSupport_start__E)
                  20011c68    00000030     release_pem4.oem4 (.text:ti_sysbios_gates_GateHwi_Object__create__S)
                  20011c98    00000030     release_pem4.oem4 (.text:ti_sysbios_gates_GateMutex_Object__create__S)
                  20011cc8    00000030     sysbios.aem4 : BIOS.obj (.text:ti_sysbios_gates_GateMutex_enter__E)
                  20011cf8    00000030     release_pem4.oem4 (.text:ti_sysbios_heaps_HeapMem_Object__create__S)
                  20011d28    00000030     release_pem4.oem4 (.text:ti_sysbios_knl_Semaphore_construct)
                  20011d58    00000030     sysbios.aem4 : BIOS.obj (.text:ti_sysbios_knl_Semaphore_pendTimeout__I)
                  20011d88    00000030                  : BIOS.obj (.text:ti_sysbios_knl_Task_restore__E)
                  20011db8    00000030                  : BIOS.obj (.text:ti_sysbios_knl_Task_unblockI__E)
                  20011de8    00000030     release_pem4.oem4 (.text:ti_sysbios_rts_MemAlloc_alloc)
                  20011e18    0000002e     simplelink.a : cc_pal.obj (.text:Mutex_create_handle)
                  20011e46    00000002     --HOLE-- [fill = 0]
                  20011e48    0000002c                  : cc_pal.obj (.text:NwpPowerOn)
                  20011e74    0000002c     drivers_cc32xx.a : PowerCC32XX.oem4 (.text:PowerCC32XX_getParkState)
                  20011ea0    0000002c     dpl_cc32xx.a : SemaphoreP_tirtos.oem4 (.text:SemaphoreP_createBinary)
                  20011ecc    0000002c     slnetifwifi.a : slnetifwifi.obj (.text:SlNetIfWifi_recv)
                  20011ef8    0000002c                   : slnetifwifi.obj (.text:SlNetIfWifi_send)
                  20011f24    0000002c     simplelink.a : driver.obj (.text:_SlDrvSyncObjWaitForever)
                  20011f50    0000002c     sysbios.aem4 : BIOS.obj (.text:_pthread_cleanupFxn)
                  20011f7c    00000004     --HOLE-- [fill = 0]
                  20011f80    0000002c                  : BIOS.obj (.text:_pthread_delete$43)
                  20011fac    00000004     --HOLE-- [fill = 0]
                  20011fb0    0000002c                  : BIOS.obj (.text:clockFxn$41)
                  20011fdc    0000002c     udpEcho.obj (.text:select)
                  20012008    0000002c     sysbios.aem4 : BIOS.obj (.text:ti_sysbios_family_arm_m3_TimestampProvider_Module_startup__E)
                  20012034    0000002c     release_pem4.oem4 (.text:ti_sysbios_gates_GateHwi_Handle__label__S)
                  20012060    0000002c     release_pem4.oem4 (.text:ti_sysbios_gates_GateMutex_Handle__label__S)
                  2001208c    0000002c     release_pem4.oem4 (.text:ti_sysbios_heaps_HeapMem_Handle__label__S)
                  200120b8    0000002c     release_pem4.oem4 (.text:ti_sysbios_knl_Clock_doTick__I)
                  200120e4    0000002c     release_pem4.oem4 (.text:ti_sysbios_knl_Queue_construct)
                  20012110    0000002a     display.a : Display.oem4 (.text:Display_doPrintf)
                  2001213a    0000002a     drivers_cc32xx.a : UARTCC32XXDMA.oem4 (.text:UARTCC32XXDMA_readCancel)
                  20012164    0000002a                      : UARTCC32XXDMA.oem4 (.text:UARTCC32XXDMA_writeCancel)
                  2001218e    0000002a     release_pem4.oem4 (.text:calloc)
                  200121b8    0000002a     sysbios.aem4 : BIOS.obj (.text:sem_init)
                  200121e2    00000002     --HOLE-- [fill = 0]
                  200121e4    00000028     display.a : Display.oem4 (.text:Display_doInit)
                  2001220c    00000028     driverlib.a : prcm.obj (.text:PRCMPeripheralClkDisable)
                  20012234    00000028     dpl_cc32xx.a : PowerCC32XX_tirtos.oem4 (.text:PowerCC32XX_initPolicy)
                  2001225c    00000028     drivers_cc32xx.a : PowerCC32XX.oem4 (.text:Power_registerNotify)
                  20012284    00000028     slnetsock_release.a : slnetif.oem4 (.text:SlNetIf_callback)
                  200122ac    00000028                         : slnetif.oem4 (.text:SlNetIf_getIfByID)
                  200122d4    00000028                         : slnetsock.oem4 (.text:SlNetSock_sdsIsSet)
                  200122fc    00000028                         : slnetsock.oem4 (.text:SlNetSock_sdsSet)
                  20012324    00000028     slnetifwifi.a : slwificonn.obj (.text:SlWifiConn_registerNetIFCallback)
                  2001234c    00000028     simplelink.a : driver.obj (.text:_SlDrvProtectionObjLockWaitForever)
                  20012374    00000028                  : driver.obj (.text:_SlDrvProtectionObjUnLock)
                  2001239c    00000028                  : flowcont.obj (.text:_SlFlowContSet)
                  200123c4    00000028     sysbios.aem4 : m3_Hwi_asm.obj (.text:ti_sysbios_family_arm_m3_Hwi_excHandlerAsm__I)
                  200123ec    00000004     --HOLE-- [fill = 0]
                  200123f0    00000028                  : BIOS.obj (.text:ti_sysbios_knl_Clock_addI__E)
                  20012418    00000028                  : BIOS.obj (.text:ti_sysbios_knl_Swi_Module_startup__E)
                  20012440    00000026     drivers_cc32xx.a : List.oem4 (.text:List_put)
                  20012466    00000026                      : List.oem4 (.text:List_remove)
                  2001248c    00000024                      : PowerCC32XX.oem4 (.text:PowerCC32XX_reset)
                  200124b0    00000024     slnetsock_release.a : slnetif.oem4 (.text:SlNetIf_getConnectionStatus)
                  200124d4    00000024     simplelink.a : driver.obj (.text:_SlDrvIsApiInProgress)
                  200124f8    00000024                  : driver.obj (.text:_SlDrvStartMeasureTimeout)
                  2001251c    00000004     --HOLE-- [fill = 0]
                  20012520    00000024     sysbios.aem4 : BIOS.obj (.text:pthread_attr_init)
                  20012544    00000024     release_pem4.oem4 (.text:ti_sysbios_BIOS_registerRTSLock__I)
                  20012568    00000024     release_pem4.oem4 (.text:ti_sysbios_BIOS_removeRTSLock__I)
                  2001258c    00000004     --HOLE-- [fill = 0]
                  20012590    00000024     sysbios.aem4 : BIOS.obj (.text:ti_sysbios_family_arm_m3_Timer_postInit__I)
                  200125b4    00000004     --HOLE-- [fill = 0]
                  200125b8    00000024                  : BIOS.obj (.text:ti_sysbios_family_arm_m3_Timer_startup__E)
                  200125dc    00000024     release_pem4.oem4 (.text:ti_sysbios_gates_GateMutex_Object__delete__S)
                  20012600    00000024     sysbios.aem4 : BIOS.obj (.text:ti_sysbios_knl_Clock_Module_startup__E)
                  20012624    00000024     release_pem4.oem4 (.text:ti_sysbios_knl_Clock_Object__delete__S)
                  20012648    00000024     sysbios.aem4 : BIOS.obj (.text:ti_sysbios_knl_Clock_start__E)
                  2001266c    00000004     --HOLE-- [fill = 0]
                  20012670    00000024                  : BIOS.obj (.text:ti_sysbios_knl_Semaphore_Instance_init__E)
                  20012694    00000024     release_pem4.oem4 (.text:ti_sysbios_knl_Semaphore_Object__delete__S)
                  200126b8    00000024     sysbios.aem4 : BIOS.obj (.text:ti_sysbios_knl_Task_restoreHwi__E)
                  200126dc    00000004     --HOLE-- [fill = 0]
                  200126e0    00000024                  : BIOS.obj (.text:xdc_runtime_Error_policyMin__E)
                  20012704    00000020     drivers_cc32xx.a : PowerCC32XX.oem4 (.text:Power_unregisterNotify)
                  20012724    00000020     slnetifwifi.a : slnetifwifi.obj (.text:SlNetIfWifi_accept)
                  20012744    00000020     drivers_cc32xx.a : SPICC32XXDMA.oem4 (.text:getPowerMgrId)
                  20012764    00000020                      : UARTCC32XXDMA.oem4 (.text:getPowerMgrId)
                  20012784    00000020     rtsv7M4_T_le_eabi.lib : u_tofd_t2.asm.obj (.text)
                  200127a4    00000020     release_pem4.oem4 (.text:ti_sysbios_BIOS_rtsLock__I)
                  200127c4    00000020     release_pem4.oem4 (.text:ti_sysbios_family_arm_m3_Hwi_Object__delete__S)
                  200127e4    00000004     --HOLE-- [fill = 0]
                  200127e8    00000020     sysbios.aem4 : BIOS.obj (.text:ti_sysbios_family_arm_m3_Hwi_clearInterrupt__E)
                  20012808    00000020     release_pem4.oem4 (.text:ti_sysbios_gates_GateHwi_Object__delete__S)
                  20012828    00000020     release_pem4.oem4 (.text:ti_sysbios_heaps_HeapMem_Object__delete__S)
                  20012848    00000020     sysbios.aem4 : BIOS.obj (.text:ti_sysbios_knl_Idle_run__E)
                  20012868    00000020     release_pem4.oem4 (.text:ti_sysbios_knl_Semaphore_destruct)
                  20012888    00000020     release_pem4.oem4 (.text:ti_sysbios_knl_Task_Object__delete__S)
                  200128a8    0000001e     slnetifwifi.a : slnetifwifi.obj (.text:SlNetIfWifi_bind)
                  200128c6    0000001e                   : slnetifwifi.obj (.text:SlNetIfWifi_connect)
                  200128e4    0000001e     simplelink.a : driver.obj (.text:_SlDrvObjLockWaitForever)
                  20012902    0000001e                  : driver.obj (.text:_SlDrvObjUnLock)
                  20012920    0000001e                  : driver.obj (.text:_SlDrvSyncObjSignal)
                  2001293e    0000001e     drivers_cc32xx.a : UDMACC32XX.oem4 (.text:postNotifyFxn)
                  2001295c    0000001e     sysbios.aem4 : m3_Hwi_asm_switch.obj (.text:ti_sysbios_family_xxx_Hwi_switchAndRunFunc)
                  2001297a    00000002     --HOLE-- [fill = 0]
                  2001297c    0000001c     driverlib.a : pin.obj (.text:PinToPadGet)
                  20012998    0000001c     simplelink.a : device.obj (.text:_SlDeviceGetStartResponseConvert)
                  200129b4    0000001c                  : spawn.obj (.text:_SlInternalIsItSpawnThread)
                  200129d0    0000001c     sysbios.aem4 : BIOS.obj (.text:ti_sysbios_family_arm_m3_Hwi_excHandler__I)
                  200129ec    00000004     --HOLE-- [fill = 0]
                  200129f0    0000001c                  : BIOS.obj (.text:ti_sysbios_family_arm_m3_Timer_Module_startup__E)
                  20012a0c    00000004     --HOLE-- [fill = 0]
                  20012a10    0000001c                  : BIOS.obj (.text:ti_sysbios_family_arm_m3_Timer_stop__E)
                  20012a2c    00000004     --HOLE-- [fill = 0]
                  20012a30    0000001c                  : BIOS.obj (.text:ti_sysbios_gates_GateMutex_Instance_init__E)
                  20012a4c    00000004     --HOLE-- [fill = 0]
                  20012a50    0000001c                  : BIOS.obj (.text:ti_sysbios_knl_Clock_Instance_finalize__E)
                  20012a6c    0000001c     release_pem4.oem4 (.text:ti_sysbios_knl_Queue_destruct)
                  20012a88    0000001c     sysbios.aem4 : BIOS.obj (.text:ti_sysbios_knl_Queue_put__E)
                  20012aa4    00000004     --HOLE-- [fill = 0]
                  20012aa8    0000001c                  : BIOS.obj (.text:ti_sysbios_knl_Task_enter__I)
                  20012ac4    00000004     --HOLE-- [fill = 0]
                  20012ac8    0000001c                  : BIOS.obj (.text:ti_sysbios_rts_ti_ReentSupport_getReent__F)
                  20012ae4    0000001a     slnetifwifi.a : slnetifwifi.obj (.text:SlNetIfWifi_listen)
                  20012afe    0000001a     release_pem4.oem4 (.text:free)
                  20012b18    0000001a     sysbios.aem4 : m3_Hwi_asm.obj (.text:ti_sysbios_family_arm_m3_Hwi_pendSV__I)
                  20012b32    00000002     --HOLE-- [fill = 0]
                  20012b34    00000018     drivers_cc32xx.a : PowerCC32XX.oem4 (.text:Power_getTransitionLatency)
                  20012b4c    00000018                      : PowerCC32XX.oem4 (.text:Power_idleFunc)
                  20012b64    00000018     driverlib.a : uart.obj (.text:UARTBusy)
                  20012b7c    00000018     drivers_cc32xx.a : UART.oem4 (.text:UART_Params_init)
                  20012b94    00000018     rtsv7M4_T_le_eabi.lib : args_main.c.obj (.text:_args_main)
                  20012bac    00000018     udpEcho.obj (.text:close)
                  20012bc4    00000018     rtsv7M4_T_le_eabi.lib : ll_mul_t2.asm.obj (.text)
                  20012bdc    00000018     slnetsock_release.a : socket.oem4 (.text:sendto)
                  20012bf4    00000018     release_pem4.oem4 (.text:ti_sysbios_BIOS_rtsUnlock__I)
                  20012c0c    00000018     release_pem4.oem4 (.text:ti_sysbios_family_arm_m3_Hwi_Module__startupDone__F)
                  20012c24    00000018     release_pem4.oem4 (.text:ti_sysbios_family_arm_m3_Timer_Module__startupDone__F)
                  20012c3c    00000004     --HOLE-- [fill = 0]
                  20012c40    00000018     sysbios.aem4 : BIOS.obj (.text:ti_sysbios_gates_GateMutex_leave__E)
                  20012c58    00000018                  : BIOS.obj (.text:ti_sysbios_knl_Task_sleepTimeout__I)
                  20012c70    00000018     release_pem4.oem4 (.text:ti_sysbios_rts_ti_ReentSupport_getTlsAddr__I)
                  20012c88    00000018     sysbios.aem4 : BIOS.obj (.text:xdc_runtime_Error_init__E)
                  20012ca0    00000018                  : BIOS.obj (.text:xdc_runtime_System_exit__E)
                  20012cb8    00000016     display.a : DisplayUart.oem4 (.text:DisplayUartMin_close)
                  20012cce    00000016     driverlib.a : prcm.obj (.text:PRCMHIBRegRead)
                  20012ce4    00000016                 : prcm.obj (.text:PRCMHIBRegWrite)
                  20012cfa    00000016     simplelink.a : driver.obj (.text:_SlDrvMemZero)
                  20012d10    00000016     sysbios.aem4 : BIOS.obj (.text:pthread_mutex_destroy)
                  20012d26    00000016     slnetsock_release.a : socket.oem4 (.text:recvfrom)
                  20012d3c    00000016                         : socket.oem4 (.text:socket)
                  20012d52    00000016     release_pem4.oem4 (.text:ti_sysbios_BIOS_exitFunc__I)
                  20012d68    00000014     drivers_cc32xx.a : PowerCC32XX.oem4 (.text:Power_getDependencyCount)
                  20012d7c    00000014                      : SPI.oem4 (.text:SPI_Params_init)
                  20012d90    00000014     slnetsock_release.a : slnetsock.oem4 (.text:SlNetSock_sdsClrAll)
                  20012da4    00000004     --HOLE-- [fill = 0]
                  20012da8    00000014     sysbios.aem4 : BIOS.obj (.text:pthread_attr_setschedparam)
                  20012dbc    00000014     rtsv7M4_T_le_eabi.lib : strcpy.c.obj (.text:strcpy)
                  20012dd0    00000014                           : strlen.c.obj (.text:strlen)
                  20012de4    00000014     release_pem4.oem4 (.text:ti_sysbios_family_arm_m3_Hwi_Object__get__S)
                  20012df8    00000014     sysbios.aem4 : BIOS.obj (.text:ti_sysbios_family_arm_m3_Hwi_switchFromBootStack__E)
                  20012e0c    00000014     release_pem4.oem4 (.text:ti_sysbios_heaps_HeapMem_Object__get__S)
                  20012e20    00000014     sysbios.aem4 : BIOS.obj (.text:ti_sysbios_knl_Clock_tickReconfig__E)
                  20012e34    00000014     release_pem4.oem4 (.text:ti_sysbios_knl_Swi_Object__get__S)
                  20012e48    00000012     dpl_cc32xx.a : SemaphoreP_tirtos.oem4 (.text:SemaphoreP_pend)
                  20012e5a    00000012     slnetifwifi.a : slnetifwifi.obj (.text:SlNetIfWifi_close)
                  20012e6c    00000004     --HOLE-- [fill = 0]
                  20012e70    00000012     sysbios.aem4 : BIOS.obj (.text:_pthread_runStub$43)
                  20012e82    00000006     slnetifwifi.a : slwificonn.obj (.text:DummyPrintf)
                  20012e88    00000012     sysbios.aem4 : BIOS.obj (.text:ti_sysbios_hal_Hwi_Module_startup__E)
                  20012e9a    00000012     release_pem4.oem4 (.text:xdc_runtime_Startup_exec__I)
                  20012eac    00000010     ti_drivers_config.obj (.text:Board_init)
                  20012ebc    00000010     dpl_cc32xx.a : HwiP_tirtos.oem4 (.text:HwiP_Params_init)
                  20012ecc    00000010     slnetifwifi.a : slnetifwifi.obj (.text:SlNetIfWifi_DeleteContext)
                  20012edc    00000010     simplelink.a : driver.obj (.text:_SlDrvDispatchHttpServerEvents)
                  20012eec    00000010                  : driver.obj (.text:_SlDrvDispatchNetAppRequestEvents)
                  20012efc    00000010                  : driver.obj (.text:_SlDrvIsSpawnOwnGlobalLock)
                  20012f0c    00000010     slnetsock_release.a : socket.oem4 (.text:bind)
                  20012f1c    00000010     ti_drivers_config.obj (.text:dmaErrorFxn)
                  20012f2c    00000004     --HOLE-- [fill = 0]
                  20012f30    00000010     sysbios.aem4 : BIOS.obj (.text:pthread_mutexattr_init)
                  20012f40    00000010                  : BIOS.obj (.text:pthread_mutexattr_settype)
                  20012f50    00000010     slnetifwifi.a : slnetifwifi.obj (.text:slNetIfWifi_connDisable)
                  20012f60    00000010     sysbios.aem4 : BIOS.obj (.text:ti_sysbios_BIOS_getCpuFreq__E)
                  20012f70    00000010                  : BIOS.obj (.text:ti_sysbios_BIOS_setThreadType__E)
                  20012f80    00000010                  : BIOS.obj (.text:ti_sysbios_BIOS_start__E)
                  20012f90    00000010                  : m3_TaskSupport_asm.obj (.text:ti_sysbios_family_arm_m3_TaskSupport_glue)
                  20012fa0    00000010                  : m3_TaskSupport_asm.obj (.text:ti_sysbios_family_arm_m3_TaskSupport_swap__E)
                  20012fb0    00000010                  : BIOS.obj (.text:ti_sysbios_gates_GateMutex_Instance_finalize__E)
                  20012fc0    00000010     release_pem4.oem4 (.text:ti_sysbios_knl_Mailbox_Object__get__S)
                  20012fd0    00000010     sysbios.aem4 : BIOS.obj (.text:ti_sysbios_knl_Semaphore_Instance_finalize__E)
                  20012fe0    00000010                  : BIOS.obj (.text:ti_sysbios_knl_Swi_disable__E)
                  20012ff0    00000010     release_pem4.oem4 (.text:ti_sysbios_knl_Task_Object__get__S)
                  20013000    00000010     sysbios.aem4 : BIOS.obj (.text:ti_sysbios_knl_Task_disable__E)
                  20013010    00000010                  : BIOS.obj (.text:xdc_runtime_Memory_free__E)
                  20013020    00000010                  : BIOS.obj (.text:xdc_runtime_SysCallback_abort__E)
                  20013030    00000010                  : BIOS.obj (.text:xdc_runtime_SysCallback_exit__E)
                  20013040    00000010                  : BIOS.obj (.text:xdc_runtime_SysCallback_putch__E)
                  20013050    00000010                  : BIOS.obj (.text:xdc_runtime_SysCallback_ready__E)
                  20013060    00000010                  : BIOS.obj (.text:xdc_runtime_System_vsnprintf__E)
                  20013070    0000000e     simplelink.a : driver.obj (.text:_SlDrvResetCmdExt)
                  2001307e    0000000e     rtsv7M4_T_le_eabi.lib : copy_decompress_none.c.obj (.text:decompress:none:__TI_decompress_none)
                  2001308c    0000000e     drivers_cc32xx.a : SPICC32XXDMA.oem4 (.text:postNotifyFxn)
                  2001309a    00000006                      : SPICC32XXDMA.oem4 (.text:SPICC32XXDMA_control)
                  200130a0    0000000e     sysbios.aem4 : BIOS.obj (.text:pthread_attr_setdetachstate)
                  200130ae    00000002     --HOLE-- [fill = 0]
                  200130b0    0000000e                  : BIOS.obj (.text:sem_wait)
                  200130be    0000000e     slnetifwifi.a : slnetifwifi.obj (.text:slNetIfWifi_connEnable)
                  200130cc    0000000e     simplelink.a : cc_pal.obj (.text:spi_Close)
                  200130da    00000006     driverlib.a : utils.obj (.text:UtilsDelay)
                  200130e0    0000000e     sysbios.aem4 : BIOS.obj (.text:ti_sysbios_knl_Idle_loop__E)
                  200130ee    00000002     --HOLE-- [fill = 0]
                  200130f0    0000000e                  : BIOS.obj (.text:ti_sysbios_knl_Queue_empty__E)
                  200130fe    0000000c     dpl_cc32xx.a : ClockP_tirtos.oem4 (.text:ClockP_delete)
                  2001310a    00000002     --HOLE-- [fill = 0]
                  2001310c    0000000c                  : ClockP_tirtos.oem4 (.text:ClockP_getSystemTickPeriod)
                  20013118    0000000c                  : HwiP_tirtos.oem4 (.text:HwiP_delete)
                  20013124    0000000c     simplelink.a : cc_pal.obj (.text:NwpMaskInterrupt)
                  20013130    0000000c                  : cc_pal.obj (.text:NwpUnMaskInterrupt)
                  2001313c    0000000c     drivers_cc32xx.a : PowerCC32XX.oem4 (.text:Power_getConstraintMask)
                  20013148    0000000c     dpl_cc32xx.a : SemaphoreP_tirtos.oem4 (.text:SemaphoreP_delete)
                  20013154    0000000c     platform.obj (.text:SimpleLinkHttpServerEventHandler)
                  20013160    0000000c     platform.obj (.text:SimpleLinkNetAppRequestEventHandler)
                  2001316c    0000000c     simplelink.a : device.obj (.text:_SlDeviceResetRequestInitCompletedCB)
                  20013178    0000000c     rtsv7M4_T_le_eabi.lib : _lock.c.obj (.text:_register_lock)
                  20013184    0000000c                           : _lock.c.obj (.text:_register_unlock)
                  20013190    0000000c                           : copy_zero_init.c.obj (.text:decompress:ZI:__TI_zero_init)
                  2001319c    0000000c     drivers_cc32xx.a : UARTCC32XXDMA.oem4 (.text:postNotifyFxn)
                  200131a8    0000000c     sysbios.aem4 : BIOS.obj (.text:pthread_self)
                  200131b4    0000000c     release_pem4.oem4 (.text:ti_sysbios_family_arm_m3_Hwi_Params__init__S)
                  200131c0    0000000c     sysbios.aem4 : BIOS.obj (.text:ti_sysbios_family_arm_m3_Hwi_disableFxn__E)
                  200131cc    00000004     --HOLE-- [fill = 0]
                  200131d0    0000000c                  : BIOS.obj (.text:ti_sysbios_family_arm_m3_TaskSupport_getStackAlignment__E)
                  200131dc    00000004     --HOLE-- [fill = 0]
                  200131e0    0000000c                  : BIOS.obj (.text:ti_sysbios_gates_GateHwi_enter__E)
                  200131ec    0000000c     release_pem4.oem4 (.text:ti_sysbios_knl_Clock_Params__init__S)
                  200131f8    0000000c     sysbios.aem4 : BIOS.obj (.text:ti_sysbios_knl_Clock_getTicks__E)
                  20013204    00000004     --HOLE-- [fill = 0]
                  20013208    0000000c                  : BIOS.obj (.text:ti_sysbios_knl_Clock_setTicks__E)
                  20013214    00000004     --HOLE-- [fill = 0]
                  20013218    0000000c                  : BIOS.obj (.text:ti_sysbios_knl_Clock_tickStart__E)
                  20013224    00000004     --HOLE-- [fill = 0]
                  20013228    0000000c                  : BIOS.obj (.text:ti_sysbios_knl_Clock_tickStop__E)
                  20013234    0000000c     release_pem4.oem4 (.text:ti_sysbios_knl_Queue_Object__get__S)
                  20013240    0000000c     release_pem4.oem4 (.text:ti_sysbios_knl_Semaphore_Params__init__S)
                  2001324c    0000000c     release_pem4.oem4 (.text:ti_sysbios_knl_Task_Params__init__S)
                  20013258    0000000c     sysbios.aem4 : BIOS.obj (.text:ti_sysbios_knl_Task_self__E)
                  20013264    00000004     --HOLE-- [fill = 0]
                  20013268    0000000c                  : BIOS.obj (.text:ti_sysbios_rts_ti_ReentSupport_taskRegHook__I)
                  20013274    0000000c     driverlib.a : udma.obj (.text:uDMAErrorStatusClear)
                  20013280    0000000c                 : udma.obj (.text:uDMAErrorStatusGet)
                  2001328c    00000004     --HOLE-- [fill = 0]
                  20013290    0000000c     sysbios.aem4 : BIOS.obj (.text:xdc_runtime_Startup_rtsDone__E)
                  2001329c    0000000a     dpl_cc32xx.a : ClockP_tirtos.oem4 (.text:ClockP_Params_init)
                  200132a6    0000000a     drivers_cc32xx.a : SPI.oem4 (.text:SPI_close)
                  200132b0    0000000a                      : SPI.oem4 (.text:SPI_transfer)
                  200132ba    0000000a     platform.obj (.text:SimpleLinkFatalErrorEventHandler)
                  200132c4    0000000a     platform.obj (.text:SimpleLinkGeneralEventHandler)
                  200132ce    0000000a     platform.obj (.text:SimpleLinkNetAppRequestMemFreeEventHandler)
                  200132d8    0000000a     platform.obj (.text:SimpleLinkSockEventHandler)
                  200132e2    0000000a     platform.obj (.text:SimpleLinkWlanEventHandler)
                  200132ec    0000000a     drivers_cc32xx.a : UART.oem4 (.text:UART_close)
                  200132f6    0000000a                      : UART.oem4 (.text:UART_control)
                  20013300    0000000a                      : UART.oem4 (.text:UART_write)
                  2001330a    00000006     --HOLE-- [fill = 0]
                  20013310    0000000a     sysbios.aem4 : BIOS.obj (.text:sem_destroy)
                  2001331a    00000006     --HOLE-- [fill = 0]
                  20013320    0000000a                  : BIOS.obj (.text:sem_post)
                  2001332a    0000000a     simplelink.a : device.obj (.text:sl_Task)
                  20013334    0000000a     release_pem4.oem4 (.text:xdc_runtime_IHeap_alloc)
                  2001333e    0000000a     release_pem4.oem4 (.text:xdc_runtime_IHeap_free)
                  20013348    00000008     dpl_cc32xx.a : SemaphoreP_tirtos.oem4 (.text:SemaphoreP_Params_init)
                  20013350    00000008     simplelink.a : cc_pal.obj (.text:TimerGetCurrentTimestamp)
                  20013358    00000008     drivers_cc32xx.a : SPICC32XXDMA.oem4 (.text:blockingTransferCallback)
                  20013360    00000008     sysbios.aem4 : BIOS.obj (.text:pthread_attr_setstacksize)
                  20013368    00000008                  : BIOS.obj (.text:pthread_mutex_lock)
                  20013370    00000008     drivers_cc32xx.a : UARTCC32XXDMA.oem4 (.text:readSemCallback)
                  20013378    00000008     sysbios.aem4 : BIOS.obj (.text:sem_getvalue)
                  20013380    00000008                  : BIOS.obj (.text:ti_sysbios_family_arm_m3_Hwi_doSwiRestore__I)
                  20013388    00000008                  : BIOS.obj (.text:ti_sysbios_family_arm_m3_Hwi_startup__E)
                  20013390    00000008     drivers_cc32xx.a : UARTCC32XXDMA.oem4 (.text:writeSemCallback)
                  20013398    00000006     sysbios.aem4 : BIOS.obj (.text:ti_sysbios_family_arm_m3_Hwi_doTaskRestore__I)
                  2001339e    00000002     --HOLE-- [fill = 0]
                  200133a0    00000006                  : BIOS.obj (.text:ti_sysbios_family_arm_m3_Hwi_restoreFxn__E)
                  200133a6    00000002     --HOLE-- [fill = 0]
                  200133a8    00000006                  : BIOS.obj (.text:ti_sysbios_gates_GateHwi_leave__E)
                  200133ae    00000002     --HOLE-- [fill = 0]
                  200133b0    00000006                  : BIOS.obj (.text:ti_sysbios_heaps_HeapMem_isBlocking__E)
                  200133b6    00000002     --HOLE-- [fill = 0]
                  200133b8    00000006                  : BIOS.obj (.text:ti_sysbios_knl_Clock_stop__E)
                  200133be    00000002     --HOLE-- [fill = 0]
                  200133c0    00000006                  : BIOS.obj (.text:ti_sysbios_knl_Queue_Instance_init__E)
                  200133c6    00000002     --HOLE-- [fill = 0]
                  200133c8    00000006                  : BIOS.obj (.text:ti_sysbios_knl_Swi_startup__E)
                  200133ce    00000002     --HOLE-- [fill = 0]
                  200133d0    00000006                  : BIOS.obj (.text:xdc_runtime_System_Module_startup__E)
                  200133d6    00000002     --HOLE-- [fill = 0]
                  200133d8    00000004                  : BIOS.obj (.text:__aeabi_errno_addr)
                  200133dc    00000004     --HOLE-- [fill = 0]
                  200133e0    00000004                  : BIOS.obj (.text:ti_sysbios_family_arm_m3_Timer_getMaxTicks__E)
                  200133e4    00000004     --HOLE-- [fill = 0]
                  200133e8    00000004                  : BIOS.obj (.text:ti_sysbios_gates_GateHwi_query__E)
                  200133ec    00000004     --HOLE-- [fill = 0]
                  200133f0    00000004                  : BIOS.obj (.text:ti_sysbios_gates_GateMutex_query__E)
                  200133f4    00000004     --HOLE-- [fill = 0]
                  200133f8    00000004                  : BIOS.obj (.text:ti_sysbios_knl_Clock_setTimeout__E)
                  200133fc    00000004     --HOLE-- [fill = 0]
                  20013400    00000004                  : BIOS.obj (.text:ti_sysbios_knl_Task_startup__E)
                  20013404    00000004     --HOLE-- [fill = 0]
                  20013408    00000004                  : BIOS.obj (.text:xdc_runtime_SysCallback_defaultReady)
                  2001340c    00000004     --HOLE-- [fill = 0]
                  20013410    00000002                  : BIOS.obj (.text:ti_sysbios_BIOS_linkedWithIncorrectBootLibrary__E)
                  20013412    00000006     --HOLE-- [fill = 0]
                  20013418    00000002                  : BIOS.obj (.text:ti_sysbios_gates_GateHwi_Instance_init__E)
                  2001341a    00000006     --HOLE-- [fill = 0]
                  20013420    00000002                  : BIOS.obj (.text:ti_sysbios_knl_Clock_logTick__E)
                  20013422    00000006     --HOLE-- [fill = 0]
                  20013428    00000002                  : BIOS.obj (.text:xdc_runtime_SysCallback_defaultAbort)
                  2001342a    00000006     --HOLE-- [fill = 0]
                  20013430    00000002                  : BIOS.obj (.text:xdc_runtime_SysCallback_defaultExit)
                  20013432    00000006     --HOLE-- [fill = 0]
                  20013438    00000002                  : BIOS.obj (.text:xdc_runtime_SysCallback_defaultPutch)
                  2001343a    00000006     --HOLE-- [fill = 0]
                  20013440    00000002                  : BIOS.obj (.text:xdc_runtime_System_abortSpin__E)
                  20013442    00000006     --HOLE-- [fill = 0]
                  20013448    00000002                  : BIOS.obj (.text:xdc_runtime_System_exitSpin__E)

.bss       0    2001b800    0000148b     UNINITIALIZED
                  2001b800    00000400     ti_drivers_config.obj (.bss:displayUARTBuffer)
                  2001bc00    00000400     ti_drivers_config.obj (.bss:dmaControlTable)
                  2001c000    000003fc     (.common:g_CB)
                  2001c3fc    0000030c     (.common:ti_sysbios_family_arm_m3_Hwi_dispatchTable)
                  2001c708    00000200     release_pem4.oem4 (.bss:taskStackSection)
                  2001c908    0000012c     (.common:PowerCC32XX_contextSave)
                  2001ca34    00000088     (.common:spiCC32XXDMAObjects)
                  2001cabc    00000080     slnetsock_release.a : slnetsock.oem4 (.bss:VirtualSockets)
                  2001cb3c    0000006c     (.common:uartCC32XXObjects0)
                  2001cba8    0000002c     (.common:GlobalLockObj)
                  2001cbd4    00000028     (.common:g_SlInternalSpawnCB)
                  2001cbfc    0000001c                         : slnetif.oem4 (.bss:EventsSem)
                  2001cc18    0000001c                         : slnetsock.oem4 (.bss:VirtualSocketSem)
                  2001cc34    00000014     drivers_cc32xx.a : UDMACC32XX.oem4 (.bss:postNotifyObj)
                  2001cc48    0000000c     (.common:DeviceCB)
                  2001cc54    0000000c     (.common:Msg)
                  2001cc60    0000000c     (.common:displayUartObject)
                  2001cc6c    00000008     (.common:spiCC32XXSDMAscratchBuf)
                  2001cc74    00000008     (.common:udmaCC3220SObject)
                  2001cc7c    00000004     (.common:display)
                  2001cc80    00000004     (.common:mode)
                  2001cc84    00000004     (.common:ti_sysbios_knl_Task_Instance_State_0_hookEnv__A)
                  2001cc88    00000002     (.common:gIfID)
                  2001cc8a    00000001     (.common:RxIrqCnt)

.const     0    2001cc8c    00000a2b     
                  2001cc8c    00000100     driverlib.a : pin.obj (.const:g_ulPinToPadMap)
                  2001cd8c    000000a8                 : prcm.obj (.const:PRCM_PeriphRegsList)
                  2001ce34    00000078     ti_drivers_config.obj (.const:spiCC32XXDMAHWAttrs)
                  2001ceac    00000070     simplelink.a : driver.obj (.const:OpcodeTranslateTable)
                  2001cf1c    00000050                  : driver.obj (.const:_SlActionLookupTable)
                  2001cf6c    00000044     ti_drivers_config.obj (.const:PowerCC32XX_config)
                  2001cfb0    0000003c     release_pem4.oem4 (.const:ti_sysbios_knl_Task_Object__PARAMS__C)
                  2001cfec    00000030     release_pem4.oem4 (.const:ti_sysbios_family_arm_m3_Hwi_Object__PARAMS__C)
                  2001d01c    00000028     drivers_cc32xx.a : UARTCC32XXDMA.oem4 (.const:UARTCC32XXDMA_fxnTable)
                  2001d044    00000028     release_pem4.oem4 (.const:ti_sysbios_heaps_HeapMem_Module__FXNS__C)
                  2001d06c    00000024     drivers_cc32xx.a : UART.oem4 (.const:UART_defaultParams)
                  2001d090    00000024     release_pem4.oem4 (.const:ti_sysbios_gates_GateHwi_Module__FXNS__C)
                  2001d0b4    00000024     release_pem4.oem4 (.const:ti_sysbios_gates_GateMutex_Module__FXNS__C)
                  2001d0d8    00000024     release_pem4.oem4 (.const:ti_sysbios_heaps_HeapMem_Object__PARAMS__C)
                  2001d0fc    00000024     release_pem4.oem4 (.const:ti_sysbios_knl_Clock_Object__PARAMS__C)
                  2001d120    00000024     release_pem4.oem4 (.const:ti_sysbios_knl_Semaphore_Object__PARAMS__C)
                  2001d144    00000024     ti_drivers_config.obj (.const:uartCC32XXHWAttrs0)
                  2001d168    00000024     release_pem4.oem4 (.const:xdc_runtime_Startup_sfxnTab__A)
                  2001d18c    00000020     display.a : DisplayUart.oem4 (.const:DisplayUartMin_fxnTable)
                  2001d1ac    00000020     simplelink.a : driver.obj (.const:RxMsgClassLUT)
                  2001d1cc    00000020     drivers_cc32xx.a : SPI.oem4 (.const:SPI_defaultParams)
                  2001d1ec    00000020     simplelink.a : device.obj (.const:StartResponseLUT)
                  2001d20c    00000020     release_pem4.oem4 (.const:ti_sysbios_family_arm_m3_Hwi_Object__DESC__C)
                  2001d22c    00000020     release_pem4.oem4 (.const:ti_sysbios_gates_GateHwi_Object__DESC__C)
                  2001d24c    00000020     release_pem4.oem4 (.const:ti_sysbios_gates_GateMutex_Object__DESC__C)
                  2001d26c    00000020     release_pem4.oem4 (.const:ti_sysbios_heaps_HeapMem_Object__DESC__C)
                  2001d28c    00000020     release_pem4.oem4 (.const:ti_sysbios_knl_Clock_Object__DESC__C)
                  2001d2ac    00000020     release_pem4.oem4 (.const:ti_sysbios_knl_Queue_Object__DESC__C)
                  2001d2cc    00000020     release_pem4.oem4 (.const:ti_sysbios_knl_Semaphore_Object__DESC__C)
                  2001d2ec    00000020     release_pem4.oem4 (.const:ti_sysbios_knl_Task_Object__DESC__C)
                  2001d30c    00000018     drivers_cc32xx.a : SPICC32XXDMA.oem4 (.const:SPICC32XXDMA_fxnTable)
                  2001d324    00000018     ti_drivers_config.obj (.const:SPI_config)
                  2001d33c    00000018     release_pem4.oem4 (.const:ti_sysbios_gates_GateHwi_Object__PARAMS__C)
                  2001d354    00000018     release_pem4.oem4 (.const:ti_sysbios_gates_GateMutex_Object__PARAMS__C)
                  2001d36c    00000018     release_pem4.oem4 (.const:ti_sysbios_knl_Queue_Object__PARAMS__C)
                  2001d384    00000018     release_pem4.oem4 (.const:ti_sysbios_knl_Task_hooks__A)
                  2001d39c    00000015     ti_drivers_config.obj (.const)
                  2001d3b1    00000001     display.a : Display.oem4 (.const:Display_defaultParams)
                  2001d3b2    00000002     release_pem4.oem4 (.const:ti_sysbios_family_arm_m3_Hwi_Module__id__C)
                  2001d3b4    00000014     simplelink.a : cc_pal.obj (.const:$P$T0$1)
                  2001d3c8    00000014                  : device.obj (.const:$P$T0$1)
                  2001d3dc    00000014                  : driver.obj (.const:$P$T0$1)
                  2001d3f0    00000014                  : fs.obj (.const:$P$T0$1)
                  2001d404    00000014                  : cc_pal.obj (.const:$P$T1$2)
                  2001d418    00000014                  : driver.obj (.const:$P$T2$3)
                  2001d42c    00000014     slnetifwifi.a : slnetifwifi.obj (.const:StartSecOptName)
                  2001d440    00000014     ti_drivers_config.obj (.const:displayUartHWAttrs)
                  2001d454    00000014     drivers_cc32xx.a : UARTCC32XXDMA.oem4 (.const:parityType)
                  2001d468    00000012     release_pem4.oem4 (.const:xdc_runtime_Startup_sfxnRts__A)
                  2001d47a    00000002     release_pem4.oem4 (.const:ti_sysbios_family_arm_m3_Timer_Module__id__C)
                  2001d47c    00000010     simplelink.a : sl_socket.obj (.const:_SlCtrlSockAddr)
                  2001d48c    00000010                  : sl_socket.obj (.const:_SlCtrlSockRelease)
                  2001d49c    00000010     drivers_cc32xx.a : UARTCC32XXDMA.oem4 (.const:dataLength)
                  2001d4ac    00000010     slnetifwifi.a : slnetifwifi.obj (.const:socketType)
                  2001d4bc    0000000c     platform.obj (.const:$P$T0$1)
                  2001d4c8    0000000c     ti_drivers_config.obj (.const:Display_config)
                  2001d4d4    0000000c     ti_drivers_config.obj (.const:UART_config)
                  2001d4e0    0000000c     drivers_cc32xx.a : SPICC32XXDMA.oem4 (.const:dmaNullConfig)
                  2001d4ec    0000000c                      : SPICC32XXDMA.oem4 (.const:dmaRxConfig)
                  2001d4f8    0000000c                      : SPICC32XXDMA.oem4 (.const:dmaTxConfig)
                  2001d504    0000000c     ti_drivers_config.obj (.const:udmaCC3220SHWAttrs)
                  2001d510    0000000c     release_pem4.oem4 (.const:xdc_runtime_Startup_firstFxns__A)
                  2001d51c    00000008     ti_drivers_config.obj (.const:UDMACC32XX_config)
                  2001d524    00000008     simplelink.a : driver.obj (.const:g_H2NCnysPattern)
                  2001d52c    00000008                  : driver.obj (.const:g_H2NSyncPattern)
                  2001d534    00000008     drivers_cc32xx.a : SPICC32XXDMA.oem4 (.const:mode)
                  2001d53c    00000008                      : UARTCC32XXDMA.oem4 (.const:stopBits)
                  2001d544    00000008     release_pem4.oem4 (.const:ti_sysbios_knl_Idle_funcList__A)
                  2001d54c    00000008     release_pem4.oem4 (.const:ti_sysbios_knl_Idle_funcList__C)
                  2001d554    00000008     release_pem4.oem4 (.const:ti_sysbios_knl_Task_hooks__C)
                  2001d55c    00000008     release_pem4.oem4 (.const:xdc_runtime_Startup_firstFxns__C)
[...]
20013311  sem_destroy                                                     
20013321  sem_post                                                        
2001332b  sl_Task                                                         
20013335  xdc_runtime_Memory_HeapProxy_alloc__E                           
2001333f  xdc_runtime_Memory_HeapProxy_free__E                            
20013349  SemaphoreP_Params_init                                          
20013351  TimerGetCurrentTimestamp                                        
20013361  pthread_attr_setstacksize                                       
20013369  pthread_mutex_lock                                              
20013379  sem_getvalue                                                    
20013381  ti_sysbios_family_arm_m3_Hwi_doSwiRestore__I                    
20013389  ti_sysbios_family_arm_m3_Hwi_startup__E                         
20013389  ti_sysbios_hal_Hwi_HwiProxy_startup__E                          
20013389  ti_sysbios_hal_Hwi_startup__E                                   
20013399  ti_sysbios_family_arm_m3_Hwi_doTaskRestore__I                   
200133a1  HwiP_restore                                                    
200133a1  ti_sysbios_family_arm_m3_Hwi_restoreFxn__E                      
200133a1  ti_sysbios_hal_Hwi_HwiProxy_restore__E                          
200133a9  ti_sysbios_gates_GateHwi_leave__E                               
200133b1  ti_sysbios_heaps_HeapMem_isBlocking__E                          
200133b9  ti_sysbios_knl_Clock_stop__E                                    
200133c1  ti_sysbios_knl_Queue_Instance_init__E                           
200133c9  ti_sysbios_knl_Swi_startup__E                                   
200133d1  xdc_runtime_System_Module_startup__E                            
200133d9  __aeabi_errno_addr                                              
200133e1  ti_sysbios_family_arm_m3_Timer_getMaxTicks__E                   
200133e9  ti_sysbios_gates_GateHwi_query__E                               
200133e9  xdc_runtime_Main_Module_GateProxy_query__E                      
200133e9  xdc_runtime_System_Module_GateProxy_query__E                    
200133f1  ti_sysbios_BIOS_RtsGateProxy_query__E                           
200133f1  ti_sysbios_gates_GateMutex_query__E                             
200133f1  ti_sysbios_heaps_HeapMem_Module_GateProxy_query__E              
200133f9  ti_sysbios_knl_Clock_setTimeout__E                              
20013401  ti_sysbios_knl_Task_startup__E                                  
20013409  xdc_runtime_SysCallback_defaultReady                            
20013411  ti_sysbios_BIOS_linkedWithIncorrectBootLibrary__E               
20013419  ti_sysbios_gates_GateHwi_Instance_init__E                       
20013421  ti_sysbios_knl_Clock_logTick__E                                 
20013429  xdc_runtime_SysCallback_defaultAbort                            
20013431  xdc_runtime_SysCallback_defaultExit                             
20013439  xdc_runtime_SysCallback_defaultPutch                            
20013441  xdc_runtime_System_abortSpin__E                                 
20013449  xdc_runtime_System_exitSpin__E                                  
20013450  __primary_heap_start__                                          
2001b450  __TI_static_base__                                              
2001b450  __primary_heap_end__                                            
2001b6e0  __TI_Handler_Table_Base                                         
2001b6ec  __TI_Handler_Table_Limit                                        
2001b700  __TI_CINIT_Base                                                 
2001b718  __TI_CINIT_Limit                                                
2001c000  g_CB                                                            
2001c3fc  ti_sysbios_family_arm_m3_Hwi_dispatchTable                      
2001c708  ti_sysbios_knl_Task_Instance_State_0_stack__A                   
2001c908  PowerCC32XX_contextSave                                         
2001ca34  spiCC32XXDMAObjects                                             
2001cb3c  uartCC32XXObjects0                                              
2001cba8  GlobalLockObj                                                   
2001cbd4  g_SlInternalSpawnCB                                             
2001cc48  DeviceCB                                                        
2001cc54  Msg                                                             
2001cc60  displayUartObject                                               
2001cc6c  spiCC32XXSDMAscratchBuf                                         
2001cc74  udmaCC3220SObject                                               
2001cc7c  display                                                         
2001cc80  mode                                                            
2001cc84  ti_sysbios_knl_Task_Instance_State_0_hookEnv__A                 
2001cc88  gIfID                                                           
2001cc8a  RxIrqCnt                                                        
2001ce34  spiCC32XXDMAHWAttrs                                             
2001ceac  OpcodeTranslateTable                                            
2001cf1c  _SlActionLookupTable                                            
2001cf6c  PowerCC32XX_config                                              
2001cfb0  ti_sysbios_knl_Task_Object__PARAMS__C                           
2001cfec  ti_sysbios_family_arm_m3_Hwi_Object__PARAMS__C                  
2001d01c  UARTCC32XXDMA_fxnTable                                          
2001d044  ti_sysbios_heaps_HeapMem_Module__FXNS__C                        
2001d06c  UART_defaultParams                                              
2001d090  ti_sysbios_gates_GateHwi_Module__FXNS__C                        
2001d0b4  ti_sysbios_gates_GateMutex_Module__FXNS__C                      
2001d0d8  ti_sysbios_heaps_HeapMem_Object__PARAMS__C                      
2001d0fc  ti_sysbios_knl_Clock_Object__PARAMS__C                          
2001d120  ti_sysbios_knl_Semaphore_Object__PARAMS__C                      
2001d168  xdc_runtime_Startup_sfxnTab__A                                  
2001d18c  DisplayUartMin_fxnTable                                         
2001d1cc  SPI_defaultParams                                               
2001d20c  ti_sysbios_family_arm_m3_Hwi_Object__DESC__C                    
2001d22c  ti_sysbios_gates_GateHwi_Object__DESC__C                        
2001d24c  ti_sysbios_gates_GateMutex_Object__DESC__C                      
2001d26c  ti_sysbios_heaps_HeapMem_Object__DESC__C                        
2001d28c  ti_sysbios_knl_Clock_Object__DESC__C                            
2001d2ac  ti_sysbios_knl_Queue_Object__DESC__C                            
2001d2cc  ti_sysbios_knl_Semaphore_Object__DESC__C                        
2001d2ec  ti_sysbios_knl_Task_Object__DESC__C                             
2001d30c  SPICC32XXDMA_fxnTable                                           
2001d324  SPI_config                                                      
2001d33c  ti_sysbios_gates_GateHwi_Object__PARAMS__C                      
2001d354  ti_sysbios_gates_GateMutex_Object__PARAMS__C                    
2001d36c  ti_sysbios_knl_Queue_Object__PARAMS__C                          
2001d384  ti_sysbios_knl_Task_hooks__A                                    
2001d39c  Display_count                                                   
2001d39d  CONFIG_Crypto_0_CONST                                           
2001d39e  CryptoCC32XX_count                                              
2001d39f  CONFIG_GPIO_BUTTON_0_CONST                                      
2001d3a0  CONFIG_GPIO_BUTTON_1_CONST                                      
2001d3a1  CONFIG_GPIO_LED_0_CONST                                         
2001d3a2  CONFIG_GPIO_LED_1_CONST                                         
2001d3a3  CONFIG_GPIO_LED_2_CONST                                         
2001d3a4  CONFIG_GPIO_0_CONST                                             
2001d3a5  CONFIG_GPIO_2_CONST                                             
2001d3a6  CONFIG_SPI_0_CONST                                              
2001d3a7  CONFIG_NWP_SPI_CONST                                            
2001d3a8  SPI_count                                                       
2001d3a9  CONFIG_TIMER_0_CONST                                            
2001d3aa  CONFIG_TIMER_1_CONST                                            
2001d3ab  CONFIG_TIMER_2_CONST                                            
2001d3ac  Timer_count                                                     
2001d3ad  CONFIG_UART_0_CONST                                             
2001d3ae  UART_count                                                      
2001d3af  CONFIG_WATCHDOG_0_CONST                                         
2001d3b0  Watchdog_count                                                  
2001d3b1  Display_defaultParams                                           
2001d3b2  ti_sysbios_family_arm_m3_Hwi_Module__id__C                      
2001d440  displayUartHWAttrs                                              
2001d468  xdc_runtime_Startup_sfxnRts__A                                  
2001d47a  ti_sysbios_family_arm_m3_Timer_Module__id__C                    
2001d4c8  Display_config                                                  
2001d4d4  UART_config                                                     
2001d504  udmaCC3220SHWAttrs                                              
2001d510  xdc_runtime_Startup_firstFxns__A                                
2001d51c  UDMACC32XX_config                                               
2001d544  ti_sysbios_knl_Idle_funcList__A                                 
2001d54c  ti_sysbios_knl_Idle_funcList__C                                 
2001d554  ti_sysbios_knl_Task_hooks__C                                    
2001d55c  xdc_runtime_Startup_firstFxns__C                                
2001d564  xdc_runtime_Startup_lastFxns__C                                 
2001d59c  _SlNetAppSendResponseCmdCtrl                                    
2001d5a0  _SlNetAppSendTokenValueCmdCtrl                                  
2001d5d0  ti_sysbios_family_arm_m3_Hwi_E_alreadyDefined__C                
2001d5d4  ti_sysbios_family_arm_m3_Hwi_E_badIntNum__C                     
2001d5d8  ti_sysbios_family_arm_m3_Hwi_NUM_INTERRUPTS__C                  
2001d5dc  ti_sysbios_family_arm_m3_Hwi_Object__count__C                   
2001d5e0  ti_sysbios_family_arm_m3_Hwi_ccr__C                             
2001d5e4  ti_sysbios_family_arm_m3_Hwi_excHandlerFunc__C                  
2001d5e8  ti_sysbios_family_arm_m3_Hwi_nullIsrFunc__C                     
2001d5ec  ti_sysbios_family_arm_m3_Hwi_priGroup__C                        
2001d5f0  ti_sysbios_family_arm_m3_Hwi_swiDisable__C                      
2001d5f4  ti_sysbios_family_arm_m3_Hwi_swiRestore__C                      
2001d5f8  ti_sysbios_family_arm_m3_TaskSupport_stackAlignment__C          
2001d5fc  ti_sysbios_family_arm_m3_Timer_E_cannotSupport__C               
2001d600  ti_sysbios_family_arm_m3_Timer_startupNeeded__C                 
2001d604  ti_sysbios_gates_GateMutex_Instance_State_sem__O                
2001d608  ti_sysbios_heaps_HeapMem_E_memory__C                            
2001d60c  ti_sysbios_heaps_HeapMem_Module__gateObj__C                     
2001d610  ti_sysbios_heaps_HeapMem_Object__count__C                       
2001d614  ti_sysbios_heaps_HeapMem_primaryHeapBaseAddr__C                 
2001d618  ti_sysbios_heaps_HeapMem_primaryHeapEndAddr__C                  
2001d61c  ti_sysbios_heaps_HeapMem_reqAlign__C                            
2001d620  ti_sysbios_knl_Clock_Module_State_clockQ__O                     
2001d624  ti_sysbios_knl_Clock_tickPeriod__C                              
2001d628  ti_sysbios_knl_Mailbox_Instance_State_dataQue__O                
2001d62c  ti_sysbios_knl_Mailbox_Instance_State_dataSem__O                
2001d630  ti_sysbios_knl_Mailbox_Instance_State_freeQue__O                
2001d634  ti_sysbios_knl_Mailbox_Instance_State_freeSem__O                
2001d638  ti_sysbios_knl_Mailbox_Object__count__C                         
2001d63c  ti_sysbios_knl_Mailbox_maxTypeAlign__C                          
2001d640  ti_sysbios_knl_Semaphore_Instance_State_pendQ__O                
2001d644  ti_sysbios_knl_Swi_Object__count__C                             
2001d648  ti_sysbios_knl_Task_Module_State_inactiveQ__O                   
2001d64c  ti_sysbios_knl_Task_Object__count__C                            
2001d650  ti_sysbios_knl_Task_Object__heap__C                             
2001d654  ti_sysbios_knl_Task_allBlockedFunc__C                           
2001d658  ti_sysbios_knl_Task_defaultStackHeap__C                         
2001d65c  ti_sysbios_knl_Task_defaultStackSize__C                         
2001d660  ti_sysbios_knl_Task_numConstructedTasks__C                      
2001d664  xdc_runtime_Error_E_memory__C                                   
2001d668  xdc_runtime_Error_policyFxn__C                                  
2001d66c  xdc_runtime_IGateProvider_Interface__BASE__C                    
2001d670  xdc_runtime_IHeap_Interface__BASE__C                            
2001d674  xdc_runtime_IModule_Interface__BASE__C                          
2001d678  xdc_runtime_Memory_defaultHeapInstance__C                       
2001d67c  xdc_runtime_Startup_execImpl__C                                 
2001d680  xdc_runtime_Startup_maxPasses__C                                
2001d684  xdc_runtime_Startup_sfxnRts__C                                  
2001d688  xdc_runtime_Startup_sfxnTab__C                                  
2001d68c  xdc_runtime_SysCallback_abortFxn__C                             
2001d690  xdc_runtime_SysCallback_exitFxn__C                              
2001d694  xdc_runtime_SysCallback_putchFxn__C                             
2001d698  xdc_runtime_SysCallback_readyFxn__C                             
2001d69c  xdc_runtime_System_Module__gateObj__C                           
2001d6a0  xdc_runtime_System_abortFxn__C                                  
2001d6a4  xdc_runtime_System_exitFxn__C                                   
2001d6a8  xdc_runtime_System_extendFxn__C                                 
2001d6ac  xdc_runtime_System_maxAtexitHandlers__C                         
2001d6b0  ti_sysbios_heaps_HeapMem_Module__id__C                          
2001d6b2  xdc_runtime_Memory_Module__id__C                                
2001d6b4  ti_sysbios_knl_Clock_tickMode__C                                
2001d6b5  ti_sysbios_knl_Clock_tickSource__C                              
2001d6b6  xdc_runtime_Error_policy__C                                     
2001d6b8  PowerCC32XX_module                                              
2001d824  parkInfo                                                        
2001d9d0  ti_sysbios_knl_Swi_Module_State_0_readyQ__A                     
2001da50  ti_sysbios_knl_Task_Module_State_0_readyQ__A                    
2001dad0  SlNetIfConfigWifi                                               
2001db38  ti_sysbios_knl_Task_Object__table__V                            
2001db84  ti_sysbios_knl_Task_Module__state__V                            
2001dbc8  ti_sysbios_gates_GateMutex_Object__table__V                     
2001dc00  ti_sysbios_family_arm_m3_Hwi_Module__state__V                   
2001dc34  ti_sysbios_family_arm_m3_Timer_Object__table__V                 
2001dc64  ti_sysbios_knl_Swi_Object__table__V                             
2001dc94  ti_sysbios_knl_Clock_Module__state__V                           
2001dcc0  g_LibsEvents                                                    
2001dce4  g_UserEvents                                                    
2001dd08  ti_sysbios_BIOS_Module__state__V                                
2001dd2c  xdc_runtime_Error_IgnoreBlock                                   
2001dd4c  ti_sysbios_knl_Swi_Module__state__V                             
2001dd68  g_fNetIfCB                                                      
2001dd6c  g_ifId                                                          
2001dd80  ti_sysbios_family_arm_m3_Hwi_Object__table__V                   
2001dd98  ti_sysbios_heaps_HeapMem_Object__table__V                       
2001ddb0  ti_sysbios_family_arm_cc32xx_Seconds_Module__state__V           
2001ddc4  gGlobalLockCntRequested                                         
2001ddc5  gGlobalLockCntReleased                                          
2001ddc6  g_SlDeviceStatus                                                
2001ddc8  g_pCB                                                           
2001ddcc  pPingCallBackFunc                                               
2001dddc  ti_sysbios_family_arm_m3_Timer_Module__state__V                 
2001dde8  _lock                                                           
2001ddec  _unlock                                                         
2001ddf8  udpThread                                                       
2001ddfc  spawn_thread                                                    
2001de00  ti_sysbios_family_arm_m3_Hwi_Module__root__V                    
2001de08  ti_sysbios_gates_GateHwi_Module__root__V                        
2001de10  ti_sysbios_gates_GateMutex_Module__root__V                      
2001de18  ti_sysbios_heaps_HeapMem_Module__root__V                        
2001de20  ti_sysbios_knl_Clock_Module__root__V                            
2001de28  ti_sysbios_knl_Queue_Module__root__V                            
2001de30  ti_sysbios_knl_Semaphore_Module__root__V                        
2001de38  ti_sysbios_knl_Task_Module__root__V                             
2001de40  xdc_runtime_Startup_Module__state__V                            
2001de48  xdc_runtime_System_Module_State_0_atexitHandlers__A             
2001de50  xdc_runtime_System_Module__state__V                             
2001de58  main_func_sp                                                    
2001de5c  g_intHandle                                                     
2001de60  ti_sysbios_family_arm_m3_Hwi_Module_State_0_excContext__A       
2001de64  ti_sysbios_family_arm_m3_Hwi_Module_State_0_excStack__A         
2001de68  ti_sysbios_family_arm_m3_TimestampProvider_Module__state__V     
2001de6c  ti_sysbios_gates_GateHwi_Object__table__V                       
2001de70  ti_sysbios_knl_Task_Module_State_0_idleTask__A                  
2001de74  ti_sysbios_rts_ti_ReentSupport_Module__state__V                 
2001de78  xdc_runtime_Memory_Module__state__V                             
2001de7c  ti_sysbios_family_arm_m3_Hwi_Module_State_0_excActive__A        
e000e000  ti_sysbios_family_arm_m3_Hwi_nvic                               
ffffffff  __TI_pprof_out_hndl                                             
ffffffff  __TI_prof_data_size                                             
ffffffff  __TI_prof_data_start                                            
ffffffff  __binit__                                                       
ffffffff  __c_args__                                                      
ffffffff  binit                                                           
UNDEFED   ITM_flush                                                       
UNDEFED   ITM_restore                                                     
UNDEFED   SHT$$INIT_ARRAY$$Base                                           
UNDEFED   SHT$$INIT_ARRAY$$Limit                                          

[850 symbols]
