******************************************************************************
                  TI ARM Linker PC v20.2.5                     
******************************************************************************
>> Linked Tue Aug 24 15:36:11 2021

OUTPUT FILE NAME:   <udpU_test.out>
ENTRY POINT SYMBOL: "_c_int00"  address: 200121c1


MEMORY CONFIGURATION

         name            origin    length      used     unused   attr    fill
----------------------  --------  ---------  --------  --------  ----  --------
  SRAM0                 20000000   00004000  0000070c  000038f4  RW X
  SRAM                  20004000   0003c000  0001b3bf  00020c41  RW X
  LOG_DATA              90000000   00040000  00000000  00040000  R   


SEGMENT ALLOCATION MAP

run origin  load origin   length   init length attrs members
----------  ----------- ---------- ----------- ----- -------
20000000    20000000    0000030c   00000000    rw-
  20000000    20000000    0000030c   00000000    rw- .vecs
20003c00    20003c00    00000400   00000000    rw-
  20003c00    20003c00    00000400   00000000    rw- .stack
20004000    20004000    00018980   0001097a    r-x
  20004000    20004000    0000030c   0000030c    r-- .resetVecs
  20004310    20004310    0001066a   0001066a    r-x .text
  20014980    20014980    00008000   00000000    r-- .priheap
2001cc00    2001cc00    0000148b   00000000    rw-
  2001cc00    2001cc00    0000148b   00000000    rw- .bss
2001e08c    2001e08c    00000b2c   00000b2c    r--
  2001e08c    2001e08c    00000b2c   00000b2c    r-- .const
2001ebb8    2001ebb8    000007ca   00000000    rw-
  2001ebb8    2001ebb8    000007ca   00000000    rw- .data
2001f388    2001f388    000002c8   000002c8    r--
  2001f388    2001f388    000002c8   000002c8    r-- .cinit


SECTION ALLOCATION MAP

 output                                  attributes/
section   page    origin      length       input sections
--------  ----  ----------  ----------   ----------------
.resetVecs 
*          0    20004000    0000030c     
                  20004000    0000030c     release_pem4.oem4 (.resetVecs)

.text      0    20004310    0001066a     
                  20004310    00000a4e     rtsv7M4_T_le_eabi.lib : _printfi.c.obj (.text:__TI_printfi)
                  20004d5e    00000002     ti_drivers_config.obj (.text:Board_initHook)
                  20004d60    000008e8     simplelink.a : driver.obj (.text:_SlDrvMsgRead)
                  20005648    000004bc                  : sl_socket.obj (.text:_SlSocketHandleAsync_Select)
                  20005b04    00000004     dpl_cc32xx.a : ClockP_tirtos.oem4 (.text:ClockP_getCpuFreq)
                  20005b08    00000468     sysbios.aem4 : BIOS.obj (.text:xdc_runtime_System_doPrint__I)
                  20005f70    0000042c     driverlib.a : prcm.obj (.text:PRCMCC3200MCUInit)
                  2000639c    00000384     simplelink.a : driver.obj (.text:_SlDrvMsgWrite)
                  20006720    0000031c                  : driver.obj (.text:_SlDrvReleasePoolObj)
                  20006a3c    000002e0                  : driver.obj (.text:_SlDrvWaitForPoolObj)
                  20006d1c    000002d8                  : driver.obj (.text:_SlDrvRxHdrRead)
                  20006ff4    000002ac                  : sl_socket.obj (.text:sl_Select)
                  200072a0    00000284                  : wlan.obj (.text:sl_WlanConnect)
                  20007524    00000268     rtsv7M4_T_le_eabi.lib : _printfi.c.obj (.text:_pconv_a)
                  2000778c    0000025c     simplelink.a : driver.obj (.text:_SlDrvDataReadOp)
                  200079e8    00000250     platform.obj (.text:mainThread)
                  20007c38    00000224     simplelink.a : driver.obj (.text:_SlDrvDriverCBInit)
                  20007e5c    00000218                  : driver.obj (.text:_SlDrvDataWriteOp)
                  20008074    0000020c     drivers_cc32xx.a : UARTCC32XXDMA.oem4 (.text:UARTCC32XXDMA_open)
                  20008280    000001f4     simplelink.a : driver.obj (.text:_SlDrvMsgReadCmdCtx)
                  20008474    000001f2                  : netapp.obj (.text:_SlNetAppEventHandler)
                  20008666    00000002     display.a : DisplayUart.oem4 (.text:DisplayUartMin_clear)
                  20008668    000001e8     simplelink.a : netapp.obj (.text:sl_NetAppPing)
                  20008850    000001e0                  : device.obj (.text:sl_Stop)
                  20008a30    000001d0     drivers_cc32xx.a : SPICC32XXDMA.oem4 (.text:SPICC32XXDMA_transfer)
                  20008c00    000001cc     rtsv7M4_T_le_eabi.lib : _printfi.c.obj (.text:_pconv_g)
                  20008dcc    000001b8     drivers_cc32xx.a : SPICC32XXDMA.oem4 (.text:configDMA)
                  20008f84    000001b6     rtsv7M4_T_le_eabi.lib : fd_add_t2.asm.obj (.text)
                  2000913a    00000002     display.a : DisplayUart.oem4 (.text:DisplayUartMin_clearLines)
                  2000913c    000001b4     simplelink.a : driver.obj (.text:_SlDrvReleaseAllActivePendingPoolObj)
                  200092f0    000001a8                  : sl_socket.obj (.text:sl_Accept)
                  20009498    00000190                  : sl_socket.obj (.text:_SlDrvRegisterForSelectAsync)
                  20009628    00000190     udpEcho.obj (.text:echoFxn)
                  200097b8    00000184     simplelink.a : driver.obj (.text:_SlDrvFindAndSetActiveObj)
                  2000993c    00000180     release_pem4.oem4 (.text:xdc_runtime_System_printfExtend__I)
                  20009abc    00000178     simplelink.a : sl_socket.obj (.text:sl_Connect)
                  20009c34    00000174     platform.obj (.text:SimpleLinkNetAppEventHandler)
                  20009da8    00000170     simplelink.a : netapp.obj (.text:sl_NetAppDnsGetHostByName)
                  20009f18    0000015c     dpl_cc32xx.a : PowerCC32XX_tirtos.oem4 (.text:PowerCC32XX_sleepPolicy)
                  2000a074    00000158     drivers_cc32xx.a : SPICC32XXDMA.oem4 (.text:SPICC32XXDMA_open)
                  2000a1cc    00000154     simplelink.a : sl_socket.obj (.text:sl_RecvFrom)
                  2000a320    00000148                  : sl_socket.obj (.text:_SlDrvGetNextTimeoutValue)
                  2000a468    00000148     drivers_cc32xx.a : PowerCC32XX.oem4 (.text:parkPins)
                  2000a5b0    00000148     simplelink.a : sl_socket.obj (.text:sl_StartTLS)
                  2000a6f8    00000140                  : driver.obj (.text:_SlDrvMsgReadSpawnCtx)
                  2000a838    0000013c     rtsv7M4_T_le_eabi.lib : _printfi.c.obj (.text:_pconv_e)
                  2000a974    00000138     drivers_cc32xx.a : PowerCC32XX.oem4 (.text:Power_sleep)
                  2000aaac    00000138     simplelink.a : driver.obj (.text:_SlSpawnMsgListInsert)
                  2000abe4    00000136     rtsv7M4_T_le_eabi.lib : fd_div_t2.asm.obj (.text)
                  2000ad1a    00000002     display.a : DisplayUart.oem4 (.text:DisplayUartMin_init)
                  2000ad1c    00000134     simplelink.a : sl_socket.obj (.text:_SlSocketHandleAsync_StartTLS)
                  2000ae50    00000130                  : driver.obj (.text:_SlDrvDriverCBDeinit)
                  2000af80    00000130     sysbios.aem4 : BIOS.obj (.text:ti_sysbios_knl_Semaphore_pend__E)
                  2000b0b0    0000012c     slnetsock_release.a : errnoutil.oem4 (.text:ErrnoUtil_set)
                  2000b1dc    00000128     simplelink.a : driver.obj (.text:_SlDrvClassifyRxMsg)
                  2000b304    00000124                  : fs.obj (.text:sl_FsOpen)
                  2000b428    00000120                  : driver.obj (.text:_SlDrvAsyncEventGenericHandler)
                  2000b548    00000120     rtsv7M4_T_le_eabi.lib : _printfi.c.obj (.text:fcvt)
                  2000b668    00000120     sysbios.aem4 : BIOS.obj (.text:xdc_runtime_Startup_startMods__I)
                  2000b788    0000011c     simplelink.a : device.obj (.text:sl_Start)
                  2000b8a4    00000118                  : netapp.obj (.text:_SlNetAppHandleAsync_DnsGetHostByService)
                  2000b9bc    00000004     dpl_cc32xx.a : ClockP_tirtos.oem4 (.text:ClockP_setTimeout)
                  2000b9c0    00000110     sysbios.aem4 : BIOS.obj (.text:ti_sysbios_knl_Task_postInit__I)
                  2000bad0    00000104     simplelink.a : device.obj (.text:_SlDeviceEventHandler)
                  2000bbd4    00000104                  : driver.obj (.text:_SlDrvCmdOp)
                  2000bcd8    00000104     sysbios.aem4 : BIOS.obj (.text:ti_sysbios_knl_Task_Instance_finalize__E)
                  2000bddc    00000100     simplelink.a : driver.obj (.text:_SlDrvObjGlobalLockWaitForever)
                  2000bedc    00000100                  : fs.obj (.text:sl_FsWrite)
                  2000bfdc    000000fc     rtsv7M4_T_le_eabi.lib : fd_mul_t2.asm.obj (.text)
                  2000c0d8    000000f8     slnetifwifi.a : slnetifwifi.obj (.text:SlNetIfWifi_loadSecObj)
                  2000c1d0    000000f8     drivers_cc32xx.a : UARTCC32XXDMA.oem4 (.text:UARTCC32XXDMA_close)
                  2000c2c8    000000f8     simplelink.a : sl_socket.obj (.text:sl_Close)
                  2000c3c0    000000f4                  : sl_socket.obj (.text:sl_SendTo)
                  2000c4b4    000000f2     drivers_cc32xx.a : SPICC32XXDMA.oem4 (.text:SPICC32XXDMA_transferCancel)
                  2000c5a6    00000002                      : UARTCC32XXDMA.oem4 (.text:UARTCC32XXDMA_init)
                  2000c5a8    000000f0     sysbios.aem4 : BIOS.obj (.text:pthread_create)
                  2000c698    000000e8     drivers_cc32xx.a : UARTCC32XXDMA.oem4 (.text:initHw)
                  2000c780    000000e8     sysbios.aem4 : BIOS.obj (.text:ti_sysbios_knl_Task_Instance_init__E)
                  2000c868    000000e4     slnetsock_release.a : slnetif.oem4 (.text:SlNetIf_add)
                  2000c94c    00000004     dpl_cc32xx.a : ClockP_tirtos.oem4 (.text:ClockP_start)
                  2000c950    000000e4     sysbios.aem4 : BIOS.obj (.text:clock_gettime)
                  2000ca34    000000d8     drivers_cc32xx.a : SPICC32XXDMA.oem4 (.text:SPICC32XXDMA_close)
                  2000cb0c    000000d8     simplelink.a : device.obj (.text:_SlDeviceHandleAsync_InitComplete)
                  2000cbe4    000000d8                  : driver.obj (.text:_SlDrvWaitForInternalAsyncEvent)
                  2000ccbc    000000d8                  : netapp.obj (.text:_SlNetAppHandleAsync_NetAppReceive)
                  2000cd94    00000004     dpl_cc32xx.a : ClockP_tirtos.oem4 (.text:ClockP_stop)
                  2000cd98    000000d4     sysbios.aem4 : BIOS.obj (.text:ti_sysbios_heaps_HeapMem_alloc__E)
                  2000ce6c    000000d0     simplelink.a : driver.obj (.text:_SlDrvRemoveFromList)
                  2000cf3c    000000d0     rtsv7M4_T_le_eabi.lib : s_scalbn.c.obj (.text:scalbn)
                  2000d00c    000000cc     sysbios.aem4 : m3_Hwi_asm.obj (.text:ti_sysbios_family_arm_m3_Hwi_dispatch__I)
                  2000d0d8    000000c8     drivers_cc32xx.a : SPICC32XXDMA.oem4 (.text:spiHwiFxn)
                  2000d1a0    000000c4     sysbios.aem4 : BIOS.obj (.text:ti_sysbios_knl_Task_sleep__E)
                  2000d264    000000c0     platform.obj (.text:Connect)
                  2000d324    000000c0     simplelink.a : cc_pal.obj (.text:NwpPowerOff)
                  2000d3e4    000000c0     drivers_cc32xx.a : PowerCC32XX.oem4 (.text:restoreParkedPins)
                  2000d4a4    000000c0     simplelink.a : netcfg.obj (.text:sl_NetCfgGet)
                  2000d564    000000bc                  : netapp.obj (.text:_SlNetAppSendResponse)
                  2000d620    000000bc                  : sl_socket.obj (.text:sl_Send)
                  2000d6dc    00000004     dpl_cc32xx.a : HwiP_tirtos.oem4 (.text:HwiP_clearInterrupt)
                  2000d6e0    000000bc     sysbios.aem4 : BIOS.obj (.text:xdc_runtime_Core_createObject__I)
                  2000d79c    000000b8     drivers_cc32xx.a : UARTCC32XXDMA.oem4 (.text:UARTCC32XXDMA_configDMA)
                  2000d854    000000b8     simplelink.a : netapp.obj (.text:_SlNetAppHandleAsync_DnsGetHostByName)
                  2000d90c    000000b8                  : netapp.obj (.text:_SlNetAppHandleAsync_PingResponse)
                  2000d9c4    000000b8                  : wlan.obj (.text:sl_WlanGet)
                  2000da7c    00000004     dpl_cc32xx.a : HwiP_tirtos.oem4 (.text:HwiP_disable)
                  2000da80    000000b8     sysbios.aem4 : BIOS.obj (.text:ti_sysbios_family_arm_m3_Hwi_Instance_init__E)
                  2000db38    000000b4     drivers_cc32xx.a : UARTCC32XXDMA.oem4 (.text:UARTCC32XXDMA_hwiIntFxn)
                  2000dbec    000000b4     simplelink.a : driver.obj (.text:_SlDrvHandleFatalError)
                  2000dca0    000000b4                  : netutil.obj (.text:_SlNetUtilHandleAsync_Cmd)
                  2000dd54    000000b4                  : sl_socket.obj (.text:sl_GetSockOpt)
                  2000de08    000000b2     slnetifwifi.a : slnetifwifi.obj (.text:matchModeByRole)
                  2000deba    00000002     rtsv7M4_T_le_eabi.lib : _lock.c.obj (.text:_nop)
                  2000debc    000000b1                           : _printfi.c.obj (.text:_ltostr)
                  2000df6d    00000001     --HOLE-- [fill = 0]
                  2000df6e    00000002                           : div0.asm.obj (.text)
                  2000df70    000000b0     slnetifwifi.a : slnetifwifi.obj (.text:SlNetIfWifi_getSockOpt)
                  2000e020    000000ac     simplelink.a : sl_socket.obj (.text:_SlSocketHandleAsync_Close)
                  2000e0cc    000000ac                  : sl_socket.obj (.text:_SlSocketHandleAsync_Connect)
                  2000e178    000000a8     driverlib.a : prcm.obj (.text:PRCMPeripheralClockGet)
                  2000e220    000000a8     drivers_cc32xx.a : PowerCC32XX.oem4 (.text:PowerCC32XX_configureWakeup)
                  2000e2c8    000000a8     simplelink.a : fs.obj (.text:sl_FsClose)
                  2000e370    000000a6                  : driver.obj (.text:_SlDrvIsTimeoutExpired)
                  2000e416    00000002     release_pem4.oem4 (.text:ti_sysbios_BIOS_nullFunc__I)
                  2000e418    000000a4     simplelink.a : sl_socket.obj (.text:sl_Bind)
                  2000e4bc    00000004     dpl_cc32xx.a : HwiP_tirtos.oem4 (.text:HwiP_disableInterrupt)
                  2000e4c0    000000a4     sysbios.aem4 : BIOS.obj (.text:ti_sysbios_knl_Task_setPri__E)
                  2000e564    000000a0     simplelink.a : fs.obj (.text:FsGetCreateFsMode)
                  2000e604    000000a0                  : sl_socket.obj (.text:_SlDrvUnRegisterForSelectAsync)
                  2000e6a4    000000a0                  : driver.obj (.text:_SlSpawnMsgListProcess)
                  2000e744    000000a0     auto_init.aem4 : auto_init.oem4 (.text)
                  2000e7e4    0000009e     simplelink.a : cc_pal.obj (.text:spi_Read)
                  2000e882    0000009e                  : cc_pal.obj (.text:spi_Write)
                  2000e920    0000009c     sysbios.aem4 : BIOS.obj (.text:_pthread_removeThreadKeys)
                  2000e9bc    0000009c     rtsv7M4_T_le_eabi.lib : memcpy_t2.asm.obj (.text)
                  2000ea58    00000096                           : ull_div_t2.asm.obj (.text)
                  2000eaee    00000002     release_pem4.oem4 (.text:xdc_runtime_Startup_reset__I)
                  2000eaf0    00000094     simplelink.a : cc_pal.obj (.text:Semaphore_pend_handle)
                  2000eb84    00000094     drivers_cc32xx.a : SPICC32XXDMA.oem4 (.text:initHw)
                  2000ec18    00000094     sysbios.aem4 : BIOS.obj (.text:ti_sysbios_knl_Task_exit__E)
                  2000ecac    00000092     slnetsock_release.a : slnetsock.oem4 (.text:SlNetSock_create)
                  2000ed3e    00000002     --HOLE-- [fill = 0]
                  2000ed40    00000090                         : slnetsock.oem4 (.text:SlNetSock_getVirtualSdConf)
                  2000edd0    00000090     simplelink.a : device.obj (.text:_SlDeviceHandleAsync_Stop)
                  2000ee60    00000090                  : sl_socket.obj (.text:_SlSocketHandleAsync_Accept)
                  2000eef0    00000090     drivers_cc32xx.a : PowerCC32XX.oem4 (.text:restoreNVICRegs)
                  2000ef80    00000090     sysbios.aem4 : BIOS.obj (.text:ti_sysbios_knl_Task_Module_startup__E)
                  2000f010    0000008c     slnetsock_release.a : slnetsock.oem4 (.text:SlNetSock_accept)
                  2000f09c    0000008c     drivers_cc32xx.a : UARTCC32XXDMA.oem4 (.text:UARTCC32XXDMA_write)
                  2000f128    0000008c     simplelink.a : driver.obj (.text:_SlDrvDriverIsApiAllowed)
                  2000f1b4    0000008c                  : driver.obj (.text:_SlDrvProtectAsyncRespSetting)
                  2000f240    0000008c                  : sl_socket.obj (.text:sl_Recv)
                  2000f2cc    00000004     dpl_cc32xx.a : HwiP_tirtos.oem4 (.text:HwiP_enableInterrupt)
                  2000f2d0    0000008c     sysbios.aem4 : BIOS.obj (.text:xdc_runtime_Memory_alloc__E)
                  2000f35c    00000088     driverlib.a : pin.obj (.text:PinConfigSet)
                  2000f3e4    00000088     simplelink.a : eventreg.obj (.text:sl_UnregisterLibsEventHandler)
                  2000f46c    00000004     drivers_cc32xx.a : SPICC32XXDMA.oem4 (.text:SPICC32XXDMA_init)
                  2000f470    00000088     sysbios.aem4 : BIOS.obj (.text:ti_sysbios_family_arm_m3_Hwi_initNVIC__E)
                  2000f4f8    00000088                  : BIOS.obj (.text:ti_sysbios_knl_Mailbox_post__E)
                  2000f580    00000086     rtsv7M4_T_le_eabi.lib : fd_cmp_t2.asm.obj (.text:__aeabi_cdcmple)
                  2000f606    00000086                           : fd_cmp_t2.asm.obj (.text:__aeabi_cdrcmple)
                  2000f68c    00000004     dpl_cc32xx.a : SemaphoreP_tirtos.oem4 (.text:SemaphoreP_post)
                  2000f690    00000086     sysbios.aem4 : BIOS.obj (.text:xdc_runtime_Core_constructObject__I)
                  2000f716    00000002     --HOLE-- [fill = 0]
                  2000f718    00000084     drivers_cc32xx.a : PowerCC32XX.oem4 (.text:Power_init)
                  2000f79c    00000084     slnetifwifi.a : slnetifwifi.obj (.text:SlNetIfWifi_sockstartSec)
                  2000f820    00000084     drivers_cc32xx.a : PowerCC32XX.oem4 (.text:saveNVICRegs)
                  2000f8a4    00000084     simplelink.a : sl_socket.obj (.text:sl_SetSockOpt)
                  2000f928    00000084     sysbios.aem4 : BIOS.obj (.text:ti_sysbios_family_arm_m3_Hwi_postInit__I)
                  2000f9ac    00000004     slnetsock_release.a : slnetutils.oem4 (.text:SlNetUtil_init)
                  2000f9b0    00000084     sysbios.aem4 : BIOS.obj (.text:ti_sysbios_heaps_HeapMem_free__E)
                  2000fa34    00000080     drivers_cc32xx.a : PowerCC32XX.oem4 (.text:Power_setDependency)
                  2000fab4    00000080     slnetifwifi.a : slwificonn.obj (.text:SignalEvent)
                  2000fb34    00000080     drivers_cc32xx.a : UARTCC32XXDMA.oem4 (.text:UARTCC32XXDMA_read)
                  2000fbb4    00000004     dpl_cc32xx.a : SystemP_tirtos.oem4 (.text:SystemP_vsnprintf)
                  2000fbb8    00000080     sysbios.aem4 : BIOS.obj (.text:ti_sysbios_knl_Clock_workFunc__E)
                  2000fc38    0000007c     drivers_cc32xx.a : UDMACC32XX.oem4 (.text:UDMACC32XX_open)
                  2000fcb4    00000004     release_pem4.oem4 (.text:ti_sysbios_BIOS_RtsGateProxy_enter__E)
                  2000fcb8    0000007c     sysbios.aem4 : BIOS.obj (.text:_pthread_abstime2ticks)
                  2000fd34    0000007a     drivers_cc32xx.a : UARTCC32XXDMA.oem4 (.text:UARTCC32XXDMA_readPolling)
                  2000fdae    0000007a     rtsv7M4_T_le_eabi.lib : memset_t2.asm.obj (.text)
                  2000fe28    00000078     simplelink.a : sl_socket.obj (.text:sl_Socket)
                  2000fea0    00000075     sysbios.aem4 : BIOS.obj (.text:xdc_runtime_System_formatNum__I)
                  2000ff15    00000003     --HOLE-- [fill = 0]
                  2000ff18    00000074     slnetsock_release.a : slnetsock.oem4 (.text:SlNetSock_AllocVirtualSocket)
                  2000ff8c    00000004     release_pem4.oem4 (.text:ti_sysbios_BIOS_RtsGateProxy_leave__E)
                  2000ff90    00000074     sysbios.aem4 : BIOS.obj (.text:xdc_runtime_Core_deleteObject__I)
                  20010004    00000070     simplelink.a : driver.obj (.text:_SlDrvCmdSend_noLock)
                  20010074    00000004     release_pem4.oem4 (.text:ti_sysbios_family_arm_m3_Hwi_delete)
                  20010078    00000070     sysbios.aem4 : BIOS.obj (.text:acquireMutexNone$47)
                  200100e8    00000070                  : BIOS.obj (.text:ti_sysbios_heaps_HeapMem_initPrimary__I)
                  20010158    0000006e     rtsv7M4_T_le_eabi.lib : _printfi.c.obj (.text:_mcpy)
                  200101c6    0000006c     slnetifwifi.a : slnetifwifi.obj (.text:SlNetIfWifi_ping)
                  20010232    00000002     --HOLE-- [fill = 0]
                  20010234    0000006c     simplelink.a : device.obj (.text:_SlDeviceHandleResetRequestInternally)
                  200102a0    0000006c                  : sl_socket.obj (.text:_SlDrvOpenCtrlSocket)
                  2001030c    0000006c                  : netapp.obj (.text:_SlNetAppSendTokenValue)
                  20010378    0000006c     sysbios.aem4 : BIOS.obj (.text:ti_sysbios_knl_Swi_restoreHwi__E)
                  200103e4    00000068     simplelink.a : driver.obj (.text:_SlSpawnMsgListGetCount)
                  2001044c    00000068     rtsv7M4_T_le_eabi.lib : copy_decompress_lzss.c.obj (.text:decompress:lzss:__TI_decompress_lzss)
                  200104b4    00000068     main_tirtos.obj (.text:main)
                  2001051c    00000004     release_pem4.oem4 (.text:ti_sysbios_family_arm_m3_TaskSupport_Module__startupDone__S)
                  20010520    00000068     sysbios.aem4 : BIOS.obj (.text:pthread_exit)
                  20010588    00000068     simplelink.a : cc_pal.obj (.text:spi_Open)
                  200105f0    00000068     sysbios.aem4 : BIOS.obj (.text:ti_sysbios_family_arm_cc32xx_Seconds_getTime__E)
                  20010658    00000064     drivers_cc32xx.a : PowerCC32XX.oem4 (.text:PowerCC32XX_setParkState)
                  200106bc    00000004     release_pem4.oem4 (.text:ti_sysbios_heaps_HeapMem_Module_GateProxy_enter__E)
                  200106c0    00000064     sysbios.aem4 : BIOS.obj (.text:ti_sysbios_family_arm_m3_Hwi_dispatchC__I)
                  20010724    00000060     driverlib.a : prcm.obj (.text:PRCMSysResetCauseGet)
                  20010784    00000060     drivers_cc32xx.a : UARTCC32XXDMA.oem4 (.text:UARTCC32XXDMA_control)
                  200107e4    00000004     release_pem4.oem4 (.text:ti_sysbios_heaps_HeapMem_Module_GateProxy_leave__E)
                  200107e8    00000060     sysbios.aem4 : BIOS.obj (.text:ti_sysbios_knl_Semaphore_post__E)
                  20010848    00000060                  : BIOS.obj (.text:ti_sysbios_knl_Swi_run__I)
                  200108a8    0000005e     slnetifwifi.a : slnetifwifi.obj (.text:SlNetIfWifi_setSockOpt)
                  20010906    00000002     --HOLE-- [fill = 0]
                  20010908    0000005c     display.a : Display.oem4 (.text:Display_doOpen)
                  20010964    0000005c     slnetifwifi.a : slwificonn.obj (.text:SlWifiConn_enable)
                  200109c0    0000005c     simplelink.a : spawn.obj (.text:_SlInternalSpawn)
                  20010a1c    0000005c     rtsv7M4_T_le_eabi.lib : s_frexp.c.obj (.text:frexp)
                  20010a78    0000005c     sysbios.aem4 : BIOS.obj (.text:ti_sysbios_family_arm_m3_Timer_start__E)
                  20010ad4    00000004     release_pem4.oem4 (.text:ti_sysbios_knl_Clock_TimerProxy_getMaxTicks__E)
                  20010ad8    0000005c     sysbios.aem4 : BIOS.obj (.text:ti_sysbios_knl_Swi_schedule__I)
                  20010b34    00000004     release_pem4.oem4 (.text:ti_sysbios_knl_Clock_TimerProxy_setPeriodMicroSecs__E)
                  20010b38    0000005c     sysbios.aem4 : BIOS.obj (.text:ti_sysbios_knl_Task_startCore__E)
                  20010b94    00000004     release_pem4.oem4 (.text:ti_sysbios_knl_Clock_TimerProxy_start__E)
                  20010b98    0000005c     sysbios.aem4 : BIOS.obj (.text:xdc_runtime_Startup_exec__E)
                  20010bf4    00000058     driverlib.a : prcm.obj (.text:PRCMPeripheralReset)
                  20010c4c    00000058     drivers_cc32xx.a : PowerCC32XX.oem4 (.text:Power_releaseDependency)
                  20010ca4    00000058     slnetsock_release.a : slnetsock.oem4 (.text:SlNetSock_send)
                  20010cfc    00000058     simplelink.a : sl_socket.obj (.text:_SlDrvClearCtrlSocket)
                  20010d54    00000058                  : driver.obj (.text:_SlFindAndReleasePendingCmd)
                  20010dac    00000058                  : sl_socket.obj (.text:sl_Listen)
                  20010e04    00000058                  : eventreg.obj (.text:sl_RegisterLibsEventHandler)
                  20010e5c    00000058     ti_net_config.obj (.text:ti_net_SlNet_initConfig)
                  20010eb4    00000004     release_pem4.oem4 (.text:ti_sysbios_knl_Clock_TimerProxy_stop__E)
                  20010eb8    00000058     sysbios.aem4 : BIOS.obj (.text:ti_sysbios_family_arm_cc32xx_Seconds_getCount__I)
                  20010f10    00000056     rtsv7M4_T_le_eabi.lib : _printfi.c.obj (.text:_pconv_f)
                  20010f66    00000002     --HOLE-- [fill = 0]
                  20010f68    00000054     simplelink.a : driver.obj (.text:_SlDrvRxIrqHandler)
                  20010fbc    00000054     rtsv7M4_T_le_eabi.lib : _ltoa.c.obj (.text:__TI_ltoa)
                  20011010    00000054     release_pem4.oem4 (.text:ti_sysbios_family_arm_m3_Hwi_create)
                  20011064    00000052     drivers_cc32xx.a : PowerCC32XX_asm.oem4 (.text:PowerCC32XX_resumeLPDS)
                  200110b6    00000052     rtsv7M4_T_le_eabi.lib : _printfi.c.obj (.text:_ecpy)
                  20011108    00000050     simplelink.a : cc_pal.obj (.text:NwpRegisterInterruptHandler)
                  20011158    00000050     slnetsock_release.a : slnetif.oem4 (.text:SlNetIf_queryIf)
                  200111a8    00000050     drivers_cc32xx.a : UARTCC32XXDMA.oem4 (.text:UARTCC32XXDMA_writePolling)
                  200111f8    00000050     simplelink.a : sl_socket.obj (.text:_SlDrvCloseCtrlSocket)
                  20011248    00000050                  : driver.obj (.text:_SlDrvCmdSend_noWait)
                  20011298    00000050                  : driver.obj (.text:_SlDrvUpdateApiInProgress)
                  200112e8    00000050                  : spawn.obj (.text:_SlInternalSpawnTaskEntry)
                  20011338    00000050                  : eventreg.obj (.text:_SlNetAppHttpServerHdlr)
                  20011388    00000050                  : eventreg.obj (.text:_SlNetAppRequestHdlr)
                  200113d8    00000050     sysbios.aem4 : BIOS.obj (.text:mq_send)
                  20011428    00000050                  : BIOS.obj (.text:ti_sysbios_family_arm_m3_Hwi_Module_startup__E)
                  20011478    00000050                  : BIOS.obj (.text:ti_sysbios_family_arm_m3_Timer_setPeriod__E)
                  200114c8    00000050     release_pem4.oem4 (.text:ti_sysbios_knl_Task_create)
                  20011518    0000004e     drivers_cc32xx.a : UARTCC32XXDMA.oem4 (.text:writeCancel)
                  20011566    00000002     --HOLE-- [fill = 0]
                  20011568    0000004c     simplelink.a : cc_pal.obj (.text:NwpWaitForShutDownInd)
                  200115b4    0000004c     drivers_cc32xx.a : PowerCC32XX.oem4 (.text:PowerCC32XX_parkPin)
                  20011600    0000004c     slnetifwifi.a : slnetifwifi.obj (.text:SlNetIfWifi_getConnectionStatus)
                  2001164c    0000004c                   : slnetifwifi.obj (.text:SlNetIfWifi_getIPAddr)
                  20011698    0000004c     slnetsock_release.a : slnetsock.oem4 (.text:SlNetSock_freeVirtualSocket)
                  200116e4    0000004c     slnetifwifi.a : slwificonn.obj (.text:SlWifiConn_disable)
                  20011730    0000004c     rtsv7M4_T_le_eabi.lib : atoi.c.obj (.text:atoi)
                  2001177c    0000004c                           : cpy_tbl.c.obj (.text:copy_in)
                  200117c8    0000004c     platform.obj (.text:printError)
                  20011814    0000004c     drivers_cc32xx.a : PowerCC32XX.oem4 (.text:restorePeriphClocks)
                  20011860    0000004c     simplelink.a : wlan.obj (.text:sl_WlanSetMode)
                  200118ac    0000004c     sysbios.aem4 : m3_TaskSupport_asm.obj (.text:ti_sysbios_family_arm_m3_TaskSupport_buildTaskStack)
                  200118f8    0000004c                  : BIOS.obj (.text:ti_sysbios_heaps_HeapMem_getStats__E)
                  20011944    00000004     release_pem4.oem4 (.text:ti_sysbios_knl_Clock_delete)
                  20011948    0000004c     sysbios.aem4 : BIOS.obj (.text:ti_sysbios_knl_Swi_runLoop__I)
                  20011994    00000004     release_pem4.oem4 (.text:ti_sysbios_knl_Semaphore_delete)
                  20011998    0000004c     sysbios.aem4 : BIOS.obj (.text:ti_sysbios_knl_Task_allBlockedFunction__I)
                  200119e4    00000004     release_pem4.oem4 (.text:ti_sysbios_knl_Task_delete)
                  200119e8    0000004c     sysbios.aem4 : BIOS.obj (.text:ti_sysbios_knl_Task_schedule__I)
                  20011a34    0000004a     display.a : DisplayUart.oem4 (.text:DisplayUartMin_open)
                  20011a7e    0000004a     drivers_cc32xx.a : UARTCC32XXDMA.oem4 (.text:readCancel)
                  20011ac8    00000048     driverlib.a : flash.obj (.text:FlashDisable)
                  20011b10    00000048                 : prcm.obj (.text:PRCMLPDSEnter)
                  20011b58    00000048                 : prcm.obj (.text:PRCMPeripheralClkEnable)
                  20011ba0    00000048     drivers_cc32xx.a : PowerCC32XX.oem4 (.text:Power_releaseConstraint)
                  20011be8    00000048     slnetsock_release.a : slnetsock.oem4 (.text:SlNetSock_init)
                  20011c30    00000048     simplelink.a : eventreg.obj (.text:_SlDeviceFatalErrorEvtHdlr)
                  20011c78    00000048                  : eventreg.obj (.text:_SlDeviceGeneralEvtHdlr)
                  20011cc0    00000048                  : driver.obj (.text:_SlDrvSyncObjWaitTimeout)
                  20011d08    00000048                  : eventreg.obj (.text:_SlNetAppEvtHdlr)
                  20011d50    00000048                  : eventreg.obj (.text:_SlNetAppRequestMemFree)
                  20011d98    00000048                  : eventreg.obj (.text:_SlSockEvtHdlr)
                  20011de0    00000048                  : eventreg.obj (.text:_SlWlanEvtHdlr)
                  20011e28    00000048     sysbios.aem4 : BIOS.obj (.text:pthread_mutex_init)
                  20011e70    00000048     rtsv7M4_T_le_eabi.lib : fd_toi_t2.asm.obj (.text)
                  20011eb8    00000048     sysbios.aem4 : BIOS.obj (.text:ti_sysbios_family_arm_m3_Hwi_disableInterrupt__E)
                  20011f00    00000048                  : BIOS.obj (.text:ti_sysbios_family_arm_m3_Hwi_enableInterrupt__E)
                  20011f48    00000048                  : m3_Hwi_asm_switch.obj (.text:ti_sysbios_family_arm_m3_Hwi_initStacks__E)
                  20011f90    00000048                  : BIOS.obj (.text:ti_sysbios_family_arm_m3_Timer_initDevice__I)
                  20011fd8    00000048                  : BIOS.obj (.text:ti_sysbios_knl_Mailbox_Module_startup__E)
                  20012020    00000048                  : BIOS.obj (.text:xdc_runtime_Core_assignParams__I)
                  20012068    00000046     display.a : DisplayUart.oem4 (.text:DisplayUartMin_vprintf)
                  200120ae    00000002     --HOLE-- [fill = 0]
                  200120b0    00000044     driverlib.a : prcm.obj (.text:PRCMLPDSRestoreInfoSet)
                  200120f4    00000044     drivers_cc32xx.a : PowerCC32XX_asm.oem4 (.text:PowerCC32XX_enterLPDS)
                  20012138    00000044                      : SPI.oem4 (.text:SPI_init)
                  2001217c    00000044                      : UART.oem4 (.text:UART_init)
                  200121c0    00000044     boot.aem4 : boot.oem4 (.text)
                  20012204    00000044     rtsv7M4_T_le_eabi.lib : fd_tou_t2.asm.obj (.text)
                  20012248    00000044     sysbios.aem4 : BIOS.obj (.text:ti_sysbios_family_arm_m3_Hwi_getStackInfo__E)
                  2001228c    00000004     release_pem4.oem4 (.text:xdc_runtime_System_Module_GateProxy_enter__E)
                  20012290    00000044     sysbios.aem4 : BIOS.obj (.text:ti_sysbios_knl_Mailbox_postInit__I)
                  200122d4    00000004     release_pem4.oem4 (.text:xdc_runtime_System_Module_GateProxy_leave__E)
                  200122d8    00000044     sysbios.aem4 : BIOS.obj (.text:ti_sysbios_knl_Swi_post__E)
                  2001231c    00000004     --HOLE-- [fill = 0]
                  20012320    00000044                  : BIOS.obj (.text:xdc_runtime_System_atexit__E)
                  20012364    00000040     dpl_cc32xx.a : ClockP_tirtos.oem4 (.text:ClockP_create)
                  200123a4    00000040     simplelink.a : sl_socket.obj (.text:CountSetBits)
                  200123e4    00000040     dpl_cc32xx.a : HwiP_tirtos.oem4 (.text:HwiP_create)
                  20012424    00000040     driverlib.a : pin.obj (.text:PinModeSet)
                  20012464    00000040     drivers_cc32xx.a : SPI.oem4 (.text:SPI_open)
                  200124a4    00000040     slnetsock_release.a : slnetif.oem4 (.text:SlNetIf_configCheck)
                  200124e4    00000040                         : slnetsock.oem4 (.text:SlNetSock_bind)
                  20012524    00000040     drivers_cc32xx.a : UART.oem4 (.text:UART_open)
                  20012564    00000040                      : UDMACC32XX.oem4 (.text:UDMACC32XX_init)
                  200125a4    00000040     simplelink.a : driver.obj (.text:_SlDrvGlobalObjUnLock)
                  200125e4    00000040                  : spawn.obj (.text:_SlInternalSpawnWaitForEvent)
                  20012624    00000040                  : eventreg.obj (.text:_SlIsEventRegistered)
                  20012664    00000040     rtsv7M4_T_le_eabi.lib : u_divt2.asm.obj (.text)
                  200126a4    00000040                           : sprintf.c.obj (.text:sprintf)
                  200126e4    00000004     --HOLE-- [fill = 0]
                  200126e8    00000040     sysbios.aem4 : BIOS.obj (.text:ti_sysbios_heaps_HeapMem_Instance_init__E)
                  20012728    00000040                  : BIOS.obj (.text:ti_sysbios_knl_Clock_Instance_init__E)
                  20012768    0000003e     slnetsock_release.a : slnetsock.oem4 (.text:SlNetSock_close)
                  200127a6    0000003e     simplelink.a : sl_socket.obj (.text:_SlSocketBuildAddress)
                  200127e4    0000003e     rtsv7M4_T_le_eabi.lib : _printfi.c.obj (.text:_fcpy)
                  20012822    00000006     display.a : DisplayUart.oem4 (.text:DisplayUartMin_control)
                  20012828    0000003e     sysbios.aem4 : BIOS.obj (.text:sem_timedwait)
                  20012866    00000002     --HOLE-- [fill = 0]
                  20012868    0000003c     drivers_cc32xx.a : PowerCC32XX.oem4 (.text:Power_setConstraint)
                  200128a4    0000003c     dpl_cc32xx.a : SemaphoreP_tirtos.oem4 (.text:SemaphoreP_create)
                  200128e0    0000003c     simplelink.a : netapp.obj (.text:_SlNetAppCopyPingResultsToReport)
                  2001291c    00000004     --HOLE-- [fill = 0]
                  20012920    0000003c     sysbios.aem4 : BIOS.obj (.text:pthread_mutex_unlock)
                  2001295c    00000004     --HOLE-- [fill = 0]
                  20012960    0000003c                  : BIOS.obj (.text:ti_sysbios_family_arm_m3_Hwi_Instance_finalize__E)
                  2001299c    00000004     --HOLE-- [fill = 0]
                  200129a0    0000003c                  : BIOS.obj (.text:ti_sysbios_family_arm_m3_Timer_setPeriodMicroSecs__E)
                  200129dc    0000003c     release_pem4.oem4 (.text:ti_sysbios_knl_Clock_create)
                  20012a18    0000003c     sysbios.aem4 : BIOS.obj (.text:ti_sysbios_knl_Clock_walkQueuePeriodic__E)
                  20012a54    00000004     --HOLE-- [fill = 0]
                  20012a58    0000003c                  : BIOS.obj (.text:ti_sysbios_knl_Swi_restore__E)
                  20012a94    0000003c     simplelink.a : sl_socket.obj (.text:to_mSec)
                  20012ad0    0000003c     sysbios.aem4 : BIOS.obj (.text:usleep)
                  20012b0c    00000004     --HOLE-- [fill = 0]
                  20012b10    0000003c                  : BIOS.obj (.text:xdc_runtime_System_processAtExit__E)
                  20012b4c    0000003a     dpl_cc32xx.a : PowerCC32XX_tirtos.oem4 (.text:getCountsRTC)
                  20012b86    00000002     --HOLE-- [fill = 0]
                  20012b88    00000038     driverlib.a : prcm.obj (.text:PRCMLPDSEnterKeepDebugIf)
                  20012bc0    00000038     slnetifwifi.a : slnetifwifi.obj (.text:SlNetIfWifi_recvFrom)
                  20012bf8    00000038                   : slnetifwifi.obj (.text:SlNetIfWifi_sendTo)
                  20012c30    00000038                   : slnetifwifi.obj (.text:SlNetIfWifi_socket)
                  20012c68    00000038     slnetsock_release.a : slnetsock.oem4 (.text:SlNetSock_listen)
                  20012ca0    00000038                         : slnetutils.oem4 (.text:SlNetUtil_htonl)
                  20012cd8    00000038     drivers_cc32xx.a : PowerCC32XX.oem4 (.text:notify)
                  20012d10    00000038     rtsv7M4_T_le_eabi.lib : fs_tod_t2.asm.obj (.text)
                  20012d48    00000038     drivers_cc32xx.a : UARTCC32XXDMA.oem4 (.text:startTxFifoEmptyClk)
                  20012d80    00000038     sysbios.aem4 : BIOS.obj (.text:ti_sysbios_knl_Task_processVitalTaskFlag__I)
                  20012db8    00000036     slnetifwifi.a : slnetifwifi.obj (.text:SlNetIfWifi_getHostByName)
                  20012dee    00000036                   : slnetifwifi.obj (.text:SlNetIfWifi_select)
                  20012e24    00000034     driverlib.a : pin.obj (.text:PinModeGet)
                  20012e58    00000034     drivers_cc32xx.a : PowerCC32XX.oem4 (.text:PowerCC32XX_restoreParkState)
                  20012e8c    00000034     slnetifwifi.a : slnetifwifi.obj (.text:SlNetIfWifi_CreateContext)
                  20012ec0    00000034     slnetsock_release.a : slnetif.oem4 (.text:SlNetIf_init)
                  20012ef4    00000034                         : slnetutils.oem4 (.text:SlNetUtil_htons)
                  20012f28    00000034     drivers_cc32xx.a : UDMACC32XX.oem4 (.text:UDMACC32XX_close)
                  20012f5c    00000004     --HOLE-- [fill = 0]
                  20012f60    00000034     sysbios.aem4 : BIOS.obj (.text:ti_sysbios_family_arm_m3_Timer_periodicStub__I)
                  20012f94    00000034     release_pem4.oem4 (.text:ti_sysbios_knl_Semaphore_create)
                  20012fc8    00000034     drivers_cc32xx.a : UARTCC32XXDMA.oem4 (.text:writeFinishedDoCallback)
                  20012ffc    00000004     --HOLE-- [fill = 0]
                  20013000    00000032     sysbios.aem4 : BIOS.obj (.text:ti_sysbios_hal_Hwi_initStack)
                  20013032    00000006     display.a : DisplayUart.oem4 (.text:DisplayUartMin_getType)
                  20013038    00000032     sysbios.aem4 : BIOS.obj (.text:xdc_runtime_System_putchar__I)
                  2001306a    00000030     drivers_cc32xx.a : PowerCC32XX.oem4 (.text:PowerCC32XX_restoreParkedPin)
                  2001309a    00000030     simplelink.a : fs.obj (.text:_SlFsStrlen)
                  200130ca    00000006     slnetifwifi.a : slwificonn.obj (.text:DummyPrintf)
                  200130d0    00000030     sysbios.aem4 : BIOS.obj (.text:getTime$21)
                  20013100    00000030     release_pem4.oem4 (.text:ti_sysbios_BIOS_atExitFunc__I)
                  20013130    00000030     release_pem4.oem4 (.text:ti_sysbios_BIOS_startFunc__I)
                  20013160    00000030     sysbios.aem4 : BIOS.obj (.text:ti_sysbios_family_arm_m3_TaskSupport_start__E)
                  20013190    00000030     release_pem4.oem4 (.text:ti_sysbios_gates_GateHwi_Object__create__S)
                  200131c0    00000030     release_pem4.oem4 (.text:ti_sysbios_gates_GateMutex_Object__create__S)
                  200131f0    00000030     sysbios.aem4 : BIOS.obj (.text:ti_sysbios_gates_GateMutex_enter__E)
                  20013220    00000030     release_pem4.oem4 (.text:ti_sysbios_heaps_HeapMem_Object__create__S)
                  20013250    00000030     release_pem4.oem4 (.text:ti_sysbios_knl_Semaphore_construct)
                  20013280    00000030     sysbios.aem4 : BIOS.obj (.text:ti_sysbios_knl_Semaphore_pendTimeout__I)
                  200132b0    00000030                  : BIOS.obj (.text:ti_sysbios_knl_Task_restore__E)
                  200132e0    00000030                  : BIOS.obj (.text:ti_sysbios_knl_Task_unblockI__E)
                  20013310    00000030     release_pem4.oem4 (.text:ti_sysbios_rts_MemAlloc_alloc)
                  20013340    0000002e     simplelink.a : cc_pal.obj (.text:Mutex_create_handle)
                  2001336e    0000002e     rtsv7M4_T_le_eabi.lib : i_tofd_t2.asm.obj (.text)
                  2001339c    0000002c     simplelink.a : cc_pal.obj (.text:NwpPowerOn)
                  200133c8    0000002c     drivers_cc32xx.a : PowerCC32XX.oem4 (.text:PowerCC32XX_getParkState)
                  200133f4    0000002c     dpl_cc32xx.a : SemaphoreP_tirtos.oem4 (.text:SemaphoreP_createBinary)
                  20013420    0000002c     slnetifwifi.a : slnetifwifi.obj (.text:SlNetIfWifi_recv)
                  2001344c    0000002c                   : slnetifwifi.obj (.text:SlNetIfWifi_send)
                  20013478    0000002c     simplelink.a : driver.obj (.text:_SlDrvSyncObjWaitForever)
                  200134a4    00000004     --HOLE-- [fill = 0]
                  200134a8    0000002c     sysbios.aem4 : BIOS.obj (.text:_pthread_cleanupFxn)
                  200134d4    00000004     --HOLE-- [fill = 0]
                  200134d8    0000002c                  : BIOS.obj (.text:_pthread_delete$43)
                  20013504    00000004     --HOLE-- [fill = 0]
                  20013508    0000002c                  : BIOS.obj (.text:clockFxn$41)
                  20013534    00000004     --HOLE-- [fill = 0]
                  20013538    0000002c                  : BIOS.obj (.text:ti_sysbios_family_arm_m3_TimestampProvider_Module_startup__E)
                  20013564    0000002c     release_pem4.oem4 (.text:ti_sysbios_gates_GateHwi_Handle__label__S)
                  20013590    0000002c     release_pem4.oem4 (.text:ti_sysbios_gates_GateMutex_Handle__label__S)
                  200135bc    0000002c     release_pem4.oem4 (.text:ti_sysbios_heaps_HeapMem_Handle__label__S)
                  200135e8    0000002c     release_pem4.oem4 (.text:ti_sysbios_knl_Clock_doTick__I)
                  20013614    0000002c     release_pem4.oem4 (.text:ti_sysbios_knl_Queue_construct)
                  20013640    0000002a     display.a : Display.oem4 (.text:Display_doPrintf)
                  2001366a    0000002a     drivers_cc32xx.a : UARTCC32XXDMA.oem4 (.text:UARTCC32XXDMA_readCancel)
                  20013694    0000002a                      : UARTCC32XXDMA.oem4 (.text:UARTCC32XXDMA_writeCancel)
                  200136be    0000002a     release_pem4.oem4 (.text:calloc)
                  200136e8    0000002a     sysbios.aem4 : BIOS.obj (.text:sem_init)
                  20013712    00000002     --HOLE-- [fill = 0]
                  20013714    00000028     display.a : Display.oem4 (.text:Display_doInit)
                  2001373c    00000028     driverlib.a : prcm.obj (.text:PRCMPeripheralClkDisable)
                  20013764    00000028     dpl_cc32xx.a : PowerCC32XX_tirtos.oem4 (.text:PowerCC32XX_initPolicy)
                  2001378c    00000028     drivers_cc32xx.a : PowerCC32XX.oem4 (.text:Power_registerNotify)
                  200137b4    00000028     slnetsock_release.a : slnetif.oem4 (.text:SlNetIf_callback)
                  200137dc    00000028                         : slnetif.oem4 (.text:SlNetIf_getIfByID)
                  20013804    00000028     slnetifwifi.a : slwificonn.obj (.text:SlWifiConn_registerNetIFCallback)
                  2001382c    00000028     simplelink.a : driver.obj (.text:_SlDrvProtectionObjLockWaitForever)
                  20013854    00000028                  : driver.obj (.text:_SlDrvProtectionObjUnLock)
                  2001387c    00000028                  : flowcont.obj (.text:_SlFlowContSet)
                  200138a4    00000028     sysbios.aem4 : m3_Hwi_asm.obj (.text:ti_sysbios_family_arm_m3_Hwi_excHandlerAsm__I)
                  200138cc    00000004     --HOLE-- [fill = 0]
                  200138d0    00000028                  : BIOS.obj (.text:ti_sysbios_knl_Clock_addI__E)
                  200138f8    00000028                  : BIOS.obj (.text:ti_sysbios_knl_Swi_Module_startup__E)
                  20013920    00000026     drivers_cc32xx.a : List.oem4 (.text:List_put)
                  20013946    00000026                      : List.oem4 (.text:List_remove)
                  2001396c    00000024                      : PowerCC32XX.oem4 (.text:PowerCC32XX_reset)
                  20013990    00000024     slnetsock_release.a : slnetif.oem4 (.text:SlNetIf_getConnectionStatus)
                  200139b4    00000024     simplelink.a : driver.obj (.text:_SlDrvIsApiInProgress)
                  200139d8    00000024                  : driver.obj (.text:_SlDrvStartMeasureTimeout)
                  200139fc    00000004     --HOLE-- [fill = 0]
                  20013a00    00000024     sysbios.aem4 : BIOS.obj (.text:pthread_attr_init)
                  20013a24    00000024     release_pem4.oem4 (.text:ti_sysbios_BIOS_registerRTSLock__I)
                  20013a48    00000024     release_pem4.oem4 (.text:ti_sysbios_BIOS_removeRTSLock__I)
                  20013a6c    00000004     --HOLE-- [fill = 0]
                  20013a70    00000024     sysbios.aem4 : BIOS.obj (.text:ti_sysbios_family_arm_m3_Timer_postInit__I)
                  20013a94    00000004     --HOLE-- [fill = 0]
                  20013a98    00000024                  : BIOS.obj (.text:ti_sysbios_family_arm_m3_Timer_startup__E)
                  20013abc    00000024     release_pem4.oem4 (.text:ti_sysbios_gates_GateMutex_Object__delete__S)
                  20013ae0    00000024     sysbios.aem4 : BIOS.obj (.text:ti_sysbios_knl_Clock_Module_startup__E)
                  20013b04    00000024     release_pem4.oem4 (.text:ti_sysbios_knl_Clock_Object__delete__S)
                  20013b28    00000024     sysbios.aem4 : BIOS.obj (.text:ti_sysbios_knl_Clock_start__E)
                  20013b4c    00000004     --HOLE-- [fill = 0]
                  20013b50    00000024                  : BIOS.obj (.text:ti_sysbios_knl_Semaphore_Instance_init__E)
                  20013b74    00000024     release_pem4.oem4 (.text:ti_sysbios_knl_Semaphore_Object__delete__S)
                  20013b98    00000024     sysbios.aem4 : BIOS.obj (.text:ti_sysbios_knl_Task_restoreHwi__E)
                  20013bbc    00000004     --HOLE-- [fill = 0]
                  20013bc0    00000024                  : BIOS.obj (.text:xdc_runtime_Error_policyMin__E)
                  20013be4    00000020     drivers_cc32xx.a : PowerCC32XX.oem4 (.text:Power_unregisterNotify)
                  20013c04    00000020     slnetifwifi.a : slnetifwifi.obj (.text:SlNetIfWifi_accept)
                  20013c24    00000020     drivers_cc32xx.a : SPICC32XXDMA.oem4 (.text:getPowerMgrId)
                  20013c44    00000020                      : UARTCC32XXDMA.oem4 (.text:getPowerMgrId)
                  20013c64    00000020     rtsv7M4_T_le_eabi.lib : u_tofd_t2.asm.obj (.text)
                  20013c84    00000020     release_pem4.oem4 (.text:ti_sysbios_BIOS_rtsLock__I)
                  20013ca4    00000020     release_pem4.oem4 (.text:ti_sysbios_family_arm_m3_Hwi_Object__delete__S)
                  20013cc4    00000004     --HOLE-- [fill = 0]
                  20013cc8    00000020     sysbios.aem4 : BIOS.obj (.text:ti_sysbios_family_arm_m3_Hwi_clearInterrupt__E)
                  20013ce8    00000020     release_pem4.oem4 (.text:ti_sysbios_gates_GateHwi_Object__delete__S)
                  20013d08    00000020     release_pem4.oem4 (.text:ti_sysbios_heaps_HeapMem_Object__delete__S)
                  20013d28    00000020     sysbios.aem4 : BIOS.obj (.text:ti_sysbios_knl_Idle_run__E)
                  20013d48    00000020     release_pem4.oem4 (.text:ti_sysbios_knl_Semaphore_destruct)
                  20013d68    00000020     release_pem4.oem4 (.text:ti_sysbios_knl_Task_Object__delete__S)
                  20013d88    0000001e     slnetifwifi.a : slnetifwifi.obj (.text:SlNetIfWifi_bind)
                  20013da6    0000001e                   : slnetifwifi.obj (.text:SlNetIfWifi_connect)
                  20013dc4    0000001e     simplelink.a : driver.obj (.text:_SlDrvObjLockWaitForever)
                  20013de2    0000001e                  : driver.obj (.text:_SlDrvObjUnLock)
                  20013e00    0000001e                  : driver.obj (.text:_SlDrvSyncObjSignal)
                  20013e1e    0000001e     drivers_cc32xx.a : UDMACC32XX.oem4 (.text:postNotifyFxn)
                  20013e3c    0000001e     sysbios.aem4 : m3_Hwi_asm_switch.obj (.text:ti_sysbios_family_xxx_Hwi_switchAndRunFunc)
                  20013e5a    00000002     --HOLE-- [fill = 0]
                  20013e5c    0000001c     driverlib.a : pin.obj (.text:PinToPadGet)
                  20013e78    0000001c     simplelink.a : device.obj (.text:_SlDeviceGetStartResponseConvert)
                  20013e94    0000001c                  : spawn.obj (.text:_SlInternalIsItSpawnThread)
                  20013eb0    0000001c     rtsv7M4_T_le_eabi.lib : memccpy.c.obj (.text:memccpy)
                  20013ecc    00000004     --HOLE-- [fill = 0]
                  20013ed0    0000001c     sysbios.aem4 : BIOS.obj (.text:ti_sysbios_family_arm_m3_Hwi_excHandler__I)
                  20013eec    00000004     --HOLE-- [fill = 0]
                  20013ef0    0000001c                  : BIOS.obj (.text:ti_sysbios_family_arm_m3_Timer_Module_startup__E)
                  20013f0c    00000004     --HOLE-- [fill = 0]
                  20013f10    0000001c                  : BIOS.obj (.text:ti_sysbios_family_arm_m3_Timer_stop__E)
                  20013f2c    00000004     --HOLE-- [fill = 0]
                  20013f30    0000001c                  : BIOS.obj (.text:ti_sysbios_gates_GateMutex_Instance_init__E)
                  20013f4c    00000004     --HOLE-- [fill = 0]
                  20013f50    0000001c                  : BIOS.obj (.text:ti_sysbios_knl_Clock_Instance_finalize__E)
                  20013f6c    0000001c     release_pem4.oem4 (.text:ti_sysbios_knl_Queue_destruct)
                  20013f88    0000001c     sysbios.aem4 : BIOS.obj (.text:ti_sysbios_knl_Queue_put__E)
                  20013fa4    00000004     --HOLE-- [fill = 0]
                  20013fa8    0000001c                  : BIOS.obj (.text:ti_sysbios_knl_Task_enter__I)
                  20013fc4    00000004     --HOLE-- [fill = 0]
                  20013fc8    0000001c                  : BIOS.obj (.text:ti_sysbios_rts_ti_ReentSupport_getReent__F)
                  20013fe4    0000001a     slnetifwifi.a : slnetifwifi.obj (.text:SlNetIfWifi_listen)
                  20013ffe    0000001a     release_pem4.oem4 (.text:free)
                  20014018    0000001a     sysbios.aem4 : m3_Hwi_asm.obj (.text:ti_sysbios_family_arm_m3_Hwi_pendSV__I)
                  20014032    00000002     --HOLE-- [fill = 0]
                  20014034    00000018     drivers_cc32xx.a : PowerCC32XX.oem4 (.text:Power_getTransitionLatency)
                  2001404c    00000018                      : PowerCC32XX.oem4 (.text:Power_idleFunc)
                  20014064    00000018     driverlib.a : uart.obj (.text:UARTBusy)
                  2001407c    00000018     drivers_cc32xx.a : UART.oem4 (.text:UART_Params_init)
                  20014094    00000018     rtsv7M4_T_le_eabi.lib : args_main.c.obj (.text:_args_main)
                  200140ac    00000018                           : sprintf.c.obj (.text:_outs)
                  200140c4    00000018     udpEcho.obj (.text:close)
                  200140dc    00000018     rtsv7M4_T_le_eabi.lib : ll_mul_t2.asm.obj (.text)
                  200140f4    00000018     release_pem4.oem4 (.text:ti_sysbios_BIOS_rtsUnlock__I)
                  2001410c    00000018     release_pem4.oem4 (.text:ti_sysbios_family_arm_m3_Hwi_Module__startupDone__F)
                  20014124    00000018     release_pem4.oem4 (.text:ti_sysbios_family_arm_m3_Timer_Module__startupDone__F)
                  2001413c    00000004     --HOLE-- [fill = 0]
                  20014140    00000018     sysbios.aem4 : BIOS.obj (.text:ti_sysbios_gates_GateMutex_leave__E)
                  20014158    00000018                  : BIOS.obj (.text:ti_sysbios_knl_Task_sleepTimeout__I)
                  20014170    00000018     release_pem4.oem4 (.text:ti_sysbios_rts_ti_ReentSupport_getTlsAddr__I)
                  20014188    00000018     sysbios.aem4 : BIOS.obj (.text:xdc_runtime_Error_init__E)
                  200141a0    00000018                  : BIOS.obj (.text:xdc_runtime_System_exit__E)
                  200141b8    00000016     display.a : DisplayUart.oem4 (.text:DisplayUartMin_close)
                  200141ce    00000016     driverlib.a : prcm.obj (.text:PRCMHIBRegRead)
                  200141e4    00000016                 : prcm.obj (.text:PRCMHIBRegWrite)
                  200141fa    00000016     simplelink.a : driver.obj (.text:_SlDrvMemZero)
                  20014210    00000016     sysbios.aem4 : BIOS.obj (.text:pthread_mutex_destroy)
                  20014226    00000016     slnetsock_release.a : socket.oem4 (.text:socket)
                  2001423c    00000016     rtsv7M4_T_le_eabi.lib : strchr.c.obj (.text:strchr)
                  20014252    00000016     release_pem4.oem4 (.text:ti_sysbios_BIOS_exitFunc__I)
                  20014268    00000014     drivers_cc32xx.a : PowerCC32XX.oem4 (.text:Power_getDependencyCount)
                  2001427c    00000014                      : SPI.oem4 (.text:SPI_Params_init)
                  20014290    00000014     sysbios.aem4 : BIOS.obj (.text:pthread_attr_setschedparam)
                  200142a4    00000014     rtsv7M4_T_le_eabi.lib : strcpy.c.obj (.text:strcpy)
                  200142b8    00000014                           : strlen.c.obj (.text:strlen)
                  200142cc    00000014     release_pem4.oem4 (.text:ti_sysbios_family_arm_m3_Hwi_Object__get__S)
                  200142e0    00000014     sysbios.aem4 : BIOS.obj (.text:ti_sysbios_family_arm_m3_Hwi_switchFromBootStack__E)
                  200142f4    00000014     release_pem4.oem4 (.text:ti_sysbios_heaps_HeapMem_Object__get__S)
                  20014308    00000014     sysbios.aem4 : BIOS.obj (.text:ti_sysbios_knl_Clock_tickReconfig__E)
                  2001431c    00000014     release_pem4.oem4 (.text:ti_sysbios_knl_Swi_Object__get__S)
                  20014330    00000012     dpl_cc32xx.a : SemaphoreP_tirtos.oem4 (.text:SemaphoreP_pend)
                  20014342    00000012     slnetifwifi.a : slnetifwifi.obj (.text:SlNetIfWifi_close)
                  20014354    00000004     --HOLE-- [fill = 0]
                  20014358    00000012     sysbios.aem4 : BIOS.obj (.text:_pthread_runStub$43)
                  2001436a    00000006     drivers_cc32xx.a : SPICC32XXDMA.oem4 (.text:SPICC32XXDMA_control)
                  20014370    00000012     sysbios.aem4 : BIOS.obj (.text:ti_sysbios_hal_Hwi_Module_startup__E)
                  20014382    00000012     rtsv7M4_T_le_eabi.lib : wcslen.c.obj (.text:wcslen)
                  20014394    00000012     release_pem4.oem4 (.text:xdc_runtime_Startup_exec__I)
                  200143a6    00000010     ti_drivers_config.obj (.text:Board_init)
                  200143b6    00000010     dpl_cc32xx.a : HwiP_tirtos.oem4 (.text:HwiP_Params_init)
                  200143c6    00000010     slnetifwifi.a : slnetifwifi.obj (.text:SlNetIfWifi_DeleteContext)
                  200143d6    00000010     simplelink.a : driver.obj (.text:_SlDrvDispatchHttpServerEvents)
                  200143e6    00000010                  : driver.obj (.text:_SlDrvDispatchNetAppRequestEvents)
                  200143f6    00000010                  : driver.obj (.text:_SlDrvIsSpawnOwnGlobalLock)
                  20014406    00000010     slnetsock_release.a : socket.oem4 (.text:bind)
                  20014416    00000010     ti_drivers_config.obj (.text:dmaErrorFxn)
                  20014426    00000010     slnetsock_release.a : socket.oem4 (.text:listen)
                  20014436    00000002     --HOLE-- [fill = 0]
                  20014438    00000010     sysbios.aem4 : BIOS.obj (.text:pthread_mutexattr_init)
                  20014448    00000010                  : BIOS.obj (.text:pthread_mutexattr_settype)
                  20014458    00000010     slnetifwifi.a : slnetifwifi.obj (.text:slNetIfWifi_connDisable)
                  20014468    00000010     sysbios.aem4 : BIOS.obj (.text:ti_sysbios_BIOS_getCpuFreq__E)
                  20014478    00000010                  : BIOS.obj (.text:ti_sysbios_BIOS_setThreadType__E)
                  20014488    00000010                  : BIOS.obj (.text:ti_sysbios_BIOS_start__E)
                  20014498    00000010                  : m3_TaskSupport_asm.obj (.text:ti_sysbios_family_arm_m3_TaskSupport_glue)
                  200144a8    00000010                  : m3_TaskSupport_asm.obj (.text:ti_sysbios_family_arm_m3_TaskSupport_swap__E)
                  200144b8    00000010                  : BIOS.obj (.text:ti_sysbios_gates_GateMutex_Instance_finalize__E)
                  200144c8    00000010     release_pem4.oem4 (.text:ti_sysbios_knl_Mailbox_Object__get__S)
                  200144d8    00000010     sysbios.aem4 : BIOS.obj (.text:ti_sysbios_knl_Semaphore_Instance_finalize__E)
                  200144e8    00000010                  : BIOS.obj (.text:ti_sysbios_knl_Swi_disable__E)
                  200144f8    00000010     release_pem4.oem4 (.text:ti_sysbios_knl_Task_Object__get__S)
                  20014508    00000010     sysbios.aem4 : BIOS.obj (.text:ti_sysbios_knl_Task_disable__E)
                  20014518    00000010                  : BIOS.obj (.text:xdc_runtime_Memory_free__E)
                  20014528    00000010                  : BIOS.obj (.text:xdc_runtime_SysCallback_abort__E)
                  20014538    00000010                  : BIOS.obj (.text:xdc_runtime_SysCallback_exit__E)
                  20014548    00000010                  : BIOS.obj (.text:xdc_runtime_SysCallback_putch__E)
                  20014558    00000010                  : BIOS.obj (.text:xdc_runtime_SysCallback_ready__E)
                  20014568    00000010                  : BIOS.obj (.text:xdc_runtime_System_vsnprintf__E)
                  20014578    0000000e     simplelink.a : driver.obj (.text:_SlDrvResetCmdExt)
                  20014586    0000000e     slnetsock_release.a : socket.oem4 (.text:accept)
                  20014594    0000000e     rtsv7M4_T_le_eabi.lib : copy_decompress_none.c.obj (.text:decompress:none:__TI_decompress_none)
                  200145a2    0000000e     drivers_cc32xx.a : SPICC32XXDMA.oem4 (.text:postNotifyFxn)
                  200145b0    0000000e     sysbios.aem4 : BIOS.obj (.text:pthread_attr_setdetachstate)
                  200145be    00000002     --HOLE-- [fill = 0]
                  200145c0    0000000e                  : BIOS.obj (.text:sem_wait)
                  200145ce    0000000e     slnetsock_release.a : socket.oem4 (.text:send)
                  200145dc    0000000e     slnetifwifi.a : slnetifwifi.obj (.text:slNetIfWifi_connEnable)
                  200145ea    0000000e     simplelink.a : cc_pal.obj (.text:spi_Close)
                  200145f8    0000000e     sysbios.aem4 : BIOS.obj (.text:ti_sysbios_knl_Idle_loop__E)
                  20014606    00000002     --HOLE-- [fill = 0]
                  20014608    0000000e                  : BIOS.obj (.text:ti_sysbios_knl_Queue_empty__E)
                  20014616    0000000c     dpl_cc32xx.a : ClockP_tirtos.oem4 (.text:ClockP_delete)
                  20014622    00000002     --HOLE-- [fill = 0]
                  20014624    0000000c                  : ClockP_tirtos.oem4 (.text:ClockP_getSystemTickPeriod)
                  20014630    0000000c                  : HwiP_tirtos.oem4 (.text:HwiP_delete)
                  2001463c    0000000c     simplelink.a : cc_pal.obj (.text:NwpMaskInterrupt)
                  20014648    0000000c                  : cc_pal.obj (.text:NwpUnMaskInterrupt)
                  20014654    0000000c     drivers_cc32xx.a : PowerCC32XX.oem4 (.text:Power_getConstraintMask)
                  20014660    0000000c     dpl_cc32xx.a : SemaphoreP_tirtos.oem4 (.text:SemaphoreP_delete)
                  2001466c    0000000c     platform.obj (.text:SimpleLinkHttpServerEventHandler)
                  20014678    0000000c     platform.obj (.text:SimpleLinkNetAppRequestEventHandler)
                  20014684    0000000c     simplelink.a : device.obj (.text:_SlDeviceResetRequestInitCompletedCB)
                  20014690    0000000c     rtsv7M4_T_le_eabi.lib : _lock.c.obj (.text:_register_lock)
                  2001469c    0000000c                           : _lock.c.obj (.text:_register_unlock)
                  200146a8    0000000c                           : s_copysign.c.obj (.text:copysign)
                  200146b4    0000000c                           : copy_zero_init.c.obj (.text:decompress:ZI:__TI_zero_init)
                  200146c0    0000000c     drivers_cc32xx.a : UARTCC32XXDMA.oem4 (.text:postNotifyFxn)
                  200146cc    00000004     --HOLE-- [fill = 0]
                  200146d0    0000000c     sysbios.aem4 : BIOS.obj (.text:pthread_self)
                  200146dc    0000000c     release_pem4.oem4 (.text:ti_sysbios_family_arm_m3_Hwi_Params__init__S)
                  200146e8    0000000c     sysbios.aem4 : BIOS.obj (.text:ti_sysbios_family_arm_m3_Hwi_disableFxn__E)
                  200146f4    00000004     --HOLE-- [fill = 0]
                  200146f8    0000000c                  : BIOS.obj (.text:ti_sysbios_family_arm_m3_TaskSupport_getStackAlignment__E)
                  20014704    00000004     --HOLE-- [fill = 0]
                  20014708    0000000c                  : BIOS.obj (.text:ti_sysbios_gates_GateHwi_enter__E)
                  20014714    0000000c     release_pem4.oem4 (.text:ti_sysbios_knl_Clock_Params__init__S)
                  20014720    0000000c     sysbios.aem4 : BIOS.obj (.text:ti_sysbios_knl_Clock_getTicks__E)
                  2001472c    00000004     --HOLE-- [fill = 0]
                  20014730    0000000c                  : BIOS.obj (.text:ti_sysbios_knl_Clock_setTicks__E)
                  2001473c    00000004     --HOLE-- [fill = 0]
                  20014740    0000000c                  : BIOS.obj (.text:ti_sysbios_knl_Clock_tickStart__E)
                  2001474c    00000004     --HOLE-- [fill = 0]
                  20014750    0000000c                  : BIOS.obj (.text:ti_sysbios_knl_Clock_tickStop__E)
                  2001475c    0000000c     release_pem4.oem4 (.text:ti_sysbios_knl_Queue_Object__get__S)
                  20014768    0000000c     release_pem4.oem4 (.text:ti_sysbios_knl_Semaphore_Params__init__S)
                  20014774    0000000c     release_pem4.oem4 (.text:ti_sysbios_knl_Task_Params__init__S)
                  20014780    0000000c     sysbios.aem4 : BIOS.obj (.text:ti_sysbios_knl_Task_self__E)
                  2001478c    00000004     --HOLE-- [fill = 0]
                  20014790    0000000c                  : BIOS.obj (.text:ti_sysbios_rts_ti_ReentSupport_taskRegHook__I)
                  2001479c    0000000c     driverlib.a : udma.obj (.text:uDMAErrorStatusClear)
                  200147a8    0000000c                 : udma.obj (.text:uDMAErrorStatusGet)
                  200147b4    00000004     --HOLE-- [fill = 0]
                  200147b8    0000000c     sysbios.aem4 : BIOS.obj (.text:xdc_runtime_Startup_rtsDone__E)
                  200147c4    0000000a     dpl_cc32xx.a : ClockP_tirtos.oem4 (.text:ClockP_Params_init)
                  200147ce    0000000a     drivers_cc32xx.a : SPI.oem4 (.text:SPI_close)
                  200147d8    0000000a                      : SPI.oem4 (.text:SPI_transfer)
                  200147e2    0000000a     platform.obj (.text:SimpleLinkFatalErrorEventHandler)
                  200147ec    0000000a     platform.obj (.text:SimpleLinkGeneralEventHandler)
                  200147f6    0000000a     platform.obj (.text:SimpleLinkNetAppRequestMemFreeEventHandler)
                  20014800    0000000a     platform.obj (.text:SimpleLinkSockEventHandler)
                  2001480a    0000000a     platform.obj (.text:SimpleLinkWlanEventHandler)
                  20014814    0000000a     drivers_cc32xx.a : UART.oem4 (.text:UART_close)
                  2001481e    0000000a                      : UART.oem4 (.text:UART_control)
                  20014828    0000000a                      : UART.oem4 (.text:UART_write)
                  20014832    0000000a     rtsv7M4_T_le_eabi.lib : sprintf.c.obj (.text:_outc)
                  2001483c    00000004     --HOLE-- [fill = 0]
                  20014840    0000000a     sysbios.aem4 : BIOS.obj (.text:sem_destroy)
                  2001484a    00000006     driverlib.a : utils.obj (.text:UtilsDelay)
                  20014850    0000000a     sysbios.aem4 : BIOS.obj (.text:sem_post)
                  2001485a    0000000a     simplelink.a : device.obj (.text:sl_Task)
                  20014864    0000000a     release_pem4.oem4 (.text:xdc_runtime_IHeap_alloc)
                  2001486e    0000000a     release_pem4.oem4 (.text:xdc_runtime_IHeap_free)
                  20014878    00000008     dpl_cc32xx.a : SemaphoreP_tirtos.oem4 (.text:SemaphoreP_Params_init)
                  20014880    00000008     simplelink.a : cc_pal.obj (.text:TimerGetCurrentTimestamp)
                  20014888    00000008     drivers_cc32xx.a : SPICC32XXDMA.oem4 (.text:blockingTransferCallback)
                  20014890    00000008     sysbios.aem4 : BIOS.obj (.text:pthread_attr_setstacksize)
                  20014898    00000008                  : BIOS.obj (.text:pthread_mutex_lock)
                  200148a0    00000008     drivers_cc32xx.a : UARTCC32XXDMA.oem4 (.text:readSemCallback)
                  200148a8    00000008     sysbios.aem4 : BIOS.obj (.text:sem_getvalue)
                  200148b0    00000008                  : BIOS.obj (.text:ti_sysbios_family_arm_m3_Hwi_doSwiRestore__I)
                  200148b8    00000008                  : BIOS.obj (.text:ti_sysbios_family_arm_m3_Hwi_startup__E)
                  200148c0    00000008     drivers_cc32xx.a : UARTCC32XXDMA.oem4 (.text:writeSemCallback)
                  200148c8    00000006     sysbios.aem4 : BIOS.obj (.text:ti_sysbios_family_arm_m3_Hwi_doTaskRestore__I)
                  200148ce    00000002     --HOLE-- [fill = 0]
                  200148d0    00000006                  : BIOS.obj (.text:ti_sysbios_family_arm_m3_Hwi_restoreFxn__E)
                  200148d6    00000002     --HOLE-- [fill = 0]
                  200148d8    00000006                  : BIOS.obj (.text:ti_sysbios_gates_GateHwi_leave__E)
                  200148de    00000002     --HOLE-- [fill = 0]
                  200148e0    00000006                  : BIOS.obj (.text:ti_sysbios_heaps_HeapMem_isBlocking__E)
                  200148e6    00000002     --HOLE-- [fill = 0]
                  200148e8    00000006                  : BIOS.obj (.text:ti_sysbios_knl_Clock_stop__E)
                  200148ee    00000002     --HOLE-- [fill = 0]
                  200148f0    00000006                  : BIOS.obj (.text:ti_sysbios_knl_Queue_Instance_init__E)
                  200148f6    00000002     --HOLE-- [fill = 0]
                  200148f8    00000006                  : BIOS.obj (.text:ti_sysbios_knl_Swi_startup__E)
                  200148fe    00000002     --HOLE-- [fill = 0]
                  20014900    00000006                  : BIOS.obj (.text:xdc_runtime_System_Module_startup__E)
                  20014906    00000002     --HOLE-- [fill = 0]
                  20014908    00000004                  : BIOS.obj (.text:__aeabi_errno_addr)
                  2001490c    00000004     --HOLE-- [fill = 0]
                  20014910    00000004                  : BIOS.obj (.text:ti_sysbios_family_arm_m3_Timer_getMaxTicks__E)
                  20014914    00000004     --HOLE-- [fill = 0]
                  20014918    00000004                  : BIOS.obj (.text:ti_sysbios_gates_GateHwi_query__E)
                  2001491c    00000004     --HOLE-- [fill = 0]
                  20014920    00000004                  : BIOS.obj (.text:ti_sysbios_gates_GateMutex_query__E)
                  20014924    00000004     --HOLE-- [fill = 0]
                  20014928    00000004                  : BIOS.obj (.text:ti_sysbios_knl_Clock_setTimeout__E)
                  2001492c    00000004     --HOLE-- [fill = 0]
                  20014930    00000004                  : BIOS.obj (.text:ti_sysbios_knl_Task_startup__E)
                  20014934    00000004     --HOLE-- [fill = 0]
                  20014938    00000004                  : BIOS.obj (.text:xdc_runtime_SysCallback_defaultReady)
                  2001493c    00000004     --HOLE-- [fill = 0]
                  20014940    00000002                  : BIOS.obj (.text:ti_sysbios_BIOS_linkedWithIncorrectBootLibrary__E)
                  20014942    00000006     --HOLE-- [fill = 0]
                  20014948    00000002                  : BIOS.obj (.text:ti_sysbios_gates_GateHwi_Instance_init__E)
                  2001494a    00000006     --HOLE-- [fill = 0]
                  20014950    00000002                  : BIOS.obj (.text:ti_sysbios_knl_Clock_logTick__E)
                  20014952    00000006     --HOLE-- [fill = 0]
                  20014958    00000002                  : BIOS.obj (.text:xdc_runtime_SysCallback_defaultAbort)
                  2001495a    00000006     --HOLE-- [fill = 0]
                  20014960    00000002                  : BIOS.obj (.text:xdc_runtime_SysCallback_defaultExit)
                  20014962    00000006     --HOLE-- [fill = 0]
                  20014968    00000002                  : BIOS.obj (.text:xdc_runtime_SysCallback_defaultPutch)
                  2001496a    00000006     --HOLE-- [fill = 0]
                  20014970    00000002                  : BIOS.obj (.text:xdc_runtime_System_abortSpin__E)
                  20014972    00000006     --HOLE-- [fill = 0]
                  20014978    00000002                  : BIOS.obj (.text:xdc_runtime_System_exitSpin__E)

.bss       0    2001cc00    0000148b     UNINITIALIZED
                  2001cc00    00000400     ti_drivers_config.obj (.bss:displayUARTBuffer)
                  2001d000    00000400     ti_drivers_config.obj (.bss:dmaControlTable)
                  2001d400    000003fc     (.common:g_CB)
                  2001d7fc    0000030c     (.common:ti_sysbios_family_arm_m3_Hwi_dispatchTable)
                  2001db08    00000200     release_pem4.oem4 (.bss:taskStackSection)
                  2001dd08    0000012c     (.common:PowerCC32XX_contextSave)
                  2001de34    00000088     (.common:spiCC32XXDMAObjects)
                  2001debc    00000080     slnetsock_release.a : slnetsock.oem4 (.bss:VirtualSockets)
                  2001df3c    0000006c     (.common:uartCC32XXObjects0)
                  2001dfa8    0000002c     (.common:GlobalLockObj)
                  2001dfd4    00000028     (.common:g_SlInternalSpawnCB)
                  2001dffc    0000001c                         : slnetif.oem4 (.bss:EventsSem)
                  2001e018    0000001c                         : slnetsock.oem4 (.bss:VirtualSocketSem)
                  2001e034    00000014     drivers_cc32xx.a : UDMACC32XX.oem4 (.bss:postNotifyObj)
                  2001e048    0000000c     (.common:DeviceCB)
                  2001e054    0000000c     (.common:Msg)
                  2001e060    0000000c     (.common:displayUartObject)
                  2001e06c    00000008     (.common:spiCC32XXSDMAscratchBuf)
                  2001e074    00000008     (.common:udmaCC3220SObject)
                  2001e07c    00000004     (.common:display)
                  2001e080    00000004     (.common:mode)
                  2001e084    00000004     (.common:ti_sysbios_knl_Task_Instance_State_0_hookEnv__A)
                  2001e088    00000002     (.common:gIfID)
                  2001e08a    00000001     (.common:RxIrqCnt)

.const     0    2001e08c    00000b2c     
                  2001e08c    00000101     rtsv7M4_T_le_eabi.lib : ctype.c.obj (.const:.string:_ctypes_)
                  2001e18d    00000001     display.a : Display.oem4 (.const:Display_defaultParams)
                  2001e18e    00000002     release_pem4.oem4 (.const:ti_sysbios_family_arm_m3_Hwi_Module__id__C)
                  2001e190    00000100     driverlib.a : pin.obj (.const:g_ulPinToPadMap)
                  2001e290    000000a8                 : prcm.obj (.const:PRCM_PeriphRegsList)
                  2001e338    00000078     ti_drivers_config.obj (.const:spiCC32XXDMAHWAttrs)
                  2001e3b0    00000070     simplelink.a : driver.obj (.const:OpcodeTranslateTable)
                  2001e420    00000050                  : driver.obj (.const:_SlActionLookupTable)
                  2001e470    00000044     ti_drivers_config.obj (.const:PowerCC32XX_config)
                  2001e4b4    0000003c     release_pem4.oem4 (.const:ti_sysbios_knl_Task_Object__PARAMS__C)
                  2001e4f0    00000030     release_pem4.oem4 (.const:ti_sysbios_family_arm_m3_Hwi_Object__PARAMS__C)
                  2001e520    00000028     drivers_cc32xx.a : UARTCC32XXDMA.oem4 (.const:UARTCC32XXDMA_fxnTable)
                  2001e548    00000028     release_pem4.oem4 (.const:ti_sysbios_heaps_HeapMem_Module__FXNS__C)
                  2001e570    00000024     drivers_cc32xx.a : UART.oem4 (.const:UART_defaultParams)
                  2001e594    00000024     release_pem4.oem4 (.const:ti_sysbios_gates_GateHwi_Module__FXNS__C)
                  2001e5b8    00000024     release_pem4.oem4 (.const:ti_sysbios_gates_GateMutex_Module__FXNS__C)
                  2001e5dc    00000024     release_pem4.oem4 (.const:ti_sysbios_heaps_HeapMem_Object__PARAMS__C)
                  2001e600    00000024     release_pem4.oem4 (.const:ti_sysbios_knl_Clock_Object__PARAMS__C)
                  2001e624    00000024     release_pem4.oem4 (.const:ti_sysbios_knl_Semaphore_Object__PARAMS__C)
                  2001e648    00000024     ti_drivers_config.obj (.const:uartCC32XXHWAttrs0)
                  2001e66c    00000024     release_pem4.oem4 (.const:xdc_runtime_Startup_sfxnTab__A)
                  2001e690    00000020     display.a : DisplayUart.oem4 (.const:DisplayUartMin_fxnTable)
                  2001e6b0    00000020     simplelink.a : driver.obj (.const:RxMsgClassLUT)
                  2001e6d0    00000020     drivers_cc32xx.a : SPI.oem4 (.const:SPI_defaultParams)
                  2001e6f0    00000020     simplelink.a : device.obj (.const:StartResponseLUT)
                  2001e710    00000020     release_pem4.oem4 (.const:ti_sysbios_family_arm_m3_Hwi_Object__DESC__C)
                  2001e730    00000020     release_pem4.oem4 (.const:ti_sysbios_gates_GateHwi_Object__DESC__C)
                  2001e750    00000020     release_pem4.oem4 (.const:ti_sysbios_gates_GateMutex_Object__DESC__C)
                  2001e770    00000020     release_pem4.oem4 (.const:ti_sysbios_heaps_HeapMem_Object__DESC__C)
                  2001e790    00000020     release_pem4.oem4 (.const:ti_sysbios_knl_Clock_Object__DESC__C)
                  2001e7b0    00000020     release_pem4.oem4 (.const:ti_sysbios_knl_Queue_Object__DESC__C)
                  2001e7d0    00000020     release_pem4.oem4 (.const:ti_sysbios_knl_Semaphore_Object__DESC__C)
                  2001e7f0    00000020     release_pem4.oem4 (.const:ti_sysbios_knl_Task_Object__DESC__C)
                  2001e810    00000018     drivers_cc32xx.a : SPICC32XXDMA.oem4 (.const:SPICC32XXDMA_fxnTable)
                  2001e828    00000018     ti_drivers_config.obj (.const:SPI_config)
                  2001e840    00000018     release_pem4.oem4 (.const:ti_sysbios_gates_GateHwi_Object__PARAMS__C)
                  2001e858    00000018     release_pem4.oem4 (.const:ti_sysbios_gates_GateMutex_Object__PARAMS__C)
                  2001e870    00000018     release_pem4.oem4 (.const:ti_sysbios_knl_Queue_Object__PARAMS__C)
                  2001e888    00000018     release_pem4.oem4 (.const:ti_sysbios_knl_Task_hooks__A)
                  2001e8a0    00000015     ti_drivers_config.obj (.const)
                  2001e8b5    00000001     release_pem4.oem4 (.const:ti_sysbios_knl_Clock_tickMode__C)
                  2001e8b6    00000002     release_pem4.oem4 (.const:ti_sysbios_family_arm_m3_Timer_Module__id__C)
                  2001e8b8    00000014     simplelink.a : cc_pal.obj (.const:$P$T0$1)
                  2001e8cc    00000014                  : device.obj (.const:$P$T0$1)
                  2001e8e0    00000014                  : driver.obj (.const:$P$T0$1)
                  2001e8f4    00000014                  : fs.obj (.const:$P$T0$1)
                  2001e908    00000014                  : cc_pal.obj (.const:$P$T1$2)
                  2001e91c    00000014                  : driver.obj (.const:$P$T2$3)
                  2001e930    00000014     slnetifwifi.a : slnetifwifi.obj (.const:StartSecOptName)
[...]
20014851  sem_post                                                        
2001485b  sl_Task                                                         
20014865  xdc_runtime_Memory_HeapProxy_alloc__E                           
2001486f  xdc_runtime_Memory_HeapProxy_free__E                            
20014879  SemaphoreP_Params_init                                          
20014881  TimerGetCurrentTimestamp                                        
20014891  pthread_attr_setstacksize                                       
20014899  pthread_mutex_lock                                              
200148a9  sem_getvalue                                                    
200148b1  ti_sysbios_family_arm_m3_Hwi_doSwiRestore__I                    
200148b9  ti_sysbios_family_arm_m3_Hwi_startup__E                         
200148b9  ti_sysbios_hal_Hwi_HwiProxy_startup__E                          
200148b9  ti_sysbios_hal_Hwi_startup__E                                   
200148c9  ti_sysbios_family_arm_m3_Hwi_doTaskRestore__I                   
200148d1  HwiP_restore                                                    
200148d1  ti_sysbios_family_arm_m3_Hwi_restoreFxn__E                      
200148d1  ti_sysbios_hal_Hwi_HwiProxy_restore__E                          
200148d9  ti_sysbios_gates_GateHwi_leave__E                               
200148e1  ti_sysbios_heaps_HeapMem_isBlocking__E                          
200148e9  ti_sysbios_knl_Clock_stop__E                                    
200148f1  ti_sysbios_knl_Queue_Instance_init__E                           
200148f9  ti_sysbios_knl_Swi_startup__E                                   
20014901  xdc_runtime_System_Module_startup__E                            
20014909  __aeabi_errno_addr                                              
20014911  ti_sysbios_family_arm_m3_Timer_getMaxTicks__E                   
20014919  ti_sysbios_gates_GateHwi_query__E                               
20014919  xdc_runtime_Main_Module_GateProxy_query__E                      
20014919  xdc_runtime_System_Module_GateProxy_query__E                    
20014921  ti_sysbios_BIOS_RtsGateProxy_query__E                           
20014921  ti_sysbios_gates_GateMutex_query__E                             
20014921  ti_sysbios_heaps_HeapMem_Module_GateProxy_query__E              
20014929  ti_sysbios_knl_Clock_setTimeout__E                              
20014931  ti_sysbios_knl_Task_startup__E                                  
20014939  xdc_runtime_SysCallback_defaultReady                            
20014941  ti_sysbios_BIOS_linkedWithIncorrectBootLibrary__E               
20014949  ti_sysbios_gates_GateHwi_Instance_init__E                       
20014951  ti_sysbios_knl_Clock_logTick__E                                 
20014959  xdc_runtime_SysCallback_defaultAbort                            
20014961  xdc_runtime_SysCallback_defaultExit                             
20014969  xdc_runtime_SysCallback_defaultPutch                            
20014971  xdc_runtime_System_abortSpin__E                                 
20014979  xdc_runtime_System_exitSpin__E                                  
20014980  __primary_heap_start__                                          
2001c980  __primary_heap_end__                                            
2001d400  g_CB                                                            
2001d7fc  ti_sysbios_family_arm_m3_Hwi_dispatchTable                      
2001db08  ti_sysbios_knl_Task_Instance_State_0_stack__A                   
2001dd08  PowerCC32XX_contextSave                                         
2001de34  spiCC32XXDMAObjects                                             
2001df3c  uartCC32XXObjects0                                              
2001dfa8  GlobalLockObj                                                   
2001dfd4  g_SlInternalSpawnCB                                             
2001e048  DeviceCB                                                        
2001e054  Msg                                                             
2001e060  displayUartObject                                               
2001e06c  spiCC32XXSDMAscratchBuf                                         
2001e074  udmaCC3220SObject                                               
2001e07c  display                                                         
2001e080  mode                                                            
2001e084  ti_sysbios_knl_Task_Instance_State_0_hookEnv__A                 
2001e088  gIfID                                                           
2001e08a  RxIrqCnt                                                        
2001e08c  _ctypes_                                                        
2001e18d  Display_defaultParams                                           
2001e18e  ti_sysbios_family_arm_m3_Hwi_Module__id__C                      
2001e338  spiCC32XXDMAHWAttrs                                             
2001e3b0  OpcodeTranslateTable                                            
2001e420  _SlActionLookupTable                                            
2001e470  PowerCC32XX_config                                              
2001e4b4  ti_sysbios_knl_Task_Object__PARAMS__C                           
2001e4f0  ti_sysbios_family_arm_m3_Hwi_Object__PARAMS__C                  
2001e520  UARTCC32XXDMA_fxnTable                                          
2001e548  ti_sysbios_heaps_HeapMem_Module__FXNS__C                        
2001e570  UART_defaultParams                                              
2001e594  ti_sysbios_gates_GateHwi_Module__FXNS__C                        
2001e5b8  ti_sysbios_gates_GateMutex_Module__FXNS__C                      
2001e5dc  ti_sysbios_heaps_HeapMem_Object__PARAMS__C                      
2001e600  ti_sysbios_knl_Clock_Object__PARAMS__C                          
2001e624  ti_sysbios_knl_Semaphore_Object__PARAMS__C                      
2001e66c  xdc_runtime_Startup_sfxnTab__A                                  
2001e690  DisplayUartMin_fxnTable                                         
2001e6d0  SPI_defaultParams                                               
2001e710  ti_sysbios_family_arm_m3_Hwi_Object__DESC__C                    
2001e730  ti_sysbios_gates_GateHwi_Object__DESC__C                        
2001e750  ti_sysbios_gates_GateMutex_Object__DESC__C                      
2001e770  ti_sysbios_heaps_HeapMem_Object__DESC__C                        
2001e790  ti_sysbios_knl_Clock_Object__DESC__C                            
2001e7b0  ti_sysbios_knl_Queue_Object__DESC__C                            
2001e7d0  ti_sysbios_knl_Semaphore_Object__DESC__C                        
2001e7f0  ti_sysbios_knl_Task_Object__DESC__C                             
2001e810  SPICC32XXDMA_fxnTable                                           
2001e828  SPI_config                                                      
2001e840  ti_sysbios_gates_GateHwi_Object__PARAMS__C                      
2001e858  ti_sysbios_gates_GateMutex_Object__PARAMS__C                    
2001e870  ti_sysbios_knl_Queue_Object__PARAMS__C                          
2001e888  ti_sysbios_knl_Task_hooks__A                                    
2001e8a0  Display_count                                                   
2001e8a1  CONFIG_Crypto_0_CONST                                           
2001e8a2  CryptoCC32XX_count                                              
2001e8a3  CONFIG_GPIO_BUTTON_0_CONST                                      
2001e8a4  CONFIG_GPIO_BUTTON_1_CONST                                      
2001e8a5  CONFIG_GPIO_LED_0_CONST                                         
2001e8a6  CONFIG_GPIO_LED_1_CONST                                         
2001e8a7  CONFIG_GPIO_LED_2_CONST                                         
2001e8a8  CONFIG_GPIO_0_CONST                                             
2001e8a9  CONFIG_GPIO_2_CONST                                             
2001e8aa  CONFIG_SPI_0_CONST                                              
2001e8ab  CONFIG_NWP_SPI_CONST                                            
2001e8ac  SPI_count                                                       
2001e8ad  CONFIG_TIMER_0_CONST                                            
2001e8ae  CONFIG_TIMER_1_CONST                                            
2001e8af  CONFIG_TIMER_2_CONST                                            
2001e8b0  Timer_count                                                     
2001e8b1  CONFIG_UART_0_CONST                                             
2001e8b2  UART_count                                                      
2001e8b3  CONFIG_WATCHDOG_0_CONST                                         
2001e8b4  Watchdog_count                                                  
2001e8b5  ti_sysbios_knl_Clock_tickMode__C                                
2001e8b6  ti_sysbios_family_arm_m3_Timer_Module__id__C                    
2001e944  displayUartHWAttrs                                              
2001e96c  xdc_runtime_Startup_sfxnRts__A                                  
2001e97e  ti_sysbios_heaps_HeapMem_Module__id__C                          
2001e9cc  Display_config                                                  
2001e9d8  UART_config                                                     
2001ea08  udmaCC3220SHWAttrs                                              
2001ea14  xdc_runtime_Startup_firstFxns__A                                
2001ea20  UDMACC32XX_config                                               
2001ea48  ti_sysbios_knl_Idle_funcList__A                                 
2001ea50  ti_sysbios_knl_Idle_funcList__C                                 
2001ea58  ti_sysbios_knl_Task_hooks__C                                    
2001ea60  xdc_runtime_Startup_firstFxns__C                                
2001ea68  xdc_runtime_Startup_lastFxns__C                                 
2001eaa0  _SlNetAppSendResponseCmdCtrl                                    
2001eaa4  _SlNetAppSendTokenValueCmdCtrl                                  
2001ead4  ti_sysbios_family_arm_m3_Hwi_E_alreadyDefined__C                
2001ead8  ti_sysbios_family_arm_m3_Hwi_E_badIntNum__C                     
2001eadc  ti_sysbios_family_arm_m3_Hwi_NUM_INTERRUPTS__C                  
2001eae0  ti_sysbios_family_arm_m3_Hwi_Object__count__C                   
2001eae4  ti_sysbios_family_arm_m3_Hwi_ccr__C                             
2001eae8  ti_sysbios_family_arm_m3_Hwi_excHandlerFunc__C                  
2001eaec  ti_sysbios_family_arm_m3_Hwi_nullIsrFunc__C                     
2001eaf0  ti_sysbios_family_arm_m3_Hwi_priGroup__C                        
2001eaf4  ti_sysbios_family_arm_m3_Hwi_swiDisable__C                      
2001eaf8  ti_sysbios_family_arm_m3_Hwi_swiRestore__C                      
2001eafc  ti_sysbios_family_arm_m3_TaskSupport_stackAlignment__C          
2001eb00  ti_sysbios_family_arm_m3_Timer_E_cannotSupport__C               
2001eb04  ti_sysbios_family_arm_m3_Timer_startupNeeded__C                 
2001eb08  ti_sysbios_gates_GateMutex_Instance_State_sem__O                
2001eb0c  ti_sysbios_heaps_HeapMem_E_memory__C                            
2001eb10  ti_sysbios_heaps_HeapMem_Module__gateObj__C                     
2001eb14  ti_sysbios_heaps_HeapMem_Object__count__C                       
2001eb18  ti_sysbios_heaps_HeapMem_primaryHeapBaseAddr__C                 
2001eb1c  ti_sysbios_heaps_HeapMem_primaryHeapEndAddr__C                  
2001eb20  ti_sysbios_heaps_HeapMem_reqAlign__C                            
2001eb24  ti_sysbios_knl_Clock_Module_State_clockQ__O                     
2001eb28  ti_sysbios_knl_Clock_tickPeriod__C                              
2001eb2c  ti_sysbios_knl_Mailbox_Instance_State_dataQue__O                
2001eb30  ti_sysbios_knl_Mailbox_Instance_State_dataSem__O                
2001eb34  ti_sysbios_knl_Mailbox_Instance_State_freeQue__O                
2001eb38  ti_sysbios_knl_Mailbox_Instance_State_freeSem__O                
2001eb3c  ti_sysbios_knl_Mailbox_Object__count__C                         
2001eb40  ti_sysbios_knl_Mailbox_maxTypeAlign__C                          
2001eb44  ti_sysbios_knl_Semaphore_Instance_State_pendQ__O                
2001eb48  ti_sysbios_knl_Swi_Object__count__C                             
2001eb4c  ti_sysbios_knl_Task_Module_State_inactiveQ__O                   
2001eb50  ti_sysbios_knl_Task_Object__count__C                            
2001eb54  ti_sysbios_knl_Task_Object__heap__C                             
2001eb58  ti_sysbios_knl_Task_allBlockedFunc__C                           
2001eb5c  ti_sysbios_knl_Task_defaultStackHeap__C                         
2001eb60  ti_sysbios_knl_Task_defaultStackSize__C                         
2001eb64  ti_sysbios_knl_Task_numConstructedTasks__C                      
2001eb68  xdc_runtime_Error_E_memory__C                                   
2001eb6c  xdc_runtime_Error_policyFxn__C                                  
2001eb70  xdc_runtime_IGateProvider_Interface__BASE__C                    
2001eb74  xdc_runtime_IHeap_Interface__BASE__C                            
2001eb78  xdc_runtime_IModule_Interface__BASE__C                          
2001eb7c  xdc_runtime_Memory_defaultHeapInstance__C                       
2001eb80  xdc_runtime_Startup_execImpl__C                                 
2001eb84  xdc_runtime_Startup_maxPasses__C                                
2001eb88  xdc_runtime_Startup_sfxnRts__C                                  
2001eb8c  xdc_runtime_Startup_sfxnTab__C                                  
2001eb90  xdc_runtime_SysCallback_abortFxn__C                             
2001eb94  xdc_runtime_SysCallback_exitFxn__C                              
2001eb98  xdc_runtime_SysCallback_putchFxn__C                             
2001eb9c  xdc_runtime_SysCallback_readyFxn__C                             
2001eba0  xdc_runtime_System_Module__gateObj__C                           
2001eba4  xdc_runtime_System_abortFxn__C                                  
2001eba8  xdc_runtime_System_exitFxn__C                                   
2001ebac  xdc_runtime_System_extendFxn__C                                 
2001ebb0  xdc_runtime_System_maxAtexitHandlers__C                         
2001ebb4  xdc_runtime_Memory_Module__id__C                                
2001ebb6  ti_sysbios_knl_Clock_tickSource__C                              
2001ebb7  xdc_runtime_Error_policy__C                                     
2001ebb8  PowerCC32XX_module                                              
2001ed24  parkInfo                                                        
2001eed0  ti_sysbios_knl_Swi_Module_State_0_readyQ__A                     
2001ef50  ti_sysbios_knl_Task_Module_State_0_readyQ__A                    
2001efd0  SlNetIfConfigWifi                                               
2001f038  ti_sysbios_knl_Task_Object__table__V                            
2001f084  ti_sysbios_knl_Task_Module__state__V                            
2001f0c8  ti_sysbios_gates_GateMutex_Object__table__V                     
2001f100  ti_sysbios_family_arm_m3_Hwi_Module__state__V                   
2001f134  ti_sysbios_family_arm_m3_Timer_Object__table__V                 
2001f164  ti_sysbios_knl_Swi_Object__table__V                             
2001f194  ti_sysbios_knl_Clock_Module__state__V                           
2001f1c0  g_LibsEvents                                                    
2001f1e4  g_UserEvents                                                    
2001f208  ti_sysbios_BIOS_Module__state__V                                
2001f22c  xdc_runtime_Error_IgnoreBlock                                   
2001f24c  ti_sysbios_knl_Swi_Module__state__V                             
2001f268  g_fNetIfCB                                                      
2001f26c  g_ifId                                                          
2001f280  ti_sysbios_family_arm_m3_Hwi_Object__table__V                   
2001f298  ti_sysbios_heaps_HeapMem_Object__table__V                       
2001f2b0  ti_sysbios_family_arm_cc32xx_Seconds_Module__state__V           
2001f2c4  gGlobalLockCntRequested                                         
2001f2c5  gGlobalLockCntReleased                                          
2001f2c6  g_SlDeviceStatus                                                
2001f2c8  g_pCB                                                           
2001f2cc  pPingCallBackFunc                                               
2001f2dc  ti_sysbios_family_arm_m3_Timer_Module__state__V                 
2001f2e8  _lock                                                           
2001f2ec  _unlock                                                         
2001f2f8  udpThread                                                       
2001f2fc  spawn_thread                                                    
2001f300  ti_sysbios_family_arm_m3_Hwi_Module__root__V                    
2001f308  ti_sysbios_gates_GateHwi_Module__root__V                        
2001f310  ti_sysbios_gates_GateMutex_Module__root__V                      
2001f318  ti_sysbios_heaps_HeapMem_Module__root__V                        
2001f320  ti_sysbios_knl_Clock_Module__root__V                            
2001f328  ti_sysbios_knl_Queue_Module__root__V                            
2001f330  ti_sysbios_knl_Semaphore_Module__root__V                        
2001f338  ti_sysbios_knl_Task_Module__root__V                             
2001f340  xdc_runtime_Startup_Module__state__V                            
2001f348  xdc_runtime_System_Module_State_0_atexitHandlers__A             
2001f350  xdc_runtime_System_Module__state__V                             
2001f358  main_func_sp                                                    
2001f35c  g_intHandle                                                     
2001f360  ti_sysbios_family_arm_m3_Hwi_Module_State_0_excContext__A       
2001f364  ti_sysbios_family_arm_m3_Hwi_Module_State_0_excStack__A         
2001f368  ti_sysbios_family_arm_m3_TimestampProvider_Module__state__V     
2001f36c  ti_sysbios_gates_GateHwi_Object__table__V                       
2001f370  ti_sysbios_knl_Task_Module_State_0_idleTask__A                  
2001f374  ti_sysbios_rts_ti_ReentSupport_Module__state__V                 
2001f378  xdc_runtime_Memory_Module__state__V                             
2001f37c  ti_sysbios_family_arm_m3_Hwi_Module_State_0_excActive__A        
2001f388  __TI_static_base__                                              
2001f618  __TI_Handler_Table_Base                                         
2001f624  __TI_Handler_Table_Limit                                        
2001f638  __TI_CINIT_Base                                                 
2001f650  __TI_CINIT_Limit                                                
e000e000  ti_sysbios_family_arm_m3_Hwi_nvic                               
ffffffff  __TI_pprof_out_hndl                                             
ffffffff  __TI_prof_data_size                                             
ffffffff  __TI_prof_data_start                                            
ffffffff  __binit__                                                       
ffffffff  __c_args__                                                      
ffffffff  binit                                                           
UNDEFED   ITM_flush                                                       
UNDEFED   ITM_restore                                                     
UNDEFED   SHT$$INIT_ARRAY$$Base                                           
UNDEFED   SHT$$INIT_ARRAY$$Limit                                          

[867 symbols]
